Archive member included to satisfy reference by file (symbol)

f:/st/stm32cubeide_1.4.0/stm32cubeide/plugins/com.st.stm32cube.ide.mcu.externaltools.gnu-tools-for-stm32.7-2018-q2-update.win32_1.4.0.202007081208/tools/bin/../lib/gcc/arm-none-eabi/7.3.1/../../../../arm-none-eabi/lib/thumb/v7e-m/fpv4-sp/hard\libc_nano.a(lib_a-errno.o)
                              Src/syscalls.o (__errno)
f:/st/stm32cubeide_1.4.0/stm32cubeide/plugins/com.st.stm32cube.ide.mcu.externaltools.gnu-tools-for-stm32.7-2018-q2-update.win32_1.4.0.202007081208/tools/bin/../lib/gcc/arm-none-eabi/7.3.1/../../../../arm-none-eabi/lib/thumb/v7e-m/fpv4-sp/hard\libc_nano.a(lib_a-exit.o)
                              f:/st/stm32cubeide_1.4.0/stm32cubeide/plugins/com.st.stm32cube.ide.mcu.externaltools.gnu-tools-for-stm32.7-2018-q2-update.win32_1.4.0.202007081208/tools/bin/../lib/gcc/arm-none-eabi/7.3.1/../../../../arm-none-eabi/lib/thumb/v7e-m/fpv4-sp/hard/crt0.o (exit)
f:/st/stm32cubeide_1.4.0/stm32cubeide/plugins/com.st.stm32cube.ide.mcu.externaltools.gnu-tools-for-stm32.7-2018-q2-update.win32_1.4.0.202007081208/tools/bin/../lib/gcc/arm-none-eabi/7.3.1/../../../../arm-none-eabi/lib/thumb/v7e-m/fpv4-sp/hard\libc_nano.a(lib_a-impure.o)
                              f:/st/stm32cubeide_1.4.0/stm32cubeide/plugins/com.st.stm32cube.ide.mcu.externaltools.gnu-tools-for-stm32.7-2018-q2-update.win32_1.4.0.202007081208/tools/bin/../lib/gcc/arm-none-eabi/7.3.1/../../../../arm-none-eabi/lib/thumb/v7e-m/fpv4-sp/hard\libc_nano.a(lib_a-exit.o) (_global_impure_ptr)
f:/st/stm32cubeide_1.4.0/stm32cubeide/plugins/com.st.stm32cube.ide.mcu.externaltools.gnu-tools-for-stm32.7-2018-q2-update.win32_1.4.0.202007081208/tools/bin/../lib/gcc/arm-none-eabi/7.3.1/../../../../arm-none-eabi/lib/thumb/v7e-m/fpv4-sp/hard\libc_nano.a(lib_a-init.o)
                              f:/st/stm32cubeide_1.4.0/stm32cubeide/plugins/com.st.stm32cube.ide.mcu.externaltools.gnu-tools-for-stm32.7-2018-q2-update.win32_1.4.0.202007081208/tools/bin/../lib/gcc/arm-none-eabi/7.3.1/../../../../arm-none-eabi/lib/thumb/v7e-m/fpv4-sp/hard/crt0.o (__libc_init_array)
f:/st/stm32cubeide_1.4.0/stm32cubeide/plugins/com.st.stm32cube.ide.mcu.externaltools.gnu-tools-for-stm32.7-2018-q2-update.win32_1.4.0.202007081208/tools/bin/../lib/gcc/arm-none-eabi/7.3.1/../../../../arm-none-eabi/lib/thumb/v7e-m/fpv4-sp/hard\libc_nano.a(lib_a-memset.o)
                              f:/st/stm32cubeide_1.4.0/stm32cubeide/plugins/com.st.stm32cube.ide.mcu.externaltools.gnu-tools-for-stm32.7-2018-q2-update.win32_1.4.0.202007081208/tools/bin/../lib/gcc/arm-none-eabi/7.3.1/../../../../arm-none-eabi/lib/thumb/v7e-m/fpv4-sp/hard/crt0.o (memset)
f:/st/stm32cubeide_1.4.0/stm32cubeide/plugins/com.st.stm32cube.ide.mcu.externaltools.gnu-tools-for-stm32.7-2018-q2-update.win32_1.4.0.202007081208/tools/bin/../lib/gcc/arm-none-eabi/7.3.1/../../../../arm-none-eabi/lib/thumb/v7e-m/fpv4-sp/hard\libc_nano.a(lib_a-nano-vfprintf_float.o)
                              (_printf_float)
f:/st/stm32cubeide_1.4.0/stm32cubeide/plugins/com.st.stm32cube.ide.mcu.externaltools.gnu-tools-for-stm32.7-2018-q2-update.win32_1.4.0.202007081208/tools/bin/../lib/gcc/arm-none-eabi/7.3.1/../../../../arm-none-eabi/lib/thumb/v7e-m/fpv4-sp/hard\libc_nano.a(lib_a-nano-vfprintf_i.o)
                              f:/st/stm32cubeide_1.4.0/stm32cubeide/plugins/com.st.stm32cube.ide.mcu.externaltools.gnu-tools-for-stm32.7-2018-q2-update.win32_1.4.0.202007081208/tools/bin/../lib/gcc/arm-none-eabi/7.3.1/../../../../arm-none-eabi/lib/thumb/v7e-m/fpv4-sp/hard\libc_nano.a(lib_a-nano-vfprintf_float.o) (_printf_common)
f:/st/stm32cubeide_1.4.0/stm32cubeide/plugins/com.st.stm32cube.ide.mcu.externaltools.gnu-tools-for-stm32.7-2018-q2-update.win32_1.4.0.202007081208/tools/bin/../lib/gcc/arm-none-eabi/7.3.1/../../../../arm-none-eabi/lib/thumb/v7e-m/fpv4-sp/hard\libc_nano.a(lib_a-nano-vfscanf_float.o)
                              (_scanf_float)
f:/st/stm32cubeide_1.4.0/stm32cubeide/plugins/com.st.stm32cube.ide.mcu.externaltools.gnu-tools-for-stm32.7-2018-q2-update.win32_1.4.0.202007081208/tools/bin/../lib/gcc/arm-none-eabi/7.3.1/../../../../arm-none-eabi/lib/thumb/v7e-m/fpv4-sp/hard\libc_nano.a(lib_a-sf_nan.o)
                              f:/st/stm32cubeide_1.4.0/stm32cubeide/plugins/com.st.stm32cube.ide.mcu.externaltools.gnu-tools-for-stm32.7-2018-q2-update.win32_1.4.0.202007081208/tools/bin/../lib/gcc/arm-none-eabi/7.3.1/../../../../arm-none-eabi/lib/thumb/v7e-m/fpv4-sp/hard\libc_nano.a(lib_a-nano-vfscanf_float.o) (nanf)
f:/st/stm32cubeide_1.4.0/stm32cubeide/plugins/com.st.stm32cube.ide.mcu.externaltools.gnu-tools-for-stm32.7-2018-q2-update.win32_1.4.0.202007081208/tools/bin/../lib/gcc/arm-none-eabi/7.3.1/../../../../arm-none-eabi/lib/thumb/v7e-m/fpv4-sp/hard\libc_nano.a(lib_a-snprintf.o)
                              Src/main.o (snprintf)
[...]
Memory Configuration

Name             Origin             Length             Attributes
FLASH            0x0000000008000000 0x0000000000010000 xr
CCMRAM           0x0000000010000000 0x0000000000001000 xrw
RAM              0x0000000020000000 0x0000000000003000 xrw
*default*        0x0000000000000000 0xffffffffffffffff

Linker script and memory map

LOAD f:/st/stm32cubeide_1.4.0/stm32cubeide/plugins/com.st.stm32cube.ide.mcu.externaltools.gnu-tools-for-stm32.7-2018-q2-update.win32_1.4.0.202007081208/tools/bin/../lib/gcc/arm-none-eabi/7.3.1/thumb/v7e-m/fpv4-sp/hard/crti.o
LOAD f:/st/stm32cubeide_1.4.0/stm32cubeide/plugins/com.st.stm32cube.ide.mcu.externaltools.gnu-tools-for-stm32.7-2018-q2-update.win32_1.4.0.202007081208/tools/bin/../lib/gcc/arm-none-eabi/7.3.1/thumb/v7e-m/fpv4-sp/hard/crtbegin.o
LOAD f:/st/stm32cubeide_1.4.0/stm32cubeide/plugins/com.st.stm32cube.ide.mcu.externaltools.gnu-tools-for-stm32.7-2018-q2-update.win32_1.4.0.202007081208/tools/bin/../lib/gcc/arm-none-eabi/7.3.1/../../../../arm-none-eabi/lib/thumb/v7e-m/fpv4-sp/hard/crt0.o
LOAD Drivers/STM32F3xx_HAL_Driver/Src/stm32f3xx_ll_dma.o
LOAD Drivers/STM32F3xx_HAL_Driver/Src/stm32f3xx_ll_exti.o
LOAD Drivers/STM32F3xx_HAL_Driver/Src/stm32f3xx_ll_gpio.o
LOAD Drivers/STM32F3xx_HAL_Driver/Src/stm32f3xx_ll_i2c.o
LOAD Drivers/STM32F3xx_HAL_Driver/Src/stm32f3xx_ll_rcc.o
LOAD Drivers/STM32F3xx_HAL_Driver/Src/stm32f3xx_ll_tim.o
LOAD Drivers/STM32F3xx_HAL_Driver/Src/stm32f3xx_ll_utils.o
LOAD Src/button.o
LOAD Src/display.o
LOAD Src/gpio.o
LOAD Src/i2c.o
LOAD Src/main.o
LOAD Src/stm32f3xx_it.o
LOAD Src/syscalls.o
LOAD Src/sysmem.o
LOAD Src/system_stm32f3xx.o
LOAD Src/tim.o
LOAD Startup/startup_stm32f303k8tx.o
LOAD accelerometer/lsm6ds0.o
LOAD barometer/lps25hb.o
LOAD compass/lis3mdltr.o
LOAD humidity/hts221.o
START GROUP
LOAD f:/st/stm32cubeide_1.4.0/stm32cubeide/plugins/com.st.stm32cube.ide.mcu.externaltools.gnu-tools-for-stm32.7-2018-q2-update.win32_1.4.0.202007081208/tools/bin/../lib/gcc/arm-none-eabi/7.3.1/../../../../arm-none-eabi/lib/thumb/v7e-m/fpv4-sp/hard\libc_nano.a
LOAD f:/st/stm32cubeide_1.4.0/stm32cubeide/plugins/com.st.stm32cube.ide.mcu.externaltools.gnu-tools-for-stm32.7-2018-q2-update.win32_1.4.0.202007081208/tools/bin/../lib/gcc/arm-none-eabi/7.3.1/../../../../arm-none-eabi/lib/thumb/v7e-m/fpv4-sp/hard\libm.a
END GROUP
START GROUP
LOAD f:/st/stm32cubeide_1.4.0/stm32cubeide/plugins/com.st.stm32cube.ide.mcu.externaltools.gnu-tools-for-stm32.7-2018-q2-update.win32_1.4.0.202007081208/tools/bin/../lib/gcc/arm-none-eabi/7.3.1/thumb/v7e-m/fpv4-sp/hard\libgcc.a
LOAD f:/st/stm32cubeide_1.4.0/stm32cubeide/plugins/com.st.stm32cube.ide.mcu.externaltools.gnu-tools-for-stm32.7-2018-q2-update.win32_1.4.0.202007081208/tools/bin/../lib/gcc/arm-none-eabi/7.3.1/../../../../arm-none-eabi/lib/thumb/v7e-m/fpv4-sp/hard\libc_nano.a
END GROUP
START GROUP
LOAD f:/st/stm32cubeide_1.4.0/stm32cubeide/plugins/com.st.stm32cube.ide.mcu.externaltools.gnu-tools-for-stm32.7-2018-q2-update.win32_1.4.0.202007081208/tools/bin/../lib/gcc/arm-none-eabi/7.3.1/thumb/v7e-m/fpv4-sp/hard\libgcc.a
LOAD f:/st/stm32cubeide_1.4.0/stm32cubeide/plugins/com.st.stm32cube.ide.mcu.externaltools.gnu-tools-for-stm32.7-2018-q2-update.win32_1.4.0.202007081208/tools/bin/../lib/gcc/arm-none-eabi/7.3.1/../../../../arm-none-eabi/lib/thumb/v7e-m/fpv4-sp/hard\libc_nano.a
LOAD f:/st/stm32cubeide_1.4.0/stm32cubeide/plugins/com.st.stm32cube.ide.mcu.externaltools.gnu-tools-for-stm32.7-2018-q2-update.win32_1.4.0.202007081208/tools/bin/../lib/gcc/arm-none-eabi/7.3.1/../../../../arm-none-eabi/lib/thumb/v7e-m/fpv4-sp/hard\libnosys.a
END GROUP
START GROUP
LOAD f:/st/stm32cubeide_1.4.0/stm32cubeide/plugins/com.st.stm32cube.ide.mcu.externaltools.gnu-tools-for-stm32.7-2018-q2-update.win32_1.4.0.202007081208/tools/bin/../lib/gcc/arm-none-eabi/7.3.1/thumb/v7e-m/fpv4-sp/hard\libgcc.a
LOAD f:/st/stm32cubeide_1.4.0/stm32cubeide/plugins/com.st.stm32cube.ide.mcu.externaltools.gnu-tools-for-stm32.7-2018-q2-update.win32_1.4.0.202007081208/tools/bin/../lib/gcc/arm-none-eabi/7.3.1/../../../../arm-none-eabi/lib/thumb/v7e-m/fpv4-sp/hard\libc_nano.a
LOAD f:/st/stm32cubeide_1.4.0/stm32cubeide/plugins/com.st.stm32cube.ide.mcu.externaltools.gnu-tools-for-stm32.7-2018-q2-update.win32_1.4.0.202007081208/tools/bin/../lib/gcc/arm-none-eabi/7.3.1/../../../../arm-none-eabi/lib/thumb/v7e-m/fpv4-sp/hard\libnosys.a
END GROUP
LOAD f:/st/stm32cubeide_1.4.0/stm32cubeide/plugins/com.st.stm32cube.ide.mcu.externaltools.gnu-tools-for-stm32.7-2018-q2-update.win32_1.4.0.202007081208/tools/bin/../lib/gcc/arm-none-eabi/7.3.1/thumb/v7e-m/fpv4-sp/hard/crtend.o
LOAD f:/st/stm32cubeide_1.4.0/stm32cubeide/plugins/com.st.stm32cube.ide.mcu.externaltools.gnu-tools-for-stm32.7-2018-q2-update.win32_1.4.0.202007081208/tools/bin/../lib/gcc/arm-none-eabi/7.3.1/thumb/v7e-m/fpv4-sp/hard/crtn.o
                0x0000000020003000                _estack = 0x20003000
                0x0000000000000200                _Min_Heap_Size = 0x200
                0x0000000000000400                _Min_Stack_Size = 0x400

.isr_vector     0x0000000008000000      0x188
                0x0000000008000000                . = ALIGN (0x4)
 *(.isr_vector)
 .isr_vector    0x0000000008000000      0x188 Startup/startup_stm32f303k8tx.o
                0x0000000008000000                g_pfnVectors
                0x0000000008000188                . = ALIGN (0x4)

.text           0x0000000008000190     0x99e4
                0x0000000008000190                . = ALIGN (0x4)
 *(.text)
 .text          0x0000000008000190       0x40 f:/st/stm32cubeide_1.4.0/stm32cubeide/plugins/com.st.stm32cube.ide.mcu.externaltools.gnu-tools-for-stm32.7-2018-q2-update.win32_1.4.0.202007081208/tools/bin/../lib/gcc/arm-none-eabi/7.3.1/thumb/v7e-m/fpv4-sp/hard/crtbegin.o
 .text          0x00000000080001d0       0x10 f:/st/stm32cubeide_1.4.0/stm32cubeide/plugins/com.st.stm32cube.ide.mcu.externaltools.gnu-tools-for-stm32.7-2018-q2-update.win32_1.4.0.202007081208/tools/bin/../lib/gcc/arm-none-eabi/7.3.1/../../../../arm-none-eabi/lib/thumb/v7e-m/fpv4-sp/hard\libc_nano.a(lib_a-strlen.o)
                0x00000000080001d0                strlen
 .text          0x00000000080001e0       0xa0 f:/st/stm32cubeide_1.4.0/stm32cubeide/plugins/com.st.stm32cube.ide.mcu.externaltools.gnu-tools-for-stm32.7-2018-q2-update.win32_1.4.0.202007081208/tools/bin/../lib/gcc/arm-none-eabi/7.3.1/../../../../arm-none-eabi/lib/thumb/v7e-m/fpv4-sp/hard\libc_nano.a(lib_a-memchr.o)
                0x00000000080001e0                memchr
 .text          0x0000000008000280      0x378 f:/st/stm32cubeide_1.4.0/stm32cubeide/plugins/com.st.stm32cube.ide.mcu.externaltools.gnu-tools-for-stm32.7-2018-q2-update.win32_1.4.0.202007081208/tools/bin/../lib/gcc/arm-none-eabi/7.3.1/thumb/v7e-m/fpv4-sp/hard\libgcc.a(_arm_addsubdf3.o)
                0x0000000008000280                __aeabi_drsub
                0x0000000008000288                __aeabi_dsub
                0x0000000008000288                __subdf3
                0x000000000800028c                __aeabi_dadd
                0x000000000800028c                __adddf3
                0x0000000008000504                __floatunsidf
                0x0000000008000504                __aeabi_ui2d
                0x0000000008000524                __floatsidf
                0x0000000008000524                __aeabi_i2d
                0x0000000008000548                __aeabi_f2d
                0x0000000008000548                __extendsfdf2
                0x000000000800058c                __floatundidf
                0x000000000800058c                __aeabi_ul2d
                0x000000000800059c                __floatdidf
                0x000000000800059c                __aeabi_l2d
 .text          0x00000000080005f8      0x424 f:/st/stm32cubeide_1.4.0/stm32cubeide/plugins/com.st.stm32cube.ide.mcu.externaltools.gnu-tools-for-stm32.7-2018-q2-update.win32_1.4.0.202007081208/tools/bin/../lib/gcc/arm-none-eabi/7.3.1/thumb/v7e-m/fpv4-sp/hard\libgcc.a(_arm_muldivdf3.o)
                0x00000000080005f8                __aeabi_dmul
                0x00000000080005f8                __muldf3
                0x000000000800084c                __divdf3
                0x000000000800084c                __aeabi_ddiv
 .text          0x0000000008000a1c      0x110 f:/st/stm32cubeide_1.4.0/stm32cubeide/plugins/com.st.stm32cube.ide.mcu.externaltools.gnu-tools-for-stm32.7-2018-q2-update.win32_1.4.0.202007081208/tools/bin/../lib/gcc/arm-none-eabi/7.3.1/thumb/v7e-m/fpv4-sp/hard\libgcc.a(_arm_cmpdf2.o)
                0x0000000008000a1c                __gtdf2
                0x0000000008000a1c                __gedf2
                0x0000000008000a24                __ltdf2
                0x0000000008000a24                __ledf2
                0x0000000008000a2c                __nedf2
                0x0000000008000a2c                __eqdf2
                0x0000000008000a2c                __cmpdf2
                0x0000000008000aa8                __aeabi_cdrcmple
                0x0000000008000ab8                __aeabi_cdcmpeq
                0x0000000008000ab8                __aeabi_cdcmple
                0x0000000008000ac8                __aeabi_dcmpeq
                0x0000000008000adc                __aeabi_dcmplt
                0x0000000008000af0                __aeabi_dcmple
                0x0000000008000b04                __aeabi_dcmpge
                0x0000000008000b18                __aeabi_dcmpgt
 .text          0x0000000008000b2c       0x2c f:/st/stm32cubeide_1.4.0/stm32cubeide/plugins/com.st.stm32cube.ide.mcu.externaltools.gnu-tools-for-stm32.7-2018-q2-update.win32_1.4.0.202007081208/tools/bin/../lib/gcc/arm-none-eabi/7.3.1/thumb/v7e-m/fpv4-sp/hard\libgcc.a(_arm_unorddf2.o)
                0x0000000008000b2c                __unorddf2
                0x0000000008000b2c                __aeabi_dcmpun
 .text          0x0000000008000b58       0x50 f:/st/stm32cubeide_1.4.0/stm32cubeide/plugins/com.st.stm32cube.ide.mcu.externaltools.gnu-tools-for-stm32.7-2018-q2-update.win32_1.4.0.202007081208/tools/bin/../lib/gcc/arm-none-eabi/7.3.1/thumb/v7e-m/fpv4-sp/hard\libgcc.a(_arm_fixdfsi.o)
                0x0000000008000b58                __aeabi_d2iz
                0x0000000008000b58                __fixdfsi
 .text          0x0000000008000ba8       0x40 f:/st/stm32cubeide_1.4.0/stm32cubeide/plugins/com.st.stm32cube.ide.mcu.externaltools.gnu-tools-for-stm32.7-2018-q2-update.win32_1.4.0.202007081208/tools/bin/../lib/gcc/arm-none-eabi/7.3.1/thumb/v7e-m/fpv4-sp/hard\libgcc.a(_arm_fixunsdfsi.o)
                0x0000000008000ba8                __aeabi_d2uiz
                0x0000000008000ba8                __fixunsdfsi
 .text          0x0000000008000be8       0xa0 f:/st/stm32cubeide_1.4.0/stm32cubeide/plugins/com.st.stm32cube.ide.mcu.externaltools.gnu-tools-for-stm32.7-2018-q2-update.win32_1.4.0.202007081208/tools/bin/../lib/gcc/arm-none-eabi/7.3.1/thumb/v7e-m/fpv4-sp/hard\libgcc.a(_arm_truncdfsf2.o)
                0x0000000008000be8                __truncdfsf2
                0x0000000008000be8                __aeabi_d2f
 *(.text*)
 .text.LL_EXTI_EnableIT_0_31
                0x0000000008000c88       0x24 Drivers/STM32F3xx_HAL_Driver/Src/stm32f3xx_ll_exti.o
 .text.LL_EXTI_EnableIT_32_63
                0x0000000008000cac       0x24 Drivers/STM32F3xx_HAL_Driver/Src/stm32f3xx_ll_exti.o
 .text.LL_EXTI_DisableIT_0_31
                0x0000000008000cd0       0x28 Drivers/STM32F3xx_HAL_Driver/Src/stm32f3xx_ll_exti.o
 .text.LL_EXTI_DisableIT_32_63
                0x0000000008000cf8       0x28 Drivers/STM32F3xx_HAL_Driver/Src/stm32f3xx_ll_exti.o
 .text.LL_EXTI_EnableEvent_0_31
                0x0000000008000d20       0x24 Drivers/STM32F3xx_HAL_Driver/Src/stm32f3xx_ll_exti.o
 .text.LL_EXTI_EnableEvent_32_63
                0x0000000008000d44       0x24 Drivers/STM32F3xx_HAL_Driver/Src/stm32f3xx_ll_exti.o
 .text.LL_EXTI_DisableEvent_0_31
                0x0000000008000d68       0x28 Drivers/STM32F3xx_HAL_Driver/Src/stm32f3xx_ll_exti.o
 .text.LL_EXTI_DisableEvent_32_63
                0x0000000008000d90       0x28 Drivers/STM32F3xx_HAL_Driver/Src/stm32f3xx_ll_exti.o
 .text.LL_EXTI_EnableRisingTrig_0_31
                0x0000000008000db8       0x24 Drivers/STM32F3xx_HAL_Driver/Src/stm32f3xx_ll_exti.o
 .text.LL_EXTI_EnableRisingTrig_32_63
                0x0000000008000ddc       0x24 Drivers/STM32F3xx_HAL_Driver/Src/stm32f3xx_ll_exti.o
 .text.LL_EXTI_DisableRisingTrig_0_31
                0x0000000008000e00       0x28 Drivers/STM32F3xx_HAL_Driver/Src/stm32f3xx_ll_exti.o
 .text.LL_EXTI_DisableRisingTrig_32_63
                0x0000000008000e28       0x28 Drivers/STM32F3xx_HAL_Driver/Src/stm32f3xx_ll_exti.o
 .text.LL_EXTI_EnableFallingTrig_0_31
                0x0000000008000e50       0x24 Drivers/STM32F3xx_HAL_Driver/Src/stm32f3xx_ll_exti.o
 .text.LL_EXTI_EnableFallingTrig_32_63
                0x0000000008000e74       0x24 Drivers/STM32F3xx_HAL_Driver/Src/stm32f3xx_ll_exti.o
 .text.LL_EXTI_DisableFallingTrig_0_31
                0x0000000008000e98       0x28 Drivers/STM32F3xx_HAL_Driver/Src/stm32f3xx_ll_exti.o
 .text.LL_EXTI_DisableFallingTrig_32_63
                0x0000000008000ec0       0x28 Drivers/STM32F3xx_HAL_Driver/Src/stm32f3xx_ll_exti.o
 .text.LL_EXTI_Init
                0x0000000008000ee8      0x1d0 Drivers/STM32F3xx_HAL_Driver/Src/stm32f3xx_ll_exti.o
                0x0000000008000ee8                LL_EXTI_Init
 .text.LL_GPIO_SetPinMode
                0x00000000080010b8       0x5a Drivers/STM32F3xx_HAL_Driver/Src/stm32f3xx_ll_gpio.o
 .text.LL_GPIO_SetPinOutputType
                0x0000000008001112       0x30 Drivers/STM32F3xx_HAL_Driver/Src/stm32f3xx_ll_gpio.o
 .text.LL_GPIO_SetPinSpeed
                0x0000000008001142       0x5a Drivers/STM32F3xx_HAL_Driver/Src/stm32f3xx_ll_gpio.o
 .text.LL_GPIO_SetPinPull
                0x000000000800119c       0x5a Drivers/STM32F3xx_HAL_Driver/Src/stm32f3xx_ll_gpio.o
 .text.LL_GPIO_SetAFPin_0_7
                0x00000000080011f6       0x5a Drivers/STM32F3xx_HAL_Driver/Src/stm32f3xx_ll_gpio.o
 .text.LL_GPIO_SetAFPin_8_15
                0x0000000008001250       0x5e Drivers/STM32F3xx_HAL_Driver/Src/stm32f3xx_ll_gpio.o
 .text.LL_GPIO_Init
                0x00000000080012ae       0xf4 Drivers/STM32F3xx_HAL_Driver/Src/stm32f3xx_ll_gpio.o
                0x00000000080012ae                LL_GPIO_Init
 .text.LL_I2C_Enable
                0x00000000080013a2       0x20 Drivers/STM32F3xx_HAL_Driver/Src/stm32f3xx_ll_i2c.o
 .text.LL_I2C_Disable
                0x00000000080013c2       0x20 Drivers/STM32F3xx_HAL_Driver/Src/stm32f3xx_ll_i2c.o
 .text.LL_I2C_ConfigFilters
                0x00000000080013e2       0x2e Drivers/STM32F3xx_HAL_Driver/Src/stm32f3xx_ll_i2c.o
 .text.LL_I2C_SetOwnAddress1
                0x0000000008001410       0x30 Drivers/STM32F3xx_HAL_Driver/Src/stm32f3xx_ll_i2c.o
 .text.LL_I2C_EnableOwnAddress1
                0x0000000008001440       0x20 Drivers/STM32F3xx_HAL_Driver/Src/stm32f3xx_ll_i2c.o
 .text.LL_I2C_DisableOwnAddress1
                0x0000000008001460       0x20 Drivers/STM32F3xx_HAL_Driver/Src/stm32f3xx_ll_i2c.o
 .text.LL_I2C_SetTiming
                0x0000000008001480       0x1c Drivers/STM32F3xx_HAL_Driver/Src/stm32f3xx_ll_i2c.o
 .text.LL_I2C_SetMode
                0x000000000800149c       0x26 Drivers/STM32F3xx_HAL_Driver/Src/stm32f3xx_ll_i2c.o
 .text.LL_I2C_AcknowledgeNextData
                0x00000000080014c2       0x26 Drivers/STM32F3xx_HAL_Driver/Src/stm32f3xx_ll_i2c.o
 .text.LL_I2C_Init
                0x00000000080014e8       0x78 Drivers/STM32F3xx_HAL_Driver/Src/stm32f3xx_ll_i2c.o
                0x00000000080014e8                LL_I2C_Init
 .text.LL_TIM_SetPrescaler
                0x0000000008001560       0x1c Drivers/STM32F3xx_HAL_Driver/Src/stm32f3xx_ll_tim.o
 .text.LL_TIM_SetAutoReload
                0x000000000800157c       0x1c Drivers/STM32F3xx_HAL_Driver/Src/stm32f3xx_ll_tim.o
 .text.LL_TIM_SetRepetitionCounter
                0x0000000008001598       0x1c Drivers/STM32F3xx_HAL_Driver/Src/stm32f3xx_ll_tim.o
 .text.LL_TIM_OC_SetCompareCH1
                0x00000000080015b4       0x1c Drivers/STM32F3xx_HAL_Driver/Src/stm32f3xx_ll_tim.o
 .text.LL_TIM_OC_SetCompareCH2
                0x00000000080015d0       0x1c Drivers/STM32F3xx_HAL_Driver/Src/stm32f3xx_ll_tim.o
 .text.LL_TIM_OC_SetCompareCH3
                0x00000000080015ec       0x1c Drivers/STM32F3xx_HAL_Driver/Src/stm32f3xx_ll_tim.o
 .text.LL_TIM_OC_SetCompareCH4
                0x0000000008001608       0x1c Drivers/STM32F3xx_HAL_Driver/Src/stm32f3xx_ll_tim.o
 .text.LL_TIM_OC_SetCompareCH5
                0x0000000008001624       0x1c Drivers/STM32F3xx_HAL_Driver/Src/stm32f3xx_ll_tim.o
 .text.LL_TIM_OC_SetCompareCH6
                0x0000000008001640       0x1c Drivers/STM32F3xx_HAL_Driver/Src/stm32f3xx_ll_tim.o
 .text.LL_TIM_GenerateEvent_UPDATE
                0x000000000800165c       0x20 Drivers/STM32F3xx_HAL_Driver/Src/stm32f3xx_ll_tim.o
 .text.LL_TIM_Init
                0x000000000800167c       0xe8 Drivers/STM32F3xx_HAL_Driver/Src/stm32f3xx_ll_tim.o
                0x000000000800167c                LL_TIM_Init
 .text.LL_TIM_OC_Init
                0x0000000008001764       0x9a Drivers/STM32F3xx_HAL_Driver/Src/stm32f3xx_ll_tim.o
                0x0000000008001764                LL_TIM_OC_Init
 *fill*         0x00000000080017fe        0x2 
 .text.OC1Config
                0x0000000008001800      0x100 Drivers/STM32F3xx_HAL_Driver/Src/stm32f3xx_ll_tim.o
 .text.OC2Config
                0x0000000008001900      0x108 Drivers/STM32F3xx_HAL_Driver/Src/stm32f3xx_ll_tim.o
 .text.OC3Config
                0x0000000008001a08      0x108 Drivers/STM32F3xx_HAL_Driver/Src/stm32f3xx_ll_tim.o
 .text.OC4Config
                0x0000000008001b10       0xd8 Drivers/STM32F3xx_HAL_Driver/Src/stm32f3xx_ll_tim.o
 .text.OC5Config
                0x0000000008001be8       0xc4 Drivers/STM32F3xx_HAL_Driver/Src/stm32f3xx_ll_tim.o
 .text.OC6Config
                0x0000000008001cac       0xc4 Drivers/STM32F3xx_HAL_Driver/Src/stm32f3xx_ll_tim.o
 .text.LL_InitTick
                0x0000000008001d70       0x34 Drivers/STM32F3xx_HAL_Driver/Src/stm32f3xx_ll_utils.o
 .text.LL_Init1msTick
                0x0000000008001da4       0x1a Drivers/STM32F3xx_HAL_Driver/Src/stm32f3xx_ll_utils.o
                0x0000000008001da4                LL_Init1msTick
 *fill*         0x0000000008001dbe        0x2 
 .text.LL_mDelay
                0x0000000008001dc0       0x48 Drivers/STM32F3xx_HAL_Driver/Src/stm32f3xx_ll_utils.o
                0x0000000008001dc0                LL_mDelay
 .text.LL_SetSystemCoreClock
                0x0000000008001e08       0x20 Drivers/STM32F3xx_HAL_Driver/Src/stm32f3xx_ll_utils.o
                0x0000000008001e08                LL_SetSystemCoreClock
 .text.LL_TIM_ClearFlag_UPDATE
                0x0000000008001e28       0x1c Src/display.o
 .text.LL_TIM_IsActiveFlag_UPDATE
                0x0000000008001e44       0x26 Src/display.o
 .text.LL_GPIO_SetOutputPin
                0x0000000008001e6a       0x1c Src/display.o
 .text.LL_GPIO_ResetOutputPin
                0x0000000008001e86       0x1c Src/display.o
 *fill*         0x0000000008001ea2        0x2 
 .text.resetSegments
                0x0000000008001ea4       0x5c Src/display.o
                0x0000000008001ea4                resetSegments
 .text.setSegments
                0x0000000008001f00       0x5c Src/display.o
                0x0000000008001f00                setSegments
 .text.resetDigits
                0x0000000008001f5c       0x3a Src/display.o
                0x0000000008001f5c                resetDigits
 *fill*         0x0000000008001f96        0x2 
 .text.setDigits
                0x0000000008001f98       0x40 Src/display.o
                0x0000000008001f98                setDigits
 .text.setDecimalPoint
                0x0000000008001fd8       0x14 Src/display.o
                0x0000000008001fd8                setDecimalPoint
 .text.setOne   0x0000000008001fec       0x1e Src/display.o
                0x0000000008001fec                setOne
 *fill*         0x000000000800200a        0x2 
 .text.setTwo   0x000000000800200c       0x3c Src/display.o
                0x000000000800200c                setTwo
 .text.setThree
                0x0000000008002048       0x3c Src/display.o
                0x0000000008002048                setThree
 .text.setFour  0x0000000008002084       0x34 Src/display.o
                0x0000000008002084                setFour
 .text.setFive  0x00000000080020b8       0x3c Src/display.o
                0x00000000080020b8                setFive
 .text.setSix   0x00000000080020f4       0x48 Src/display.o
                0x00000000080020f4                setSix
 .text.setSeven
                0x000000000800213c       0x28 Src/display.o
                0x000000000800213c                setSeven
 .text.setEight
                0x0000000008002164       0x54 Src/display.o
                0x0000000008002164                setEight
 .text.setNine  0x00000000080021b8       0x40 Src/display.o
                0x00000000080021b8                setNine
 .text.setZero  0x00000000080021f8       0x4c Src/display.o
                0x00000000080021f8                setZero
 .text.setA     0x0000000008002244       0x4c Src/display.o
                0x0000000008002244                setA
 .text.seta     0x0000000008002290       0x48 Src/display.o
                0x0000000008002290                seta
 .text.setb     0x00000000080022d8       0x40 Src/display.o
                0x00000000080022d8                setb
 .text.setC     0x0000000008002318       0x34 Src/display.o
                0x0000000008002318                setC
 .text.setc     0x000000000800234c       0x28 Src/display.o
                0x000000000800234c                setc
 .text.setd     0x0000000008002374       0x40 Src/display.o
                0x0000000008002374                setd
 .text.setE     0x00000000080023b4       0x3c Src/display.o
                0x00000000080023b4                setE
 .text.setF     0x00000000080023f0       0x34 Src/display.o
                0x00000000080023f0                setF
 .text.setG     0x0000000008002424       0x40 Src/display.o
                0x0000000008002424                setG
 .text.setH     0x0000000008002464       0x40 Src/display.o
                0x0000000008002464                setH
 .text.seth     0x00000000080024a4       0x38 Src/display.o
                0x00000000080024a4                seth
 .text.setI     0x00000000080024dc       0x1e Src/display.o
                0x00000000080024dc                setI
 *fill*         0x00000000080024fa        0x2 
 .text.setJ     0x00000000080024fc       0x38 Src/display.o
                0x00000000080024fc                setJ
 .text.setL     0x0000000008002534       0x2c Src/display.o
                0x0000000008002534                setL
 .text.setn     0x0000000008002560       0x2c Src/display.o
                0x0000000008002560                setn
 .text.setO     0x000000000800258c       0x4c Src/display.o
                0x000000000800258c                setO
 .text.seto     0x00000000080025d8       0x34 Src/display.o
                0x00000000080025d8                seto
 .text.setP     0x000000000800260c       0x40 Src/display.o
                0x000000000800260c                setP
 .text.setq     0x000000000800264c       0x40 Src/display.o
                0x000000000800264c                setq
 .text.setr     0x000000000800268c       0x20 Src/display.o
                0x000000000800268c                setr
 .text.setS     0x00000000080026ac       0x3c Src/display.o
                0x00000000080026ac                setS
 .text.sett     0x00000000080026e8       0x34 Src/display.o
                0x00000000080026e8                sett
 .text.setU     0x000000000800271c       0x40 Src/display.o
                0x000000000800271c                setU
 .text.setu     0x000000000800275c       0x2c Src/display.o
                0x000000000800275c                setu
 .text.sety     0x0000000008002788       0x3c Src/display.o
                0x0000000008002788                sety
 .text.setK     0x00000000080027c4       0x40 Src/display.o
                0x00000000080027c4                setK
 .text.setM     0x0000000008002804       0x34 Src/display.o
                0x0000000008002804                setM
 .text.setV     0x0000000008002838       0x28 Src/display.o
                0x0000000008002838                setV
 .text.setW     0x0000000008002860       0x48 Src/display.o
                0x0000000008002860                setW
 .text.setX     0x00000000080028a8       0x28 Src/display.o
                0x00000000080028a8                setX
 .text.setZ     0x00000000080028d0       0x3c Src/display.o
                0x00000000080028d0                setZ
 .text.setUnderscore
                0x000000000800290c       0x14 Src/display.o
                0x000000000800290c                setUnderscore
 .text.displayNumber
                0x0000000008002920       0x50 Src/display.o
                0x0000000008002920                displayNumber
 .text.setDigit
                0x0000000008002970       0x64 Src/display.o
                0x0000000008002970                setDigit
 .text.updateDisplay
                0x00000000080029d4      0x3f8 Src/display.o
                0x00000000080029d4                updateDisplay
 .text.TIM3_IRQHandler
                0x0000000008002dcc       0x24 Src/display.o
                0x0000000008002dcc                TIM3_IRQHandler
 .text.NVIC_GetPriorityGrouping
                0x0000000008002df0       0x1c Src/gpio.o
 .text.NVIC_EnableIRQ
                0x0000000008002e0c       0x34 Src/gpio.o
 .text.NVIC_SetPriority
                0x0000000008002e40       0x54 Src/gpio.o
 .text.NVIC_EncodePriority
                0x0000000008002e94       0x66 Src/gpio.o
 *fill*         0x0000000008002efa        0x2 
 .text.LL_AHB1_GRP1_EnableClock
                0x0000000008002efc       0x30 Src/gpio.o
 .text.LL_SYSCFG_SetEXTISource
                0x0000000008002f2c       0x58 Src/gpio.o
 .text.LL_GPIO_SetPinMode
                0x0000000008002f84       0x5a Src/gpio.o
 .text.LL_GPIO_SetPinPull
                0x0000000008002fde       0x5a Src/gpio.o
 .text.LL_GPIO_ResetOutputPin
                0x0000000008003038       0x1c Src/gpio.o
 .text.MX_GPIO_Init
                0x0000000008003054       0xf4 Src/gpio.o
                0x0000000008003054                MX_GPIO_Init
 .text.NVIC_GetPriorityGrouping
                0x0000000008003148       0x1c Src/i2c.o
 .text.NVIC_EnableIRQ
                0x0000000008003164       0x34 Src/i2c.o
 .text.NVIC_SetPriority
                0x0000000008003198       0x54 Src/i2c.o
 .text.NVIC_EncodePriority
                0x00000000080031ec       0x66 Src/i2c.o
 .text.LL_I2C_Enable
                0x0000000008003252       0x20 Src/i2c.o
 .text.LL_I2C_EnableClockStretching
                0x0000000008003272       0x20 Src/i2c.o
 .text.LL_I2C_DisableGeneralCall
                0x0000000008003292       0x20 Src/i2c.o
 .text.LL_I2C_SetOwnAddress2
                0x00000000080032b2       0x30 Src/i2c.o
 .text.LL_I2C_DisableOwnAddress2
                0x00000000080032e2       0x20 Src/i2c.o
 .text.LL_I2C_EnableIT_RX
                0x0000000008003302       0x20 Src/i2c.o
 .text.LL_I2C_DisableIT_RX
                0x0000000008003322       0x20 Src/i2c.o
 .text.LL_I2C_IsActiveFlag_TXIS
                0x0000000008003342       0x26 Src/i2c.o
 .text.LL_I2C_IsActiveFlag_RXNE
                0x0000000008003368       0x26 Src/i2c.o
 .text.LL_I2C_IsActiveFlag_STOP
                0x000000000800338e       0x26 Src/i2c.o
 .text.LL_I2C_ClearFlag_STOP
                0x00000000080033b4       0x20 Src/i2c.o
 .text.LL_I2C_EnableAutoEndMode
                0x00000000080033d4       0x20 Src/i2c.o
 .text.LL_I2C_HandleTransfer
                0x00000000080033f4       0x4c Src/i2c.o
 .text.LL_I2C_ReceiveData8
                0x0000000008003440       0x1a Src/i2c.o
 .text.LL_I2C_TransmitData8
                0x000000000800345a       0x1e Src/i2c.o
 .text.LL_AHB1_GRP1_EnableClock
                0x0000000008003478       0x30 Src/i2c.o
 .text.LL_APB1_GRP1_EnableClock
                0x00000000080034a8       0x30 Src/i2c.o
 .text.MX_I2C1_Init
                0x00000000080034d8       0xe0 Src/i2c.o
                0x00000000080034d8                MX_I2C1_Init
 .text.i2c_master_write
                0x00000000080035b8       0x88 Src/i2c.o
                0x00000000080035b8                i2c_master_write
 .text.i2c_master_read
                0x0000000008003640       0xf8 Src/i2c.o
                0x0000000008003640                i2c_master_read
 .text.I2C1_EV_IRQHandler
                0x0000000008003738       0x60 Src/i2c.o
                0x0000000008003738                I2C1_EV_IRQHandler
 .text.NVIC_SetPriorityGrouping
                0x0000000008003798       0x48 Src/main.o
 .text.LL_RCC_HSI_Enable
                0x00000000080037e0       0x20 Src/main.o
 .text.LL_RCC_HSI_IsReady
                0x0000000008003800       0x24 Src/main.o
 .text.LL_RCC_HSI_SetCalibTrimming
                0x0000000008003824       0x2c Src/main.o
 .text.LL_RCC_SetSysClkSource
                0x0000000008003850       0x28 Src/main.o
 .text.LL_RCC_GetSysClkSource
                0x0000000008003878       0x1c Src/main.o
 .text.LL_RCC_SetAHBPrescaler
                0x0000000008003894       0x28 Src/main.o
 .text.LL_RCC_SetAPB1Prescaler
                0x00000000080038bc       0x28 Src/main.o
 .text.LL_RCC_SetAPB2Prescaler
                0x00000000080038e4       0x28 Src/main.o
 .text.LL_RCC_SetI2CClockSource
                0x000000000800390c       0x30 Src/main.o
 .text.LL_APB1_GRP1_EnableClock
                0x000000000800393c       0x30 Src/main.o
 .text.LL_APB2_GRP1_EnableClock
                0x000000000800396c       0x30 Src/main.o
 .text.LL_FLASH_SetLatency
                0x000000000800399c       0x28 Src/main.o
 .text.LL_FLASH_GetLatency
                0x00000000080039c4       0x1c Src/main.o
 .text.LL_SYSTICK_SetClkSource
                0x00000000080039e0       0x38 Src/main.o
 .text.main     0x0000000008003a18      0x288 Src/main.o
                0x0000000008003a18                main
 .text.SystemClock_Config
                0x0000000008003ca0       0x74 Src/main.o
                0x0000000008003ca0                SystemClock_Config
 *fill*         0x0000000008003d14        0x4 
 .text.get_azimuth
                0x0000000008003d18       0x7c Src/main.o
                0x0000000008003d18                get_azimuth
 *fill*         0x0000000008003d94        0x4 
 .text.get_altitude
                0x0000000008003d98       0xc8 Src/main.o
                0x0000000008003d98                get_altitude
 .text.Error_Handler
                0x0000000008003e60        0xe Src/main.o
                0x0000000008003e60                Error_Handler
 *fill*         0x0000000008003e6e        0x2 
 .text.LL_EXTI_IsActiveFlag_0_31
                0x0000000008003e70       0x2c Src/stm32f3xx_it.o
 .text.LL_EXTI_ClearFlag_0_31
                0x0000000008003e9c       0x20 Src/stm32f3xx_it.o
 .text.NMI_Handler
                0x0000000008003ebc        0xe Src/stm32f3xx_it.o
                0x0000000008003ebc                NMI_Handler
 .text.HardFault_Handler
                0x0000000008003eca        0x6 Src/stm32f3xx_it.o
                0x0000000008003eca                HardFault_Handler
 .text.MemManage_Handler
                0x0000000008003ed0        0x6 Src/stm32f3xx_it.o
                0x0000000008003ed0                MemManage_Handler
 .text.BusFault_Handler
                0x0000000008003ed6        0x6 Src/stm32f3xx_it.o
                0x0000000008003ed6                BusFault_Handler
 .text.UsageFault_Handler
                0x0000000008003edc        0x6 Src/stm32f3xx_it.o
                0x0000000008003edc                UsageFault_Handler
 .text.SVC_Handler
                0x0000000008003ee2        0xe Src/stm32f3xx_it.o
                0x0000000008003ee2                SVC_Handler
 .text.DebugMon_Handler
                0x0000000008003ef0        0xe Src/stm32f3xx_it.o
                0x0000000008003ef0                DebugMon_Handler
 .text.PendSV_Handler
                0x0000000008003efe        0xe Src/stm32f3xx_it.o
                0x0000000008003efe                PendSV_Handler
 .text.SysTick_Handler
                0x0000000008003f0c        0xe Src/stm32f3xx_it.o
                0x0000000008003f0c                SysTick_Handler
 *fill*         0x0000000008003f1a        0x2 
 .text.EXTI3_IRQHandler
                0x0000000008003f1c       0x58 Src/stm32f3xx_it.o
                0x0000000008003f1c                EXTI3_IRQHandler
 .text.checkButtonState
                0x0000000008003f74       0x7a Src/stm32f3xx_it.o
                0x0000000008003f74                checkButtonState
 *fill*         0x0000000008003fee        0x2 
 .text._sbrk    0x0000000008003ff0       0x58 Src/sysmem.o
                0x0000000008003ff0                _sbrk
 .text.SystemInit
                0x0000000008004048       0x94 Src/system_stm32f3xx.o
                0x0000000008004048                SystemInit
 .text.NVIC_GetPriorityGrouping
                0x00000000080040dc       0x1c Src/tim.o
 .text.NVIC_EnableIRQ
                0x00000000080040f8       0x34 Src/tim.o
 .text.NVIC_SetPriority
                0x000000000800412c       0x54 Src/tim.o
 .text.NVIC_EncodePriority
                0x0000000008004180       0x66 Src/tim.o
 *fill*         0x00000000080041e6        0x2 
 .text.LL_APB1_GRP1_EnableClock
                0x00000000080041e8       0x30 Src/tim.o
 .text.LL_TIM_EnableCounter
                0x0000000008004218       0x20 Src/tim.o
 .text.LL_TIM_EnableARRPreload
                0x0000000008004238       0x20 Src/tim.o
 .text.LL_TIM_CC_EnableChannel
                0x0000000008004258       0x22 Src/tim.o
 *fill*         0x000000000800427a        0x2 
 .text.LL_TIM_OC_DisableFast
                0x000000000800427c       0x9c Src/tim.o
 .text.LL_TIM_SetClockSource
                0x0000000008004318       0x2a Src/tim.o
 .text.LL_TIM_SetTriggerOutput
                0x0000000008004342       0x26 Src/tim.o
 .text.LL_TIM_DisableMasterSlaveMode
                0x0000000008004368       0x20 Src/tim.o
 .text.LL_TIM_EnableIT_UPDATE
                0x0000000008004388       0x20 Src/tim.o
 .text.MX_TIM3_Init
                0x00000000080043a8       0xcc Src/tim.o
                0x00000000080043a8                MX_TIM3_Init
 .text.Reset_Handler
                0x0000000008004474       0x50 Startup/startup_stm32f303k8tx.o
                0x0000000008004474                Reset_Handler
 .text.Default_Handler
                0x00000000080044c4        0x2 Startup/startup_stm32f303k8tx.o
                0x00000000080044c4                RTC_Alarm_IRQHandler
                0x00000000080044c4                TIM1_CC_IRQHandler
                0x00000000080044c4                PVD_IRQHandler
                0x00000000080044c4                TAMP_STAMP_IRQHandler
                0x00000000080044c4                EXTI0_IRQHandler
                0x00000000080044c4                FPU_IRQHandler
                0x00000000080044c4                CAN_TX_IRQHandler
                0x00000000080044c4                TIM1_UP_TIM16_IRQHandler
                0x00000000080044c4                ADC1_2_IRQHandler
                0x00000000080044c4                SPI1_IRQHandler
                0x00000000080044c4                CAN_SCE_IRQHandler
                0x00000000080044c4                DMA1_Channel4_IRQHandler
                0x00000000080044c4                USART3_IRQHandler
                0x00000000080044c4                DMA1_Channel7_IRQHandler
                0x00000000080044c4                TIM7_DAC2_IRQHandler
                0x00000000080044c4                CAN_RX1_IRQHandler
                0x00000000080044c4                DMA1_Channel6_IRQHandler
                0x00000000080044c4                RCC_IRQHandler
                0x00000000080044c4                DMA1_Channel1_IRQHandler
                0x00000000080044c4                Default_Handler
                0x00000000080044c4                EXTI15_10_IRQHandler
                0x00000000080044c4                COMP2_IRQHandler
                0x00000000080044c4                TIM6_DAC1_IRQHandler
                0x00000000080044c4                EXTI9_5_IRQHandler
                0x00000000080044c4                RTC_WKUP_IRQHandler
                0x00000000080044c4                DMA1_Channel5_IRQHandler
                0x00000000080044c4                EXTI4_IRQHandler
                0x00000000080044c4                TIM1_TRG_COM_TIM17_IRQHandler
                0x00000000080044c4                DMA1_Channel3_IRQHandler
                0x00000000080044c4                WWDG_IRQHandler
                0x00000000080044c4                TIM2_IRQHandler
                0x00000000080044c4                EXTI1_IRQHandler
                0x00000000080044c4                COMP4_6_IRQHandler
                0x00000000080044c4                USART2_IRQHandler
                0x00000000080044c4                DMA1_Channel2_IRQHandler
                0x00000000080044c4                FLASH_IRQHandler
                0x00000000080044c4                USART1_IRQHandler
                0x00000000080044c4                CAN_RX0_IRQHandler
                0x00000000080044c4                I2C1_ER_IRQHandler
                0x00000000080044c4                EXTI2_TSC_IRQHandler
                0x00000000080044c4                TIM1_BRK_TIM15_IRQHandler
 *fill*         0x00000000080044c6        0x2 
 .text.lsm6ds0_read_byte
                0x00000000080044c8       0x34 accelerometer/lsm6ds0.o
                0x00000000080044c8                lsm6ds0_read_byte
 .text.lsm6ds0_write_byte
                0x00000000080044fc       0x2c accelerometer/lsm6ds0.o
                0x00000000080044fc                lsm6ds0_write_byte
 .text.lsm6ds0_init
                0x0000000008004528       0x64 accelerometer/lsm6ds0.o
                0x0000000008004528                lsm6ds0_init
 .text.lps25hb_read_byte
                0x000000000800458c       0x34 barometer/lps25hb.o
                0x000000000800458c                lps25hb_read_byte
 .text.lps25hb_write_byte
                0x00000000080045c0       0x2c barometer/lps25hb.o
                0x00000000080045c0                lps25hb_write_byte
 .text.lps25hb_readArray
                0x00000000080045ec       0x30 barometer/lps25hb.o
                0x00000000080045ec                lps25hb_readArray
 .text.lps25hb_get_temp
                0x000000000800461c       0x34 barometer/lps25hb.o
                0x000000000800461c                lps25hb_get_temp
 .text.lps25hb_get_press
                0x0000000008004650       0x68 barometer/lps25hb.o
                0x0000000008004650                lps25hb_get_press
 .text.lps25hb_init
                0x00000000080046b8       0x64 barometer/lps25hb.o
                0x00000000080046b8                lps25hb_init
 .text.lis3mdl_read_byte
                0x000000000800471c       0x34 compass/lis3mdltr.o
                0x000000000800471c                lis3mdl_read_byte
 .text.lis3mdl_write_byte
                0x0000000008004750       0x2c compass/lis3mdltr.o
                0x0000000008004750                lis3mdl_write_byte
 .text.lis3mdl_readArray
                0x000000000800477c       0x30 compass/lis3mdltr.o
                0x000000000800477c                lis3mdl_readArray
 .text.lis3mdl_get_mag
                0x00000000080047ac       0xc4 compass/lis3mdltr.o
                0x00000000080047ac                lis3mdl_get_mag
 .text.lis3mdl_init
                0x0000000008004870       0x90 compass/lis3mdltr.o
                0x0000000008004870                lis3mdl_init
 .text.hts221_read_byte
                0x0000000008004900       0x34 humidity/hts221.o
                0x0000000008004900                hts221_read_byte
 .text.hts221_write_byte
                0x0000000008004934       0x2c humidity/hts221.o
                0x0000000008004934                hts221_write_byte
 .text.hts221_readArray
                0x0000000008004960       0x30 humidity/hts221.o
                0x0000000008004960                hts221_readArray
 .text.hts221_get_temp
                0x0000000008004990       0x34 humidity/hts221.o
                0x0000000008004990                hts221_get_temp
 .text.hts221_get_hum
                0x00000000080049c4       0x68 humidity/hts221.o
                0x00000000080049c4                hts221_get_hum
 .text.hts221_init
                0x0000000008004a2c       0x42 humidity/hts221.o
                0x0000000008004a2c                hts221_init
 *fill*         0x0000000008004a6e        0x2 
 .text.__errno  0x0000000008004a70        0xc f:/st/stm32cubeide_1.4.0/stm32cubeide/plugins/com.st.stm32cube.ide.mcu.externaltools.gnu-tools-for-stm32.7-2018-q2-update.win32_1.4.0.202007081208/tools/bin/../lib/gcc/arm-none-eabi/7.3.1/../../../../arm-none-eabi/lib/thumb/v7e-m/fpv4-sp/hard\libc_nano.a(lib_a-errno.o)
                0x0000000008004a70                __errno
 .text.__libc_init_array
                0x0000000008004a7c       0x48 f:/st/stm32cubeide_1.4.0/stm32cubeide/plugins/com.st.stm32cube.ide.mcu.externaltools.gnu-tools-for-stm32.7-2018-q2-update.win32_1.4.0.202007081208/tools/bin/../lib/gcc/arm-none-eabi/7.3.1/../../../../arm-none-eabi/lib/thumb/v7e-m/fpv4-sp/hard\libc_nano.a(lib_a-init.o)
                0x0000000008004a7c                __libc_init_array
 .text.memset   0x0000000008004ac4       0x10 f:/st/stm32cubeide_1.4.0/stm32cubeide/plugins/com.st.stm32cube.ide.mcu.externaltools.gnu-tools-for-stm32.7-2018-q2-update.win32_1.4.0.202007081208/tools/bin/../lib/gcc/arm-none-eabi/7.3.1/../../../../arm-none-eabi/lib/thumb/v7e-m/fpv4-sp/hard\libc_nano.a(lib_a-memset.o)
                0x0000000008004ac4                memset
 .text.__cvt    0x0000000008004ad4       0xc2 f:/st/stm32cubeide_1.4.0/stm32cubeide/plugins/com.st.stm32cube.ide.mcu.externaltools.gnu-tools-for-stm32.7-2018-q2-update.win32_1.4.0.202007081208/tools/bin/../lib/gcc/arm-none-eabi/7.3.1/../../../../arm-none-eabi/lib/thumb/v7e-m/fpv4-sp/hard\libc_nano.a(lib_a-nano-vfprintf_float.o)
                0x0000000008004ad4                __cvt
 .text.__exponent
                0x0000000008004b96       0x66 f:/st/stm32cubeide_1.4.0/stm32cubeide/plugins/com.st.stm32cube.ide.mcu.externaltools.gnu-tools-for-stm32.7-2018-q2-update.win32_1.4.0.202007081208/tools/bin/../lib/gcc/arm-none-eabi/7.3.1/../../../../arm-none-eabi/lib/thumb/v7e-m/fpv4-sp/hard\libc_nano.a(lib_a-nano-vfprintf_float.o)
                0x0000000008004b96                __exponent
 .text._printf_float
                0x0000000008004bfc      0x480 f:/st/stm32cubeide_1.4.0/stm32cubeide/plugins/com.st.stm32cube.ide.mcu.externaltools.gnu-tools-for-stm32.7-2018-q2-update.win32_1.4.0.202007081208/tools/bin/../lib/gcc/arm-none-eabi/7.3.1/../../../../arm-none-eabi/lib/thumb/v7e-m/fpv4-sp/hard\libc_nano.a(lib_a-nano-vfprintf_float.o)
                0x0000000008004bfc                _printf_float
 .text._printf_common
                0x000000000800507c       0xea f:/st/stm32cubeide_1.4.0/stm32cubeide/plugins/com.st.stm32cube.ide.mcu.externaltools.gnu-tools-for-stm32.7-2018-q2-update.win32_1.4.0.202007081208/tools/bin/../lib/gcc/arm-none-eabi/7.3.1/../../../../arm-none-eabi/lib/thumb/v7e-m/fpv4-sp/hard\libc_nano.a(lib_a-nano-vfprintf_i.o)
                0x000000000800507c                _printf_common
 *fill*         0x0000000008005166        0x2 
 .text._printf_i
                0x0000000008005168      0x224 f:/st/stm32cubeide_1.4.0/stm32cubeide/plugins/com.st.stm32cube.ide.mcu.externaltools.gnu-tools-for-stm32.7-2018-q2-update.win32_1.4.0.202007081208/tools/bin/../lib/gcc/arm-none-eabi/7.3.1/../../../../arm-none-eabi/lib/thumb/v7e-m/fpv4-sp/hard\libc_nano.a(lib_a-nano-vfprintf_i.o)
                0x0000000008005168                _printf_i
 .text._scanf_float
                0x000000000800538c      0x3c4 f:/st/stm32cubeide_1.4.0/stm32cubeide/plugins/com.st.stm32cube.ide.mcu.externaltools.gnu-tools-for-stm32.7-2018-q2-update.win32_1.4.0.202007081208/tools/bin/../lib/gcc/arm-none-eabi/7.3.1/../../../../arm-none-eabi/lib/thumb/v7e-m/fpv4-sp/hard\libc_nano.a(lib_a-nano-vfscanf_float.o)
                0x000000000800538c                _scanf_float
 .text.nanf     0x0000000008005750        0xc f:/st/stm32cubeide_1.4.0/stm32cubeide/plugins/com.st.stm32cube.ide.mcu.externaltools.gnu-tools-for-stm32.7-2018-q2-update.win32_1.4.0.202007081208/tools/bin/../lib/gcc/arm-none-eabi/7.3.1/../../../../arm-none-eabi/lib/thumb/v7e-m/fpv4-sp/hard\libc_nano.a(lib_a-sf_nan.o)
                0x0000000008005750                nanf
 .text.snprintf
                0x000000000800575c       0x68 f:/st/stm32cubeide_1.4.0/stm32cubeide/plugins/com.st.stm32cube.ide.mcu.externaltools.gnu-tools-for-stm32.7-2018-q2-update.win32_1.4.0.202007081208/tools/bin/../lib/gcc/arm-none-eabi/7.3.1/../../../../arm-none-eabi/lib/thumb/v7e-m/fpv4-sp/hard\libc_nano.a(lib_a-snprintf.o)
                0x000000000800575c                sniprintf
                0x000000000800575c                snprintf
 .text.sprintf  0x00000000080057c4       0x40 f:/st/stm32cubeide_1.4.0/stm32cubeide/plugins/com.st.stm32cube.ide.mcu.externaltools.gnu-tools-for-stm32.7-2018-q2-update.win32_1.4.0.202007081208/tools/bin/../lib/gcc/arm-none-eabi/7.3.1/../../../../arm-none-eabi/lib/thumb/v7e-m/fpv4-sp/hard\libc_nano.a(lib_a-sprintf.o)
                0x00000000080057c4                siprintf
                0x00000000080057c4                sprintf
 .text.unlikely.sulp
                0x0000000008005804       0x38 f:/st/stm32cubeide_1.4.0/stm32cubeide/plugins/com.st.stm32cube.ide.mcu.externaltools.gnu-tools-for-stm32.7-2018-q2-update.win32_1.4.0.202007081208/tools/bin/../lib/gcc/arm-none-eabi/7.3.1/../../../../arm-none-eabi/lib/thumb/v7e-m/fpv4-sp/hard\libc_nano.a(lib_a-strtod.o)
 *fill*         0x000000000800583c        0x4 
 .text._strtod_l
                0x0000000008005840      0xbe8 f:/st/stm32cubeide_1.4.0/stm32cubeide/plugins/com.st.stm32cube.ide.mcu.externaltools.gnu-tools-for-stm32.7-2018-q2-update.win32_1.4.0.202007081208/tools/bin/../lib/gcc/arm-none-eabi/7.3.1/../../../../arm-none-eabi/lib/thumb/v7e-m/fpv4-sp/hard\libc_nano.a(lib_a-strtod.o)
                0x0000000008005840                _strtod_l
 .text._strtod_r
                0x0000000008006428       0x20 f:/st/stm32cubeide_1.4.0/stm32cubeide/plugins/com.st.stm32cube.ide.mcu.externaltools.gnu-tools-for-stm32.7-2018-q2-update.win32_1.4.0.202007081208/tools/bin/../lib/gcc/arm-none-eabi/7.3.1/../../../../arm-none-eabi/lib/thumb/v7e-m/fpv4-sp/hard\libc_nano.a(lib_a-strtod.o)
                0x0000000008006428                _strtod_r
 .text._strtol_l.isra.0
                0x0000000008006448       0xf6 f:/st/stm32cubeide_1.4.0/stm32cubeide/plugins/com.st.stm32cube.ide.mcu.externaltools.gnu-tools-for-stm32.7-2018-q2-update.win32_1.4.0.202007081208/tools/bin/../lib/gcc/arm-none-eabi/7.3.1/../../../../arm-none-eabi/lib/thumb/v7e-m/fpv4-sp/hard\libc_nano.a(lib_a-strtol.o)
 *fill*         0x000000000800653e        0x2 
 .text._strtol_r
                0x0000000008006540       0x24 f:/st/stm32cubeide_1.4.0/stm32cubeide/plugins/com.st.stm32cube.ide.mcu.externaltools.gnu-tools-for-stm32.7-2018-q2-update.win32_1.4.0.202007081208/tools/bin/../lib/gcc/arm-none-eabi/7.3.1/../../../../arm-none-eabi/lib/thumb/v7e-m/fpv4-sp/hard\libc_nano.a(lib_a-strtol.o)
                0x0000000008006540                _strtol_r
 .text.quorem   0x0000000008006564      0x118 f:/st/stm32cubeide_1.4.0/stm32cubeide/plugins/com.st.stm32cube.ide.mcu.externaltools.gnu-tools-for-stm32.7-2018-q2-update.win32_1.4.0.202007081208/tools/bin/../lib/gcc/arm-none-eabi/7.3.1/../../../../arm-none-eabi/lib/thumb/v7e-m/fpv4-sp/hard\libc_nano.a(lib_a-dtoa.o)
 *fill*         0x000000000800667c        0x4 
 .text._dtoa_r  0x0000000008006680      0xb70 f:/st/stm32cubeide_1.4.0/stm32cubeide/plugins/com.st.stm32cube.ide.mcu.externaltools.gnu-tools-for-stm32.7-2018-q2-update.win32_1.4.0.202007081208/tools/bin/../lib/gcc/arm-none-eabi/7.3.1/../../../../arm-none-eabi/lib/thumb/v7e-m/fpv4-sp/hard\libc_nano.a(lib_a-dtoa.o)
                0x0000000008006680                _dtoa_r
 .text.rshift   0x00000000080071f0       0x74 f:/st/stm32cubeide_1.4.0/stm32cubeide/plugins/com.st.stm32cube.ide.mcu.externaltools.gnu-tools-for-stm32.7-2018-q2-update.win32_1.4.0.202007081208/tools/bin/../lib/gcc/arm-none-eabi/7.3.1/../../../../arm-none-eabi/lib/thumb/v7e-m/fpv4-sp/hard\libc_nano.a(lib_a-gdtoa-gethex.o)
 .text.__hexdig_fun
                0x0000000008007264       0x2a f:/st/stm32cubeide_1.4.0/stm32cubeide/plugins/com.st.stm32cube.ide.mcu.externaltools.gnu-tools-for-stm32.7-2018-q2-update.win32_1.4.0.202007081208/tools/bin/../lib/gcc/arm-none-eabi/7.3.1/../../../../arm-none-eabi/lib/thumb/v7e-m/fpv4-sp/hard\libc_nano.a(lib_a-gdtoa-gethex.o)
                0x0000000008007264                __hexdig_fun
 .text.__gethex
                0x000000000800728e      0x442 f:/st/stm32cubeide_1.4.0/stm32cubeide/plugins/com.st.stm32cube.ide.mcu.externaltools.gnu-tools-for-stm32.7-2018-q2-update.win32_1.4.0.202007081208/tools/bin/../lib/gcc/arm-none-eabi/7.3.1/../../../../arm-none-eabi/lib/thumb/v7e-m/fpv4-sp/hard\libc_nano.a(lib_a-gdtoa-gethex.o)
                0x000000000800728e                __gethex
 .text.L_shift  0x00000000080076d0       0x24 f:/st/stm32cubeide_1.4.0/stm32cubeide/plugins/com.st.stm32cube.ide.mcu.externaltools.gnu-tools-for-stm32.7-2018-q2-update.win32_1.4.0.202007081208/tools/bin/../lib/gcc/arm-none-eabi/7.3.1/../../../../arm-none-eabi/lib/thumb/v7e-m/fpv4-sp/hard\libc_nano.a(lib_a-gdtoa-hexnan.o)
 .text.__match  0x00000000080076f4       0x28 f:/st/stm32cubeide_1.4.0/stm32cubeide/plugins/com.st.stm32cube.ide.mcu.externaltools.gnu-tools-for-stm32.7-2018-q2-update.win32_1.4.0.202007081208/tools/bin/../lib/gcc/arm-none-eabi/7.3.1/../../../../arm-none-eabi/lib/thumb/v7e-m/fpv4-sp/hard\libc_nano.a(lib_a-gdtoa-hexnan.o)
                0x00000000080076f4                __match
 .text.__hexnan
                0x000000000800771c      0x120 f:/st/stm32cubeide_1.4.0/stm32cubeide/plugins/com.st.stm32cube.ide.mcu.externaltools.gnu-tools-for-stm32.7-2018-q2-update.win32_1.4.0.202007081208/tools/bin/../lib/gcc/arm-none-eabi/7.3.1/../../../../arm-none-eabi/lib/thumb/v7e-m/fpv4-sp/hard\libc_nano.a(lib_a-gdtoa-hexnan.o)
                0x000000000800771c                __hexnan
 .text.__locale_ctype_ptr_l
                0x000000000800783c        0x6 f:/st/stm32cubeide_1.4.0/stm32cubeide/plugins/com.st.stm32cube.ide.mcu.externaltools.gnu-tools-for-stm32.7-2018-q2-update.win32_1.4.0.202007081208/tools/bin/../lib/gcc/arm-none-eabi/7.3.1/../../../../arm-none-eabi/lib/thumb/v7e-m/fpv4-sp/hard\libc_nano.a(lib_a-locale.o)
                0x000000000800783c                __locale_ctype_ptr_l
 .text.__localeconv_l
                0x0000000008007842        0x4 f:/st/stm32cubeide_1.4.0/stm32cubeide/plugins/com.st.stm32cube.ide.mcu.externaltools.gnu-tools-for-stm32.7-2018-q2-update.win32_1.4.0.202007081208/tools/bin/../lib/gcc/arm-none-eabi/7.3.1/../../../../arm-none-eabi/lib/thumb/v7e-m/fpv4-sp/hard\libc_nano.a(lib_a-localeconv.o)
                0x0000000008007842                __localeconv_l
 *fill*         0x0000000008007846        0x2 
 .text._localeconv_r
                0x0000000008007848       0x1c f:/st/stm32cubeide_1.4.0/stm32cubeide/plugins/com.st.stm32cube.ide.mcu.externaltools.gnu-tools-for-stm32.7-2018-q2-update.win32_1.4.0.202007081208/tools/bin/../lib/gcc/arm-none-eabi/7.3.1/../../../../arm-none-eabi/lib/thumb/v7e-m/fpv4-sp/hard\libc_nano.a(lib_a-localeconv.o)
                0x0000000008007848                _localeconv_r
 .text.malloc   0x0000000008007864       0x10 f:/st/stm32cubeide_1.4.0/stm32cubeide/plugins/com.st.stm32cube.ide.mcu.externaltools.gnu-tools-for-stm32.7-2018-q2-update.win32_1.4.0.202007081208/tools/bin/../lib/gcc/arm-none-eabi/7.3.1/../../../../arm-none-eabi/lib/thumb/v7e-m/fpv4-sp/hard\libc_nano.a(lib_a-malloc.o)
                0x0000000008007864                malloc
 .text.__ascii_mbtowc
                0x0000000008007874       0x24 f:/st/stm32cubeide_1.4.0/stm32cubeide/plugins/com.st.stm32cube.ide.mcu.externaltools.gnu-tools-for-stm32.7-2018-q2-update.win32_1.4.0.202007081208/tools/bin/../lib/gcc/arm-none-eabi/7.3.1/../../../../arm-none-eabi/lib/thumb/v7e-m/fpv4-sp/hard\libc_nano.a(lib_a-mbtowc_r.o)
                0x0000000008007874                __ascii_mbtowc
 .text.memcpy   0x0000000008007898       0x16 f:/st/stm32cubeide_1.4.0/stm32cubeide/plugins/com.st.stm32cube.ide.mcu.externaltools.gnu-tools-for-stm32.7-2018-q2-update.win32_1.4.0.202007081208/tools/bin/../lib/gcc/arm-none-eabi/7.3.1/../../../../arm-none-eabi/lib/thumb/v7e-m/fpv4-sp/hard\libc_nano.a(lib_a-memcpy-stub.o)
                0x0000000008007898                memcpy
 .text._Balloc  0x00000000080078ae       0x68 f:/st/stm32cubeide_1.4.0/stm32cubeide/plugins/com.st.stm32cube.ide.mcu.externaltools.gnu-tools-for-stm32.7-2018-q2-update.win32_1.4.0.202007081208/tools/bin/../lib/gcc/arm-none-eabi/7.3.1/../../../../arm-none-eabi/lib/thumb/v7e-m/fpv4-sp/hard\libc_nano.a(lib_a-mprec.o)
                0x00000000080078ae                _Balloc
 .text._Bfree   0x0000000008007916       0x2e f:/st/stm32cubeide_1.4.0/stm32cubeide/plugins/com.st.stm32cube.ide.mcu.externaltools.gnu-tools-for-stm32.7-2018-q2-update.win32_1.4.0.202007081208/tools/bin/../lib/gcc/arm-none-eabi/7.3.1/../../../../arm-none-eabi/lib/thumb/v7e-m/fpv4-sp/hard\libc_nano.a(lib_a-mprec.o)
                0x0000000008007916                _Bfree
 .text.__multadd
                0x0000000008007944       0x76 f:/st/stm32cubeide_1.4.0/stm32cubeide/plugins/com.st.stm32cube.ide.mcu.externaltools.gnu-tools-for-stm32.7-2018-q2-update.win32_1.4.0.202007081208/tools/bin/../lib/gcc/arm-none-eabi/7.3.1/../../../../arm-none-eabi/lib/thumb/v7e-m/fpv4-sp/hard\libc_nano.a(lib_a-mprec.o)
                0x0000000008007944                __multadd
 .text.__s2b    0x00000000080079ba       0x7c f:/st/stm32cubeide_1.4.0/stm32cubeide/plugins/com.st.stm32cube.ide.mcu.externaltools.gnu-tools-for-stm32.7-2018-q2-update.win32_1.4.0.202007081208/tools/bin/../lib/gcc/arm-none-eabi/7.3.1/../../../../arm-none-eabi/lib/thumb/v7e-m/fpv4-sp/hard\libc_nano.a(lib_a-mprec.o)
                0x00000000080079ba                __s2b
 .text.__hi0bits
                0x0000000008007a36       0x3e f:/st/stm32cubeide_1.4.0/stm32cubeide/plugins/com.st.stm32cube.ide.mcu.externaltools.gnu-tools-for-stm32.7-2018-q2-update.win32_1.4.0.202007081208/tools/bin/../lib/gcc/arm-none-eabi/7.3.1/../../../../arm-none-eabi/lib/thumb/v7e-m/fpv4-sp/hard\libc_nano.a(lib_a-mprec.o)
                0x0000000008007a36                __hi0bits
 .text.__lo0bits
                0x0000000008007a74       0x5e f:/st/stm32cubeide_1.4.0/stm32cubeide/plugins/com.st.stm32cube.ide.mcu.externaltools.gnu-tools-for-stm32.7-2018-q2-update.win32_1.4.0.202007081208/tools/bin/../lib/gcc/arm-none-eabi/7.3.1/../../../../arm-none-eabi/lib/thumb/v7e-m/fpv4-sp/hard\libc_nano.a(lib_a-mprec.o)
                0x0000000008007a74                __lo0bits
 .text.__i2b    0x0000000008007ad2       0x12 f:/st/stm32cubeide_1.4.0/stm32cubeide/plugins/com.st.stm32cube.ide.mcu.externaltools.gnu-tools-for-stm32.7-2018-q2-update.win32_1.4.0.202007081208/tools/bin/../lib/gcc/arm-none-eabi/7.3.1/../../../../arm-none-eabi/lib/thumb/v7e-m/fpv4-sp/hard\libc_nano.a(lib_a-mprec.o)
                0x0000000008007ad2                __i2b
 .text.__multiply
                0x0000000008007ae4      0x12c f:/st/stm32cubeide_1.4.0/stm32cubeide/plugins/com.st.stm32cube.ide.mcu.externaltools.gnu-tools-for-stm32.7-2018-q2-update.win32_1.4.0.202007081208/tools/bin/../lib/gcc/arm-none-eabi/7.3.1/../../../../arm-none-eabi/lib/thumb/v7e-m/fpv4-sp/hard\libc_nano.a(lib_a-mprec.o)
                0x0000000008007ae4                __multiply
 .text.__pow5mult
                0x0000000008007c10       0x9c f:/st/stm32cubeide_1.4.0/stm32cubeide/plugins/com.st.stm32cube.ide.mcu.externaltools.gnu-tools-for-stm32.7-2018-q2-update.win32_1.4.0.202007081208/tools/bin/../lib/gcc/arm-none-eabi/7.3.1/../../../../arm-none-eabi/lib/thumb/v7e-m/fpv4-sp/hard\libc_nano.a(lib_a-mprec.o)
                0x0000000008007c10                __pow5mult
 .text.__lshift
                0x0000000008007cac       0xa8 f:/st/stm32cubeide_1.4.0/stm32cubeide/plugins/com.st.stm32cube.ide.mcu.externaltools.gnu-tools-for-stm32.7-2018-q2-update.win32_1.4.0.202007081208/tools/bin/../lib/gcc/arm-none-eabi/7.3.1/../../../../arm-none-eabi/lib/thumb/v7e-m/fpv4-sp/hard\libc_nano.a(lib_a-mprec.o)
                0x0000000008007cac                __lshift
 .text.__mcmp   0x0000000008007d54       0x34 f:/st/stm32cubeide_1.4.0/stm32cubeide/plugins/com.st.stm32cube.ide.mcu.externaltools.gnu-tools-for-stm32.7-2018-q2-update.win32_1.4.0.202007081208/tools/bin/../lib/gcc/arm-none-eabi/7.3.1/../../../../arm-none-eabi/lib/thumb/v7e-m/fpv4-sp/hard\libc_nano.a(lib_a-mprec.o)
                0x0000000008007d54                __mcmp
 .text.__mdiff  0x0000000008007d88       0xba f:/st/stm32cubeide_1.4.0/stm32cubeide/plugins/com.st.stm32cube.ide.mcu.externaltools.gnu-tools-for-stm32.7-2018-q2-update.win32_1.4.0.202007081208/tools/bin/../lib/gcc/arm-none-eabi/7.3.1/../../../../arm-none-eabi/lib/thumb/v7e-m/fpv4-sp/hard\libc_nano.a(lib_a-mprec.o)
                0x0000000008007d88                __mdiff
 *fill*         0x0000000008007e42        0x2 
 .text.__ulp    0x0000000008007e44       0x50 f:/st/stm32cubeide_1.4.0/stm32cubeide/plugins/com.st.stm32cube.ide.mcu.externaltools.gnu-tools-for-stm32.7-2018-q2-update.win32_1.4.0.202007081208/tools/bin/../lib/gcc/arm-none-eabi/7.3.1/../../../../arm-none-eabi/lib/thumb/v7e-m/fpv4-sp/hard\libc_nano.a(lib_a-mprec.o)
                0x0000000008007e44                __ulp
 .text.__b2d    0x0000000008007e94       0x9c f:/st/stm32cubeide_1.4.0/stm32cubeide/plugins/com.st.stm32cube.ide.mcu.externaltools.gnu-tools-for-stm32.7-2018-q2-update.win32_1.4.0.202007081208/tools/bin/../lib/gcc/arm-none-eabi/7.3.1/../../../../arm-none-eabi/lib/thumb/v7e-m/fpv4-sp/hard\libc_nano.a(lib_a-mprec.o)
                0x0000000008007e94                __b2d
 .text.__d2b    0x0000000008007f30       0x9e f:/st/stm32cubeide_1.4.0/stm32cubeide/plugins/com.st.stm32cube.ide.mcu.externaltools.gnu-tools-for-stm32.7-2018-q2-update.win32_1.4.0.202007081208/tools/bin/../lib/gcc/arm-none-eabi/7.3.1/../../../../arm-none-eabi/lib/thumb/v7e-m/fpv4-sp/hard\libc_nano.a(lib_a-mprec.o)
                0x0000000008007f30                __d2b
 .text.__ratio  0x0000000008007fce       0x66 f:/st/stm32cubeide_1.4.0/stm32cubeide/plugins/com.st.stm32cube.ide.mcu.externaltools.gnu-tools-for-stm32.7-2018-q2-update.win32_1.4.0.202007081208/tools/bin/../lib/gcc/arm-none-eabi/7.3.1/../../../../arm-none-eabi/lib/thumb/v7e-m/fpv4-sp/hard\libc_nano.a(lib_a-mprec.o)
                0x0000000008007fce                __ratio
 .text.__copybits
                0x0000000008008034       0x34 f:/st/stm32cubeide_1.4.0/stm32cubeide/plugins/com.st.stm32cube.ide.mcu.externaltools.gnu-tools-for-stm32.7-2018-q2-update.win32_1.4.0.202007081208/tools/bin/../lib/gcc/arm-none-eabi/7.3.1/../../../../arm-none-eabi/lib/thumb/v7e-m/fpv4-sp/hard\libc_nano.a(lib_a-mprec.o)
                0x0000000008008034                __copybits
 .text.__any_on
                0x0000000008008068       0x42 f:/st/stm32cubeide_1.4.0/stm32cubeide/plugins/com.st.stm32cube.ide.mcu.externaltools.gnu-tools-for-stm32.7-2018-q2-update.win32_1.4.0.202007081208/tools/bin/../lib/gcc/arm-none-eabi/7.3.1/../../../../arm-none-eabi/lib/thumb/v7e-m/fpv4-sp/hard\libc_nano.a(lib_a-mprec.o)
                0x0000000008008068                __any_on
 .text._calloc_r
                0x00000000080080aa       0x1c f:/st/stm32cubeide_1.4.0/stm32cubeide/plugins/com.st.stm32cube.ide.mcu.externaltools.gnu-tools-for-stm32.7-2018-q2-update.win32_1.4.0.202007081208/tools/bin/../lib/gcc/arm-none-eabi/7.3.1/../../../../arm-none-eabi/lib/thumb/v7e-m/fpv4-sp/hard\libc_nano.a(lib_a-nano-callocr.o)
                0x00000000080080aa                _calloc_r
 *fill*         0x00000000080080c6        0x2 
 .text._free_r  0x00000000080080c8       0x9c f:/st/stm32cubeide_1.4.0/stm32cubeide/plugins/com.st.stm32cube.ide.mcu.externaltools.gnu-tools-for-stm32.7-2018-q2-update.win32_1.4.0.202007081208/tools/bin/../lib/gcc/arm-none-eabi/7.3.1/../../../../arm-none-eabi/lib/thumb/v7e-m/fpv4-sp/hard\libc_nano.a(lib_a-nano-freer.o)
                0x00000000080080c8                _free_r
 .text._malloc_r
                0x0000000008008164       0xb4 f:/st/stm32cubeide_1.4.0/stm32cubeide/plugins/com.st.stm32cube.ide.mcu.externaltools.gnu-tools-for-stm32.7-2018-q2-update.win32_1.4.0.202007081208/tools/bin/../lib/gcc/arm-none-eabi/7.3.1/../../../../arm-none-eabi/lib/thumb/v7e-m/fpv4-sp/hard\libc_nano.a(lib_a-nano-mallocr.o)
                0x0000000008008164                _malloc_r
 .text.__ssputs_r
                0x0000000008008218       0xb4 f:/st/stm32cubeide_1.4.0/stm32cubeide/plugins/com.st.stm32cube.ide.mcu.externaltools.gnu-tools-for-stm32.7-2018-q2-update.win32_1.4.0.202007081208/tools/bin/../lib/gcc/arm-none-eabi/7.3.1/../../../../arm-none-eabi/lib/thumb/v7e-m/fpv4-sp/hard\libc_nano.a(lib_a-nano-svfprintf.o)
                0x0000000008008218                __ssputs_r
 .text._svfprintf_r
                0x00000000080082cc      0x1f0 f:/st/stm32cubeide_1.4.0/stm32cubeide/plugins/com.st.stm32cube.ide.mcu.externaltools.gnu-tools-for-stm32.7-2018-q2-update.win32_1.4.0.202007081208/tools/bin/../lib/gcc/arm-none-eabi/7.3.1/../../../../arm-none-eabi/lib/thumb/v7e-m/fpv4-sp/hard\libc_nano.a(lib_a-nano-svfprintf.o)
                0x00000000080082cc                _svfiprintf_r
                0x00000000080082cc                _svfprintf_r
 .text._sbrk_r  0x00000000080084bc       0x20 f:/st/stm32cubeide_1.4.0/stm32cubeide/plugins/com.st.stm32cube.ide.mcu.externaltools.gnu-tools-for-stm32.7-2018-q2-update.win32_1.4.0.202007081208/tools/bin/../lib/gcc/arm-none-eabi/7.3.1/../../../../arm-none-eabi/lib/thumb/v7e-m/fpv4-sp/hard\libc_nano.a(lib_a-sbrkr.o)
                0x00000000080084bc                _sbrk_r
 .text.strncmp  0x00000000080084dc       0x24 f:/st/stm32cubeide_1.4.0/stm32cubeide/plugins/com.st.stm32cube.ide.mcu.externaltools.gnu-tools-for-stm32.7-2018-q2-update.win32_1.4.0.202007081208/tools/bin/../lib/gcc/arm-none-eabi/7.3.1/../../../../arm-none-eabi/lib/thumb/v7e-m/fpv4-sp/hard\libc_nano.a(lib_a-strncmp.o)
                0x00000000080084dc                strncmp
 .text.__ascii_wctomb
                0x0000000008008500       0x1a f:/st/stm32cubeide_1.4.0/stm32cubeide/plugins/com.st.stm32cube.ide.mcu.externaltools.gnu-tools-for-stm32.7-2018-q2-update.win32_1.4.0.202007081208/tools/bin/../lib/gcc/arm-none-eabi/7.3.1/../../../../arm-none-eabi/lib/thumb/v7e-m/fpv4-sp/hard\libc_nano.a(lib_a-wctomb_r.o)
                0x0000000008008500                __ascii_wctomb
 .text.memmove  0x000000000800851a       0x32 f:/st/stm32cubeide_1.4.0/stm32cubeide/plugins/com.st.stm32cube.ide.mcu.externaltools.gnu-tools-for-stm32.7-2018-q2-update.win32_1.4.0.202007081208/tools/bin/../lib/gcc/arm-none-eabi/7.3.1/../../../../arm-none-eabi/lib/thumb/v7e-m/fpv4-sp/hard\libc_nano.a(lib_a-memmove.o)
                0x000000000800851a                memmove
 .text.__malloc_lock
                0x000000000800854c        0x2 f:/st/stm32cubeide_1.4.0/stm32cubeide/plugins/com.st.stm32cube.ide.mcu.externaltools.gnu-tools-for-stm32.7-2018-q2-update.win32_1.4.0.202007081208/tools/bin/../lib/gcc/arm-none-eabi/7.3.1/../../../../arm-none-eabi/lib/thumb/v7e-m/fpv4-sp/hard\libc_nano.a(lib_a-mlock.o)
                0x000000000800854c                __malloc_lock
 .text.__malloc_unlock
                0x000000000800854e        0x2 f:/st/stm32cubeide_1.4.0/stm32cubeide/plugins/com.st.stm32cube.ide.mcu.externaltools.gnu-tools-for-stm32.7-2018-q2-update.win32_1.4.0.202007081208/tools/bin/../lib/gcc/arm-none-eabi/7.3.1/../../../../arm-none-eabi/lib/thumb/v7e-m/fpv4-sp/hard\libc_nano.a(lib_a-mlock.o)
                0x000000000800854e                __malloc_unlock
 .text._realloc_r
                0x0000000008008550       0x4c f:/st/stm32cubeide_1.4.0/stm32cubeide/plugins/com.st.stm32cube.ide.mcu.externaltools.gnu-tools-for-stm32.7-2018-q2-update.win32_1.4.0.202007081208/tools/bin/../lib/gcc/arm-none-eabi/7.3.1/../../../../arm-none-eabi/lib/thumb/v7e-m/fpv4-sp/hard\libc_nano.a(lib_a-nano-reallocr.o)
                0x0000000008008550                _realloc_r
 .text._malloc_usable_size_r
                0x000000000800859c       0x10 f:/st/stm32cubeide_1.4.0/stm32cubeide/plugins/com.st.stm32cube.ide.mcu.externaltools.gnu-tools-for-stm32.7-2018-q2-update.win32_1.4.0.202007081208/tools/bin/../lib/gcc/arm-none-eabi/7.3.1/../../../../arm-none-eabi/lib/thumb/v7e-m/fpv4-sp/hard\libc_nano.a(lib_a-nano-msizer.o)
                0x000000000800859c                _malloc_usable_size_r
 .text.atan2    0x00000000080085ac        0x4 f:/st/stm32cubeide_1.4.0/stm32cubeide/plugins/com.st.stm32cube.ide.mcu.externaltools.gnu-tools-for-stm32.7-2018-q2-update.win32_1.4.0.202007081208/tools/bin/../lib/gcc/arm-none-eabi/7.3.1/../../../../arm-none-eabi/lib/thumb/v7e-m/fpv4-sp/hard\libm.a(lib_a-w_atan2.o)
                0x00000000080085ac                atan2
 .text.pow      0x00000000080085b0      0x2e0 f:/st/stm32cubeide_1.4.0/stm32cubeide/plugins/com.st.stm32cube.ide.mcu.externaltools.gnu-tools-for-stm32.7-2018-q2-update.win32_1.4.0.202007081208/tools/bin/../lib/gcc/arm-none-eabi/7.3.1/../../../../arm-none-eabi/lib/thumb/v7e-m/fpv4-sp/hard\libm.a(lib_a-w_pow.o)
                0x00000000080085b0                pow
 .text.__ieee754_atan2
                0x0000000008008890      0x1bc f:/st/stm32cubeide_1.4.0/stm32cubeide/plugins/com.st.stm32cube.ide.mcu.externaltools.gnu-tools-for-stm32.7-2018-q2-update.win32_1.4.0.202007081208/tools/bin/../lib/gcc/arm-none-eabi/7.3.1/../../../../arm-none-eabi/lib/thumb/v7e-m/fpv4-sp/hard\libm.a(lib_a-e_atan2.o)
                0x0000000008008890                __ieee754_atan2
 *fill*         0x0000000008008a4c        0x4 
 .text.__ieee754_pow
                0x0000000008008a50      0xa1c f:/st/stm32cubeide_1.4.0/stm32cubeide/plugins/com.st.stm32cube.ide.mcu.externaltools.gnu-tools-for-stm32.7-2018-q2-update.win32_1.4.0.202007081208/tools/bin/../lib/gcc/arm-none-eabi/7.3.1/../../../../arm-none-eabi/lib/thumb/v7e-m/fpv4-sp/hard\libm.a(lib_a-e_pow.o)
                0x0000000008008a50                __ieee754_pow
 .text.__ieee754_sqrt
                0x000000000800946c      0x160 f:/st/stm32cubeide_1.4.0/stm32cubeide/plugins/com.st.stm32cube.ide.mcu.externaltools.gnu-tools-for-stm32.7-2018-q2-update.win32_1.4.0.202007081208/tools/bin/../lib/gcc/arm-none-eabi/7.3.1/../../../../arm-none-eabi/lib/thumb/v7e-m/fpv4-sp/hard\libm.a(lib_a-e_sqrt.o)
                0x000000000800946c                __ieee754_sqrt
 *fill*         0x00000000080095cc        0x4 
 .text.atan     0x00000000080095d0      0x340 f:/st/stm32cubeide_1.4.0/stm32cubeide/plugins/com.st.stm32cube.ide.mcu.externaltools.gnu-tools-for-stm32.7-2018-q2-update.win32_1.4.0.202007081208/tools/bin/../lib/gcc/arm-none-eabi/7.3.1/../../../../arm-none-eabi/lib/thumb/v7e-m/fpv4-sp/hard\libm.a(lib_a-s_atan.o)
                0x00000000080095d0                atan
 .text.fabs     0x0000000008009910       0x12 f:/st/stm32cubeide_1.4.0/stm32cubeide/plugins/com.st.stm32cube.ide.mcu.externaltools.gnu-tools-for-stm32.7-2018-q2-update.win32_1.4.0.202007081208/tools/bin/../lib/gcc/arm-none-eabi/7.3.1/../../../../arm-none-eabi/lib/thumb/v7e-m/fpv4-sp/hard\libm.a(lib_a-s_fabs.o)
                0x0000000008009910                fabs
 .text.finite   0x0000000008009922       0x10 f:/st/stm32cubeide_1.4.0/stm32cubeide/plugins/com.st.stm32cube.ide.mcu.externaltools.gnu-tools-for-stm32.7-2018-q2-update.win32_1.4.0.202007081208/tools/bin/../lib/gcc/arm-none-eabi/7.3.1/../../../../arm-none-eabi/lib/thumb/v7e-m/fpv4-sp/hard\libm.a(lib_a-s_finite.o)
                0x0000000008009922                finite
 .text.matherr  0x0000000008009932        0x4 f:/st/stm32cubeide_1.4.0/stm32cubeide/plugins/com.st.stm32cube.ide.mcu.externaltools.gnu-tools-for-stm32.7-2018-q2-update.win32_1.4.0.202007081208/tools/bin/../lib/gcc/arm-none-eabi/7.3.1/../../../../arm-none-eabi/lib/thumb/v7e-m/fpv4-sp/hard\libm.a(lib_a-s_matherr.o)
                0x0000000008009932                matherr
 *fill*         0x0000000008009936        0x2 
 .text.nan      0x0000000008009938       0x10 f:/st/stm32cubeide_1.4.0/stm32cubeide/plugins/com.st.stm32cube.ide.mcu.externaltools.gnu-tools-for-stm32.7-2018-q2-update.win32_1.4.0.202007081208/tools/bin/../lib/gcc/arm-none-eabi/7.3.1/../../../../arm-none-eabi/lib/thumb/v7e-m/fpv4-sp/hard\libm.a(lib_a-s_nan.o)
                0x0000000008009938                nan
 .text.rint     0x0000000008009948      0x108 f:/st/stm32cubeide_1.4.0/stm32cubeide/plugins/com.st.stm32cube.ide.mcu.externaltools.gnu-tools-for-stm32.7-2018-q2-update.win32_1.4.0.202007081208/tools/bin/../lib/gcc/arm-none-eabi/7.3.1/../../../../arm-none-eabi/lib/thumb/v7e-m/fpv4-sp/hard\libm.a(lib_a-s_rint.o)
                0x0000000008009948                rint
 .text.scalbn   0x0000000008009a50       0xec f:/st/stm32cubeide_1.4.0/stm32cubeide/plugins/com.st.stm32cube.ide.mcu.externaltools.gnu-tools-for-stm32.7-2018-q2-update.win32_1.4.0.202007081208/tools/bin/../lib/gcc/arm-none-eabi/7.3.1/../../../../arm-none-eabi/lib/thumb/v7e-m/fpv4-sp/hard\libm.a(lib_a-s_scalbn.o)
                0x0000000008009a50                scalbn
 .text.copysign
                0x0000000008009b3c       0x1e f:/st/stm32cubeide_1.4.0/stm32cubeide/plugins/com.st.stm32cube.ide.mcu.externaltools.gnu-tools-for-stm32.7-2018-q2-update.win32_1.4.0.202007081208/tools/bin/../lib/gcc/arm-none-eabi/7.3.1/../../../../arm-none-eabi/lib/thumb/v7e-m/fpv4-sp/hard\libm.a(lib_a-s_copysign.o)
                0x0000000008009b3c                copysign
 *(.glue_7)
 .glue_7        0x0000000008009b5a        0x0 linker stubs
 *(.glue_7t)
 .glue_7t       0x0000000008009b5a        0x0 linker stubs
 *(.eh_frame)
 *fill*         0x0000000008009b5a        0x2 
 .eh_frame      0x0000000008009b5c        0x0 f:/st/stm32cubeide_1.4.0/stm32cubeide/plugins/com.st.stm32cube.ide.mcu.externaltools.gnu-tools-for-stm32.7-2018-q2-update.win32_1.4.0.202007081208/tools/bin/../lib/gcc/arm-none-eabi/7.3.1/thumb/v7e-m/fpv4-sp/hard/crtbegin.o
 *(.init)
 .init          0x0000000008009b5c        0x4 f:/st/stm32cubeide_1.4.0/stm32cubeide/plugins/com.st.stm32cube.ide.mcu.externaltools.gnu-tools-for-stm32.7-2018-q2-update.win32_1.4.0.202007081208/tools/bin/../lib/gcc/arm-none-eabi/7.3.1/thumb/v7e-m/fpv4-sp/hard/crti.o
                0x0000000008009b5c                _init
 .init          0x0000000008009b60        0x8 f:/st/stm32cubeide_1.4.0/stm32cubeide/plugins/com.st.stm32cube.ide.mcu.externaltools.gnu-tools-for-stm32.7-2018-q2-update.win32_1.4.0.202007081208/tools/bin/../lib/gcc/arm-none-eabi/7.3.1/thumb/v7e-m/fpv4-sp/hard/crtn.o
 *(.fini)
 .fini          0x0000000008009b68        0x4 f:/st/stm32cubeide_1.4.0/stm32cubeide/plugins/com.st.stm32cube.ide.mcu.externaltools.gnu-tools-for-stm32.7-2018-q2-update.win32_1.4.0.202007081208/tools/bin/../lib/gcc/arm-none-eabi/7.3.1/thumb/v7e-m/fpv4-sp/hard/crti.o
                0x0000000008009b68                _fini
 .fini          0x0000000008009b6c        0x8 f:/st/stm32cubeide_1.4.0/stm32cubeide/plugins/com.st.stm32cube.ide.mcu.externaltools.gnu-tools-for-stm32.7-2018-q2-update.win32_1.4.0.202007081208/tools/bin/../lib/gcc/arm-none-eabi/7.3.1/thumb/v7e-m/fpv4-sp/hard/crtn.o
                0x0000000008009b74                . = ALIGN (0x4)
                0x0000000008009b74                _etext = .

.vfp11_veneer   0x0000000008009b74        0x0
 .vfp11_veneer  0x0000000008009b74        0x0 linker stubs

.v4_bx          0x0000000008009b74        0x0
 .v4_bx         0x0000000008009b74        0x0 linker stubs

.iplt           0x0000000008009b74        0x0
 .iplt          0x0000000008009b74        0x0 f:/st/stm32cubeide_1.4.0/stm32cubeide/plugins/com.st.stm32cube.ide.mcu.externaltools.gnu-tools-for-stm32.7-2018-q2-update.win32_1.4.0.202007081208/tools/bin/../lib/gcc/arm-none-eabi/7.3.1/thumb/v7e-m/fpv4-sp/hard/crtbegin.o

.rodata         0x0000000008009b78      0x390
                0x0000000008009b78                . = ALIGN (0x4)
 *(.rodata)
 .rodata        0x0000000008009b78       0x3e Src/main.o
 *(.rodata*)
 *fill*         0x0000000008009bb6        0x2 
 .rodata.OFFSET_TAB_CCMRx
                0x0000000008009bb8        0x9 Src/tim.o
 *fill*         0x0000000008009bc1        0x3 
 .rodata.SHIFT_TAB_OCxx
                0x0000000008009bc4        0x9 Src/tim.o
 .rodata._printf_float.str1.1
                0x0000000008009bcd       0x12 f:/st/stm32cubeide_1.4.0/stm32cubeide/plugins/com.st.stm32cube.ide.mcu.externaltools.gnu-tools-for-stm32.7-2018-q2-update.win32_1.4.0.202007081208/tools/bin/../lib/gcc/arm-none-eabi/7.3.1/../../../../arm-none-eabi/lib/thumb/v7e-m/fpv4-sp/hard\libc_nano.a(lib_a-nano-vfprintf_float.o)
 .rodata._printf_i.str1.1
                0x0000000008009bdf       0x22 f:/st/stm32cubeide_1.4.0/stm32cubeide/plugins/com.st.stm32cube.ide.mcu.externaltools.gnu-tools-for-stm32.7-2018-q2-update.win32_1.4.0.202007081208/tools/bin/../lib/gcc/arm-none-eabi/7.3.1/../../../../arm-none-eabi/lib/thumb/v7e-m/fpv4-sp/hard\libc_nano.a(lib_a-nano-vfprintf_i.o)
 .rodata._scanf_float.str1.1
                0x0000000008009c01        0x5 f:/st/stm32cubeide_1.4.0/stm32cubeide/plugins/com.st.stm32cube.ide.mcu.externaltools.gnu-tools-for-stm32.7-2018-q2-update.win32_1.4.0.202007081208/tools/bin/../lib/gcc/arm-none-eabi/7.3.1/../../../../arm-none-eabi/lib/thumb/v7e-m/fpv4-sp/hard\libc_nano.a(lib_a-nano-vfscanf_float.o)
 .rodata._strtod_l.str1.1
                0x0000000008009c06        0x5 f:/st/stm32cubeide_1.4.0/stm32cubeide/plugins/com.st.stm32cube.ide.mcu.externaltools.gnu-tools-for-stm32.7-2018-q2-update.win32_1.4.0.202007081208/tools/bin/../lib/gcc/arm-none-eabi/7.3.1/../../../../arm-none-eabi/lib/thumb/v7e-m/fpv4-sp/hard\libc_nano.a(lib_a-strtod.o)
                                          0xc (size before relaxing)
 *fill*         0x0000000008009c06        0x2 
 .rodata.fpi.7435
                0x0000000008009c08       0x14 f:/st/stm32cubeide_1.4.0/stm32cubeide/plugins/com.st.stm32cube.ide.mcu.externaltools.gnu-tools-for-stm32.7-2018-q2-update.win32_1.4.0.202007081208/tools/bin/../lib/gcc/arm-none-eabi/7.3.1/../../../../arm-none-eabi/lib/thumb/v7e-m/fpv4-sp/hard\libc_nano.a(lib_a-strtod.o)
 .rodata.fpinan.7471
                0x0000000008009c1c       0x14 f:/st/stm32cubeide_1.4.0/stm32cubeide/plugins/com.st.stm32cube.ide.mcu.externaltools.gnu-tools-for-stm32.7-2018-q2-update.win32_1.4.0.202007081208/tools/bin/../lib/gcc/arm-none-eabi/7.3.1/../../../../arm-none-eabi/lib/thumb/v7e-m/fpv4-sp/hard\libc_nano.a(lib_a-strtod.o)
 .rodata.tinytens
                0x0000000008009c30       0x28 f:/st/stm32cubeide_1.4.0/stm32cubeide/plugins/com.st.stm32cube.ide.mcu.externaltools.gnu-tools-for-stm32.7-2018-q2-update.win32_1.4.0.202007081208/tools/bin/../lib/gcc/arm-none-eabi/7.3.1/../../../../arm-none-eabi/lib/thumb/v7e-m/fpv4-sp/hard\libc_nano.a(lib_a-strtod.o)
 .rodata._dtoa_r.str1.1
                0x0000000008009c58        0xd f:/st/stm32cubeide_1.4.0/stm32cubeide/plugins/com.st.stm32cube.ide.mcu.externaltools.gnu-tools-for-stm32.7-2018-q2-update.win32_1.4.0.202007081208/tools/bin/../lib/gcc/arm-none-eabi/7.3.1/../../../../arm-none-eabi/lib/thumb/v7e-m/fpv4-sp/hard\libc_nano.a(lib_a-dtoa.o)
                                          0xf (size before relaxing)
 .rodata._setlocale_r.str1.1
                0x0000000008009c65        0x8 f:/st/stm32cubeide_1.4.0/stm32cubeide/plugins/com.st.stm32cube.ide.mcu.externaltools.gnu-tools-for-stm32.7-2018-q2-update.win32_1.4.0.202007081208/tools/bin/../lib/gcc/arm-none-eabi/7.3.1/../../../../arm-none-eabi/lib/thumb/v7e-m/fpv4-sp/hard\libc_nano.a(lib_a-locale.o)
                                          0x9 (size before relaxing)
 .rodata.str1.1
                0x0000000008009c6d        0x2 f:/st/stm32cubeide_1.4.0/stm32cubeide/plugins/com.st.stm32cube.ide.mcu.externaltools.gnu-tools-for-stm32.7-2018-q2-update.win32_1.4.0.202007081208/tools/bin/../lib/gcc/arm-none-eabi/7.3.1/../../../../arm-none-eabi/lib/thumb/v7e-m/fpv4-sp/hard\libc_nano.a(lib_a-locale.o)
 *fill*         0x0000000008009c6f        0x1 
 .rodata.__mprec_bigtens
                0x0000000008009c70       0x28 f:/st/stm32cubeide_1.4.0/stm32cubeide/plugins/com.st.stm32cube.ide.mcu.externaltools.gnu-tools-for-stm32.7-2018-q2-update.win32_1.4.0.202007081208/tools/bin/../lib/gcc/arm-none-eabi/7.3.1/../../../../arm-none-eabi/lib/thumb/v7e-m/fpv4-sp/hard\libc_nano.a(lib_a-mprec.o)
                0x0000000008009c70                __mprec_bigtens
 .rodata.__mprec_tens
                0x0000000008009c98       0xc8 f:/st/stm32cubeide_1.4.0/stm32cubeide/plugins/com.st.stm32cube.ide.mcu.externaltools.gnu-tools-for-stm32.7-2018-q2-update.win32_1.4.0.202007081208/tools/bin/../lib/gcc/arm-none-eabi/7.3.1/../../../../arm-none-eabi/lib/thumb/v7e-m/fpv4-sp/hard\libc_nano.a(lib_a-mprec.o)
                0x0000000008009c98                __mprec_tens
 .rodata.p05.7359
                0x0000000008009d60        0xc f:/st/stm32cubeide_1.4.0/stm32cubeide/plugins/com.st.stm32cube.ide.mcu.externaltools.gnu-tools-for-stm32.7-2018-q2-update.win32_1.4.0.202007081208/tools/bin/../lib/gcc/arm-none-eabi/7.3.1/../../../../arm-none-eabi/lib/thumb/v7e-m/fpv4-sp/hard\libc_nano.a(lib_a-mprec.o)
 .rodata._svfprintf_r.str1.1
                0x0000000008009d6c       0x11 f:/st/stm32cubeide_1.4.0/stm32cubeide/plugins/com.st.stm32cube.ide.mcu.externaltools.gnu-tools-for-stm32.7-2018-q2-update.win32_1.4.0.202007081208/tools/bin/../lib/gcc/arm-none-eabi/7.3.1/../../../../arm-none-eabi/lib/thumb/v7e-m/fpv4-sp/hard\libc_nano.a(lib_a-nano-svfprintf.o)
 .rodata._ctype_
                0x0000000008009d7d      0x101 f:/st/stm32cubeide_1.4.0/stm32cubeide/plugins/com.st.stm32cube.ide.mcu.externaltools.gnu-tools-for-stm32.7-2018-q2-update.win32_1.4.0.202007081208/tools/bin/../lib/gcc/arm-none-eabi/7.3.1/../../../../arm-none-eabi/lib/thumb/v7e-m/fpv4-sp/hard\libc_nano.a(lib_a-ctype_.o)
                0x0000000008009d7d                _ctype_
 .rodata.pow.str1.1
                0x0000000008009e7e        0x4 f:/st/stm32cubeide_1.4.0/stm32cubeide/plugins/com.st.stm32cube.ide.mcu.externaltools.gnu-tools-for-stm32.7-2018-q2-update.win32_1.4.0.202007081208/tools/bin/../lib/gcc/arm-none-eabi/7.3.1/../../../../arm-none-eabi/lib/thumb/v7e-m/fpv4-sp/hard\libm.a(lib_a-w_pow.o)
 .rodata.__ieee754_pow.str1.1
                0x0000000008009e82        0x1 f:/st/stm32cubeide_1.4.0/stm32cubeide/plugins/com.st.stm32cube.ide.mcu.externaltools.gnu-tools-for-stm32.7-2018-q2-update.win32_1.4.0.202007081208/tools/bin/../lib/gcc/arm-none-eabi/7.3.1/../../../../arm-none-eabi/lib/thumb/v7e-m/fpv4-sp/hard\libm.a(lib_a-e_pow.o)
 *fill*         0x0000000008009e82        0x6 
 .rodata.bp     0x0000000008009e88       0x10 f:/st/stm32cubeide_1.4.0/stm32cubeide/plugins/com.st.stm32cube.ide.mcu.externaltools.gnu-tools-for-stm32.7-2018-q2-update.win32_1.4.0.202007081208/tools/bin/../lib/gcc/arm-none-eabi/7.3.1/../../../../arm-none-eabi/lib/thumb/v7e-m/fpv4-sp/hard\libm.a(lib_a-e_pow.o)
 .rodata.dp_h   0x0000000008009e98       0x10 f:/st/stm32cubeide_1.4.0/stm32cubeide/plugins/com.st.stm32cube.ide.mcu.externaltools.gnu-tools-for-stm32.7-2018-q2-update.win32_1.4.0.202007081208/tools/bin/../lib/gcc/arm-none-eabi/7.3.1/../../../../arm-none-eabi/lib/thumb/v7e-m/fpv4-sp/hard\libm.a(lib_a-e_pow.o)
 .rodata.dp_l   0x0000000008009ea8       0x10 f:/st/stm32cubeide_1.4.0/stm32cubeide/plugins/com.st.stm32cube.ide.mcu.externaltools.gnu-tools-for-stm32.7-2018-q2-update.win32_1.4.0.202007081208/tools/bin/../lib/gcc/arm-none-eabi/7.3.1/../../../../arm-none-eabi/lib/thumb/v7e-m/fpv4-sp/hard\libm.a(lib_a-e_pow.o)
 .rodata.atanhi
                0x0000000008009eb8       0x20 f:/st/stm32cubeide_1.4.0/stm32cubeide/plugins/com.st.stm32cube.ide.mcu.externaltools.gnu-tools-for-stm32.7-2018-q2-update.win32_1.4.0.202007081208/tools/bin/../lib/gcc/arm-none-eabi/7.3.1/../../../../arm-none-eabi/lib/thumb/v7e-m/fpv4-sp/hard\libm.a(lib_a-s_atan.o)
 .rodata.atanlo
                0x0000000008009ed8       0x20 f:/st/stm32cubeide_1.4.0/stm32cubeide/plugins/com.st.stm32cube.ide.mcu.externaltools.gnu-tools-for-stm32.7-2018-q2-update.win32_1.4.0.202007081208/tools/bin/../lib/gcc/arm-none-eabi/7.3.1/../../../../arm-none-eabi/lib/thumb/v7e-m/fpv4-sp/hard\libm.a(lib_a-s_atan.o)
 .rodata.TWO52  0x0000000008009ef8       0x10 f:/st/stm32cubeide_1.4.0/stm32cubeide/plugins/com.st.stm32cube.ide.mcu.externaltools.gnu-tools-for-stm32.7-2018-q2-update.win32_1.4.0.202007081208/tools/bin/../lib/gcc/arm-none-eabi/7.3.1/../../../../arm-none-eabi/lib/thumb/v7e-m/fpv4-sp/hard\libm.a(lib_a-s_rint.o)
                0x0000000008009f08                . = ALIGN (0x4)

.rel.dyn        0x0000000008009f08        0x0
 .rel.iplt      0x0000000008009f08        0x0 f:/st/stm32cubeide_1.4.0/stm32cubeide/plugins/com.st.stm32cube.ide.mcu.externaltools.gnu-tools-for-stm32.7-2018-q2-update.win32_1.4.0.202007081208/tools/bin/../lib/gcc/arm-none-eabi/7.3.1/thumb/v7e-m/fpv4-sp/hard/crtbegin.o

.ARM.extab      0x0000000008009f08        0x0
                0x0000000008009f08                . = ALIGN (0x4)
 *(.ARM.extab* .gnu.linkonce.armextab.*)
                0x0000000008009f08                . = ALIGN (0x4)

.ARM            0x0000000008009f08        0x0
                0x0000000008009f08                . = ALIGN (0x4)
                0x0000000008009f08                __exidx_start = .
 *(.ARM.exidx*)
                0x0000000008009f08                __exidx_end = .
                0x0000000008009f08                . = ALIGN (0x4)

.preinit_array  0x0000000008009f08        0x0
                0x0000000008009f08                . = ALIGN (0x4)
                0x0000000008009f08                PROVIDE (__preinit_array_start = .)
 *(.preinit_array*)
                0x0000000008009f08                PROVIDE (__preinit_array_end = .)
                0x0000000008009f08                . = ALIGN (0x4)

.init_array     0x0000000008009f08        0x4
                0x0000000008009f08                . = ALIGN (0x4)
                0x0000000008009f08                PROVIDE (__init_array_start = .)
 *(SORT_BY_NAME(.init_array.*))
 *(.init_array*)
 .init_array    0x0000000008009f08        0x4 f:/st/stm32cubeide_1.4.0/stm32cubeide/plugins/com.st.stm32cube.ide.mcu.externaltools.gnu-tools-for-stm32.7-2018-q2-update.win32_1.4.0.202007081208/tools/bin/../lib/gcc/arm-none-eabi/7.3.1/thumb/v7e-m/fpv4-sp/hard/crtbegin.o
                0x0000000008009f0c                PROVIDE (__init_array_end = .)
                0x0000000008009f0c                . = ALIGN (0x4)

.fini_array     0x0000000008009f0c        0x4
                0x0000000008009f0c                . = ALIGN (0x4)
                [!provide]                        PROVIDE (__fini_array_start = .)
 *(SORT_BY_NAME(.fini_array.*))
 *(.fini_array*)
 .fini_array    0x0000000008009f0c        0x4 f:/st/stm32cubeide_1.4.0/stm32cubeide/plugins/com.st.stm32cube.ide.mcu.externaltools.gnu-tools-for-stm32.7-2018-q2-update.win32_1.4.0.202007081208/tools/bin/../lib/gcc/arm-none-eabi/7.3.1/thumb/v7e-m/fpv4-sp/hard/crtbegin.o
                [!provide]                        PROVIDE (__fini_array_end = .)
                0x0000000008009f10                . = ALIGN (0x4)
                0x0000000008009f10                _sidata = LOADADDR (.data)

.data           0x0000000020000000      0x1e0 load address 0x0000000008009f10
                0x0000000020000000                . = ALIGN (0x4)
                0x0000000020000000                _sdata = .
 *(.data)
 *(.data*)
 .data.switch_state
                0x0000000020000000        0x1 Src/main.o
                0x0000000020000000                switch_state
 *fill*         0x0000000020000001        0x3 
 .data.SystemCoreClock
                0x0000000020000004        0x4 Src/system_stm32f3xx.o
                0x0000000020000004                SystemCoreClock
 .data.addres   0x0000000020000008        0x1 accelerometer/lsm6ds0.o
                0x0000000020000008                addres
 .data.address_lps
                0x0000000020000009        0x1 barometer/lps25hb.o
                0x0000000020000009                address_lps
 .data.sLIS3MDLI2Caddress
                0x000000002000000a        0x1 compass/lis3mdltr.o
 .data.address_hts
                0x000000002000000b        0x1 humidity/hts221.o
                0x000000002000000b                address_hts
 .data._impure_ptr
                0x000000002000000c        0x4 f:/st/stm32cubeide_1.4.0/stm32cubeide/plugins/com.st.stm32cube.ide.mcu.externaltools.gnu-tools-for-stm32.7-2018-q2-update.win32_1.4.0.202007081208/tools/bin/../lib/gcc/arm-none-eabi/7.3.1/../../../../arm-none-eabi/lib/thumb/v7e-m/fpv4-sp/hard\libc_nano.a(lib_a-impure.o)
                0x000000002000000c                _impure_ptr
 .data.impure_data
                0x0000000020000010       0x60 f:/st/stm32cubeide_1.4.0/stm32cubeide/plugins/com.st.stm32cube.ide.mcu.externaltools.gnu-tools-for-stm32.7-2018-q2-update.win32_1.4.0.202007081208/tools/bin/../lib/gcc/arm-none-eabi/7.3.1/../../../../arm-none-eabi/lib/thumb/v7e-m/fpv4-sp/hard\libc_nano.a(lib_a-impure.o)
 .data.__global_locale
                0x0000000020000070      0x16c f:/st/stm32cubeide_1.4.0/stm32cubeide/plugins/com.st.stm32cube.ide.mcu.externaltools.gnu-tools-for-stm32.7-2018-q2-update.win32_1.4.0.202007081208/tools/bin/../lib/gcc/arm-none-eabi/7.3.1/../../../../arm-none-eabi/lib/thumb/v7e-m/fpv4-sp/hard\libc_nano.a(lib_a-locale.o)
                0x0000000020000070                __global_locale
 .data.__fdlib_version
                0x00000000200001dc        0x1 f:/st/stm32cubeide_1.4.0/stm32cubeide/plugins/com.st.stm32cube.ide.mcu.externaltools.gnu-tools-for-stm32.7-2018-q2-update.win32_1.4.0.202007081208/tools/bin/../lib/gcc/arm-none-eabi/7.3.1/../../../../arm-none-eabi/lib/thumb/v7e-m/fpv4-sp/hard\libm.a(lib_a-s_lib_ver.o)
                0x00000000200001dc                __fdlib_version
                0x00000000200001e0                . = ALIGN (0x4)
 *fill*         0x00000000200001dd        0x3 
                0x00000000200001e0                _edata = .

.igot.plt       0x00000000200001e0        0x0 load address 0x000000000800a0f0
 .igot.plt      0x00000000200001e0        0x0 f:/st/stm32cubeide_1.4.0/stm32cubeide/plugins/com.st.stm32cube.ide.mcu.externaltools.gnu-tools-for-stm32.7-2018-q2-update.win32_1.4.0.202007081208/tools/bin/../lib/gcc/arm-none-eabi/7.3.1/thumb/v7e-m/fpv4-sp/hard/crtbegin.o
                0x00000000200001e0                . = ALIGN (0x4)

.bss            0x00000000200001e0       0x90 load address 0x000000000800a0f0
                0x00000000200001e0                _sbss = .
                0x00000000200001e0                __bss_start__ = _sbss
 *(.bss)
 .bss           0x00000000200001e0       0x1c f:/st/stm32cubeide_1.4.0/stm32cubeide/plugins/com.st.stm32cube.ide.mcu.externaltools.gnu-tools-for-stm32.7-2018-q2-update.win32_1.4.0.202007081208/tools/bin/../lib/gcc/arm-none-eabi/7.3.1/thumb/v7e-m/fpv4-sp/hard/crtbegin.o
 *(.bss*)
 .bss.dDisplayData
                0x00000000200001fc        0x7 Src/display.o
                0x00000000200001fc                dDisplayData
 *fill*         0x0000000020000203        0x5 
 .bss.disp_time
                0x0000000020000208        0x8 Src/display.o
                0x0000000020000208                disp_time
 .bss.disp_time_saved
                0x0000000020000210        0x8 Src/display.o
                0x0000000020000210                disp_time_saved
 .bss.end_of_read_flag
                0x0000000020000218        0x1 Src/i2c.o
                0x0000000020000218                end_of_read_flag
 .bss.ubReceiveIndex
                0x0000000020000219        0x1 Src/i2c.o
                0x0000000020000219                ubReceiveIndex
 .bss.pos       0x000000002000021a        0x1 Src/main.o
                0x000000002000021a                pos
 .bss.backwards
                0x000000002000021b        0x1 Src/main.o
                0x000000002000021b                backwards
 .bss.heap_end.6424
                0x000000002000021c        0x4 Src/sysmem.o
 .bss.__malloc_free_list
                0x0000000020000220        0x4 f:/st/stm32cubeide_1.4.0/stm32cubeide/plugins/com.st.stm32cube.ide.mcu.externaltools.gnu-tools-for-stm32.7-2018-q2-update.win32_1.4.0.202007081208/tools/bin/../lib/gcc/arm-none-eabi/7.3.1/../../../../arm-none-eabi/lib/thumb/v7e-m/fpv4-sp/hard\libc_nano.a(lib_a-nano-mallocr.o)
                0x0000000020000220                __malloc_free_list
 .bss.__malloc_sbrk_start
                0x0000000020000224        0x4 f:/st/stm32cubeide_1.4.0/stm32cubeide/plugins/com.st.stm32cube.ide.mcu.externaltools.gnu-tools-for-stm32.7-2018-q2-update.win32_1.4.0.202007081208/tools/bin/../lib/gcc/arm-none-eabi/7.3.1/../../../../arm-none-eabi/lib/thumb/v7e-m/fpv4-sp/hard\libc_nano.a(lib_a-nano-mallocr.o)
                0x0000000020000224                __malloc_sbrk_start
 *(COMMON)
 COMMON         0x0000000020000228        0x4 Src/i2c.o
                0x0000000020000228                aReceiveBuffer_read
 COMMON         0x000000002000022c       0x40 Src/main.o
                0x000000002000022c                hum
                0x0000000020000230                acc
                0x000000002000023c                azimuth
                0x0000000020000240                string
                0x0000000020000250                temp
                0x0000000020000254                alt
                0x0000000020000258                press
                0x000000002000025c                string_disp
                0x0000000020000260                mag
 COMMON         0x000000002000026c        0x4 f:/st/stm32cubeide_1.4.0/stm32cubeide/plugins/com.st.stm32cube.ide.mcu.externaltools.gnu-tools-for-stm32.7-2018-q2-update.win32_1.4.0.202007081208/tools/bin/../lib/gcc/arm-none-eabi/7.3.1/../../../../arm-none-eabi/lib/thumb/v7e-m/fpv4-sp/hard\libc_nano.a(lib_a-reent.o)
                0x000000002000026c                errno
                0x0000000020000270                . = ALIGN (0x4)
                0x0000000020000270                _ebss = .
                0x0000000020000270                __bss_end__ = _ebss

._user_heap_stack
                0x0000000020000270      0x600 load address 0x000000000800a0f0
                0x0000000020000270                . = ALIGN (0x8)
                0x0000000020000270                PROVIDE (end = .)
                [!provide]                        PROVIDE (_end = .)
                0x0000000020000470                . = (. + _Min_Heap_Size)
 *fill*         0x0000000020000270      0x200 
                0x0000000020000870                . = (. + _Min_Stack_Size)
 *fill*         0x0000000020000470      0x400 
                0x0000000020000870                . = ALIGN (0x8)

/DISCARD/
 libc.a(*)
 libm.a(*)
 libgcc.a(*)

.ARM.attributes
                0x0000000000000000       0x30
 *(.ARM.attributes)
 .ARM.attributes
                0x0000000000000000       0x22 f:/st/stm32cubeide_1.4.0/stm32cubeide/plugins/com.st.stm32cube.ide.mcu.externaltools.gnu-tools-for-stm32.7-2018-q2-update.win32_1.4.0.202007081208/tools/bin/../lib/gcc/arm-none-eabi/7.3.1/thumb/v7e-m/fpv4-sp/hard/crti.o
 .ARM.attributes
                0x0000000000000022       0x34 f:/st/stm32cubeide_1.4.0/stm32cubeide/plugins/com.st.stm32cube.ide.mcu.externaltools.gnu-tools-for-stm32.7-2018-q2-update.win32_1.4.0.202007081208/tools/bin/../lib/gcc/arm-none-eabi/7.3.1/thumb/v7e-m/fpv4-sp/hard/crtbegin.o
 .ARM.attributes
                0x0000000000000056       0x39 Drivers/STM32F3xx_HAL_Driver/Src/stm32f3xx_ll_exti.o
 .ARM.attributes
                0x000000000000008f       0x39 Drivers/STM32F3xx_HAL_Driver/Src/stm32f3xx_ll_gpio.o
 .ARM.attributes
                0x00000000000000c8       0x39 Drivers/STM32F3xx_HAL_Driver/Src/stm32f3xx_ll_i2c.o
 .ARM.attributes
                0x0000000000000101       0x39 Drivers/STM32F3xx_HAL_Driver/Src/stm32f3xx_ll_tim.o
 .ARM.attributes
                0x000000000000013a       0x39 Drivers/STM32F3xx_HAL_Driver/Src/stm32f3xx_ll_utils.o
 .ARM.attributes
                0x0000000000000173       0x39 Src/display.o
 .ARM.attributes
                0x00000000000001ac       0x39 Src/gpio.o
 .ARM.attributes
                0x00000000000001e5       0x39 Src/i2c.o
 .ARM.attributes
                0x000000000000021e       0x39 Src/main.o
 .ARM.attributes
                0x0000000000000257       0x39 Src/stm32f3xx_it.o
 .ARM.attributes
                0x0000000000000290       0x39 Src/sysmem.o
 .ARM.attributes
                0x00000000000002c9       0x39 Src/system_stm32f3xx.o
 .ARM.attributes
                0x0000000000000302       0x39 Src/tim.o
 .ARM.attributes
                0x000000000000033b       0x21 Startup/startup_stm32f303k8tx.o
 .ARM.attributes
                0x000000000000035c       0x39 accelerometer/lsm6ds0.o
 .ARM.attributes
                0x0000000000000395       0x39 barometer/lps25hb.o
 .ARM.attributes
                0x00000000000003ce       0x39 compass/lis3mdltr.o
 .ARM.attributes
                0x0000000000000407       0x39 humidity/hts221.o
 .ARM.attributes
                0x0000000000000440       0x34 f:/st/stm32cubeide_1.4.0/stm32cubeide/plugins/com.st.stm32cube.ide.mcu.externaltools.gnu-tools-for-stm32.7-2018-q2-update.win32_1.4.0.202007081208/tools/bin/../lib/gcc/arm-none-eabi/7.3.1/../../../../arm-none-eabi/lib/thumb/v7e-m/fpv4-sp/hard\libc_nano.a(lib_a-errno.o)
 .ARM.attributes
                0x0000000000000474       0x34 f:/st/stm32cubeide_1.4.0/stm32cubeide/plugins/com.st.stm32cube.ide.mcu.externaltools.gnu-tools-for-stm32.7-2018-q2-update.win32_1.4.0.202007081208/tools/bin/../lib/gcc/arm-none-eabi/7.3.1/../../../../arm-none-eabi/lib/thumb/v7e-m/fpv4-sp/hard\libc_nano.a(lib_a-impure.o)
 .ARM.attributes