Archive member included to satisfy reference by file (symbol)

f:/st/stm32cubeide_1.4.0/stm32cubeide/plugins/com.st.stm32cube.ide.mcu.externaltools.gnu-tools-for-stm32.7-2018-q2-update.win32_1.4.0.202007081208/tools/bin/../lib/gcc/arm-none-eabi/7.3.1/../../../../arm-none-eabi/lib/thumb/v7e-m/fpv4-sp/hard\libc_nano.a(lib_a-errno.o)
                              Src/syscalls.o (__errno)
f:/st/stm32cubeide_1.4.0/stm32cubeide/plugins/com.st.stm32cube.ide.mcu.externaltools.gnu-tools-for-stm32.7-2018-q2-update.win32_1.4.0.202007081208/tools/bin/../lib/gcc/arm-none-eabi/7.3.1/../../../../arm-none-eabi/lib/thumb/v7e-m/fpv4-sp/hard\libc_nano.a(lib_a-exit.o)
                              f:/st/stm32cubeide_1.4.0/stm32cubeide/plugins/com.st.stm32cube.ide.mcu.externaltools.gnu-tools-for-stm32.7-2018-q2-update.win32_1.4.0.202007081208/tools/bin/../lib/gcc/arm-none-eabi/7.3.1/../../../../arm-none-eabi/lib/thumb/v7e-m/fpv4-sp/hard/crt0.o (exit)
f:/st/stm32cubeide_1.4.0/stm32cubeide/plugins/com.st.stm32cube.ide.mcu.externaltools.gnu-tools-for-stm32.7-2018-q2-update.win32_1.4.0.202007081208/tools/bin/../lib/gcc/arm-none-eabi/7.3.1/../../../../arm-none-eabi/lib/thumb/v7e-m/fpv4-sp/hard\libc_nano.a(lib_a-impure.o)
                              f:/st/stm32cubeide_1.4.0/stm32cubeide/plugins/com.st.stm32cube.ide.mcu.externaltools.gnu-tools-for-stm32.7-2018-q2-update.win32_1.4.0.202007081208/tools/bin/../lib/gcc/arm-none-eabi/7.3.1/../../../../arm-none-eabi/lib/thumb/v7e-m/fpv4-sp/hard\libc_nano.a(lib_a-exit.o) (_global_impure_ptr)
f:/st/stm32cubeide_1.4.0/stm32cubeide/plugins/com.st.stm32cube.ide.mcu.externaltools.gnu-tools-for-stm32.7-2018-q2-update.win32_1.4.0.202007081208/tools/bin/../lib/gcc/arm-none-eabi/7.3.1/../../../../arm-none-eabi/lib/thumb/v7e-m/fpv4-sp/hard\libc_nano.a(lib_a-init.o)
                              f:/st/stm32cubeide_1.4.0/stm32cubeide/plugins/com.st.stm32cube.ide.mcu.externaltools.gnu-tools-for-stm32.7-2018-q2-update.win32_1.4.0.202007081208/tools/bin/../lib/gcc/arm-none-eabi/7.3.1/../../../../arm-none-eabi/lib/thumb/v7e-m/fpv4-sp/hard/crt0.o (__libc_init_array)
f:/st/stm32cubeide_1.4.0/stm32cubeide/plugins/com.st.stm32cube.ide.mcu.externaltools.gnu-tools-for-stm32.7-2018-q2-update.win32_1.4.0.202007081208/tools/bin/../lib/gcc/arm-none-eabi/7.3.1/../../../../arm-none-eabi/lib/thumb/v7e-m/fpv4-sp/hard\libc_nano.a(lib_a-memset.o)
                              f:/st/stm32cubeide_1.4.0/stm32cubeide/plugins/com.st.stm32cube.ide.mcu.externaltools.gnu-tools-for-stm32.7-2018-q2-update.win32_1.4.0.202007081208/tools/bin/../lib/gcc/arm-none-eabi/7.3.1/../../../../arm-none-eabi/lib/thumb/v7e-m/fpv4-sp/hard/crt0.o (memset)

Allocating common symbols
Common symbol       size              file

acc                 0xc               Src/main.o
string_disp         0x4               Src/main.o
aReceiveBuffer_read
                    0x4               Src/i2c.o
mag                 0xc               Src/main.o

Discarded input sections

 .text          0x0000000000000000        0x0 f:/st/stm32cubeide_1.4.0/stm32cubeide/plugins/com.st.stm32cube.ide.mcu.externaltools.gnu-tools-for-stm32.7-2018-q2-update.win32_1.4.0.202007081208/tools/bin/../lib/gcc/arm-none-eabi/7.3.1/thumb/v7e-m/fpv4-sp/hard/crti.o
 .data          0x0000000000000000        0x0 f:/st/stm32cubeide_1.4.0/stm32cubeide/plugins/com.st.stm32cube.ide.mcu.externaltools.gnu-tools-for-stm32.7-2018-q2-update.win32_1.4.0.202007081208/tools/bin/../lib/gcc/arm-none-eabi/7.3.1/thumb/v7e-m/fpv4-sp/hard/crti.o
 .bss           0x0000000000000000        0x0 f:/st/stm32cubeide_1.4.0/stm32cubeide/plugins/com.st.stm32cube.ide.mcu.externaltools.gnu-tools-for-stm32.7-2018-q2-update.win32_1.4.0.202007081208/tools/bin/../lib/gcc/arm-none-eabi/7.3.1/thumb/v7e-m/fpv4-sp/hard/crti.o
 .data          0x0000000000000000        0x4 f:/st/stm32cubeide_1.4.0/stm32cubeide/plugins/com.st.stm32cube.ide.mcu.externaltools.gnu-tools-for-stm32.7-2018-q2-update.win32_1.4.0.202007081208/tools/bin/../lib/gcc/arm-none-eabi/7.3.1/thumb/v7e-m/fpv4-sp/hard/crtbegin.o
 .text          0x0000000000000000       0x74 f:/st/stm32cubeide_1.4.0/stm32cubeide/plugins/com.st.stm32cube.ide.mcu.externaltools.gnu-tools-for-stm32.7-2018-q2-update.win32_1.4.0.202007081208/tools/bin/../lib/gcc/arm-none-eabi/7.3.1/../../../../arm-none-eabi/lib/thumb/v7e-m/fpv4-sp/hard/crt0.o
 .data          0x0000000000000000        0x0 f:/st/stm32cubeide_1.4.0/stm32cubeide/plugins/com.st.stm32cube.ide.mcu.externaltools.gnu-tools-for-stm32.7-2018-q2-update.win32_1.4.0.202007081208/tools/bin/../lib/gcc/arm-none-eabi/7.3.1/../../../../arm-none-eabi/lib/thumb/v7e-m/fpv4-sp/hard/crt0.o
 .bss           0x0000000000000000        0x0 f:/st/stm32cubeide_1.4.0/stm32cubeide/plugins/com.st.stm32cube.ide.mcu.externaltools.gnu-tools-for-stm32.7-2018-q2-update.win32_1.4.0.202007081208/tools/bin/../lib/gcc/arm-none-eabi/7.3.1/../../../../arm-none-eabi/lib/thumb/v7e-m/fpv4-sp/hard/crt0.o
[...]
Memory Configuration

Name             Origin             Length             Attributes
FLASH            0x0000000008000000 0x0000000000010000 xr
CCMRAM           0x0000000010000000 0x0000000000001000 xrw
RAM              0x0000000020000000 0x0000000000003000 xrw
*default*        0x0000000000000000 0xffffffffffffffff

Linker script and memory map

LOAD f:/st/stm32cubeide_1.4.0/stm32cubeide/plugins/com.st.stm32cube.ide.mcu.externaltools.gnu-tools-for-stm32.7-2018-q2-update.win32_1.4.0.202007081208/tools/bin/../lib/gcc/arm-none-eabi/7.3.1/thumb/v7e-m/fpv4-sp/hard/crti.o
LOAD f:/st/stm32cubeide_1.4.0/stm32cubeide/plugins/com.st.stm32cube.ide.mcu.externaltools.gnu-tools-for-stm32.7-2018-q2-update.win32_1.4.0.202007081208/tools/bin/../lib/gcc/arm-none-eabi/7.3.1/thumb/v7e-m/fpv4-sp/hard/crtbegin.o
LOAD f:/st/stm32cubeide_1.4.0/stm32cubeide/plugins/com.st.stm32cube.ide.mcu.externaltools.gnu-tools-for-stm32.7-2018-q2-update.win32_1.4.0.202007081208/tools/bin/../lib/gcc/arm-none-eabi/7.3.1/../../../../arm-none-eabi/lib/thumb/v7e-m/fpv4-sp/hard/crt0.o
LOAD Drivers/STM32F3xx_HAL_Driver/Src/stm32f3xx_ll_dma.o
LOAD Drivers/STM32F3xx_HAL_Driver/Src/stm32f3xx_ll_exti.o
LOAD Drivers/STM32F3xx_HAL_Driver/Src/stm32f3xx_ll_gpio.o
LOAD Drivers/STM32F3xx_HAL_Driver/Src/stm32f3xx_ll_i2c.o
LOAD Drivers/STM32F3xx_HAL_Driver/Src/stm32f3xx_ll_rcc.o
LOAD Drivers/STM32F3xx_HAL_Driver/Src/stm32f3xx_ll_tim.o
LOAD Drivers/STM32F3xx_HAL_Driver/Src/stm32f3xx_ll_utils.o
LOAD Src/button.o
LOAD Src/display.o
LOAD Src/gpio.o
LOAD Src/i2c.o
LOAD Src/main.o
LOAD Src/stm32f3xx_it.o
LOAD Src/syscalls.o
LOAD Src/sysmem.o
LOAD Src/system_stm32f3xx.o
LOAD Src/tim.o
LOAD Startup/startup_stm32f303k8tx.o
LOAD accelerometer/lsm6ds0.o
LOAD barometer/lps25hb.o
LOAD compass/lis3mdltr.o
LOAD humidity/hts221.o
START GROUP
LOAD f:/st/stm32cubeide_1.4.0/stm32cubeide/plugins/com.st.stm32cube.ide.mcu.externaltools.gnu-tools-for-stm32.7-2018-q2-update.win32_1.4.0.202007081208/tools/bin/../lib/gcc/arm-none-eabi/7.3.1/../../../../arm-none-eabi/lib/thumb/v7e-m/fpv4-sp/hard\libc_nano.a
LOAD f:/st/stm32cubeide_1.4.0/stm32cubeide/plugins/com.st.stm32cube.ide.mcu.externaltools.gnu-tools-for-stm32.7-2018-q2-update.win32_1.4.0.202007081208/tools/bin/../lib/gcc/arm-none-eabi/7.3.1/../../../../arm-none-eabi/lib/thumb/v7e-m/fpv4-sp/hard\libm.a
END GROUP
START GROUP
LOAD f:/st/stm32cubeide_1.4.0/stm32cubeide/plugins/com.st.stm32cube.ide.mcu.externaltools.gnu-tools-for-stm32.7-2018-q2-update.win32_1.4.0.202007081208/tools/bin/../lib/gcc/arm-none-eabi/7.3.1/thumb/v7e-m/fpv4-sp/hard\libgcc.a
LOAD f:/st/stm32cubeide_1.4.0/stm32cubeide/plugins/com.st.stm32cube.ide.mcu.externaltools.gnu-tools-for-stm32.7-2018-q2-update.win32_1.4.0.202007081208/tools/bin/../lib/gcc/arm-none-eabi/7.3.1/../../../../arm-none-eabi/lib/thumb/v7e-m/fpv4-sp/hard\libc_nano.a
END GROUP
START GROUP
LOAD f:/st/stm32cubeide_1.4.0/stm32cubeide/plugins/com.st.stm32cube.ide.mcu.externaltools.gnu-tools-for-stm32.7-2018-q2-update.win32_1.4.0.202007081208/tools/bin/../lib/gcc/arm-none-eabi/7.3.1/thumb/v7e-m/fpv4-sp/hard\libgcc.a
LOAD f:/st/stm32cubeide_1.4.0/stm32cubeide/plugins/com.st.stm32cube.ide.mcu.externaltools.gnu-tools-for-stm32.7-2018-q2-update.win32_1.4.0.202007081208/tools/bin/../lib/gcc/arm-none-eabi/7.3.1/../../../../arm-none-eabi/lib/thumb/v7e-m/fpv4-sp/hard\libc_nano.a
LOAD f:/st/stm32cubeide_1.4.0/stm32cubeide/plugins/com.st.stm32cube.ide.mcu.externaltools.gnu-tools-for-stm32.7-2018-q2-update.win32_1.4.0.202007081208/tools/bin/../lib/gcc/arm-none-eabi/7.3.1/../../../../arm-none-eabi/lib/thumb/v7e-m/fpv4-sp/hard\libnosys.a
END GROUP
START GROUP
LOAD f:/st/stm32cubeide_1.4.0/stm32cubeide/plugins/com.st.stm32cube.ide.mcu.externaltools.gnu-tools-for-stm32.7-2018-q2-update.win32_1.4.0.202007081208/tools/bin/../lib/gcc/arm-none-eabi/7.3.1/thumb/v7e-m/fpv4-sp/hard\libgcc.a
LOAD f:/st/stm32cubeide_1.4.0/stm32cubeide/plugins/com.st.stm32cube.ide.mcu.externaltools.gnu-tools-for-stm32.7-2018-q2-update.win32_1.4.0.202007081208/tools/bin/../lib/gcc/arm-none-eabi/7.3.1/../../../../arm-none-eabi/lib/thumb/v7e-m/fpv4-sp/hard\libc_nano.a
LOAD f:/st/stm32cubeide_1.4.0/stm32cubeide/plugins/com.st.stm32cube.ide.mcu.externaltools.gnu-tools-for-stm32.7-2018-q2-update.win32_1.4.0.202007081208/tools/bin/../lib/gcc/arm-none-eabi/7.3.1/../../../../arm-none-eabi/lib/thumb/v7e-m/fpv4-sp/hard\libnosys.a
END GROUP
LOAD f:/st/stm32cubeide_1.4.0/stm32cubeide/plugins/com.st.stm32cube.ide.mcu.externaltools.gnu-tools-for-stm32.7-2018-q2-update.win32_1.4.0.202007081208/tools/bin/../lib/gcc/arm-none-eabi/7.3.1/thumb/v7e-m/fpv4-sp/hard/crtend.o
LOAD f:/st/stm32cubeide_1.4.0/stm32cubeide/plugins/com.st.stm32cube.ide.mcu.externaltools.gnu-tools-for-stm32.7-2018-q2-update.win32_1.4.0.202007081208/tools/bin/../lib/gcc/arm-none-eabi/7.3.1/thumb/v7e-m/fpv4-sp/hard/crtn.o
                0x0000000020003000                _estack = 0x20003000
                0x0000000000000200                _Min_Heap_Size = 0x200
                0x0000000000000400                _Min_Stack_Size = 0x400

.isr_vector     0x0000000008000000      0x188
                0x0000000008000000                . = ALIGN (0x4)
 *(.isr_vector)
 .isr_vector    0x0000000008000000      0x188 Startup/startup_stm32f303k8tx.o
                0x0000000008000000                g_pfnVectors
                0x0000000008000188                . = ALIGN (0x4)

.text           0x0000000008000188     0x36d8
                0x0000000008000188                . = ALIGN (0x4)
 *(.text)
 .text          0x0000000008000188       0x40 f:/st/stm32cubeide_1.4.0/stm32cubeide/plugins/com.st.stm32cube.ide.mcu.externaltools.gnu-tools-for-stm32.7-2018-q2-update.win32_1.4.0.202007081208/tools/bin/../lib/gcc/arm-none-eabi/7.3.1/thumb/v7e-m/fpv4-sp/hard/crtbegin.o
 *(.text*)
 .text.LL_EXTI_EnableIT_0_31
                0x00000000080001c8       0x24 Drivers/STM32F3xx_HAL_Driver/Src/stm32f3xx_ll_exti.o
 .text.LL_EXTI_EnableIT_32_63
                0x00000000080001ec       0x24 Drivers/STM32F3xx_HAL_Driver/Src/stm32f3xx_ll_exti.o
 .text.LL_EXTI_DisableIT_0_31
                0x0000000008000210       0x28 Drivers/STM32F3xx_HAL_Driver/Src/stm32f3xx_ll_exti.o
 .text.LL_EXTI_DisableIT_32_63
                0x0000000008000238       0x28 Drivers/STM32F3xx_HAL_Driver/Src/stm32f3xx_ll_exti.o
 .text.LL_EXTI_EnableEvent_0_31
                0x0000000008000260       0x24 Drivers/STM32F3xx_HAL_Driver/Src/stm32f3xx_ll_exti.o
 .text.LL_EXTI_EnableEvent_32_63
                0x0000000008000284       0x24 Drivers/STM32F3xx_HAL_Driver/Src/stm32f3xx_ll_exti.o
 .text.LL_EXTI_DisableEvent_0_31
                0x00000000080002a8       0x28 Drivers/STM32F3xx_HAL_Driver/Src/stm32f3xx_ll_exti.o
 .text.LL_EXTI_DisableEvent_32_63
                0x00000000080002d0       0x28 Drivers/STM32F3xx_HAL_Driver/Src/stm32f3xx_ll_exti.o
 .text.LL_EXTI_EnableRisingTrig_0_31
                0x00000000080002f8       0x24 Drivers/STM32F3xx_HAL_Driver/Src/stm32f3xx_ll_exti.o
 .text.LL_EXTI_EnableRisingTrig_32_63
                0x000000000800031c       0x24 Drivers/STM32F3xx_HAL_Driver/Src/stm32f3xx_ll_exti.o
 .text.LL_EXTI_DisableRisingTrig_0_31
                0x0000000008000340       0x28 Drivers/STM32F3xx_HAL_Driver/Src/stm32f3xx_ll_exti.o
 .text.LL_EXTI_DisableRisingTrig_32_63
                0x0000000008000368       0x28 Drivers/STM32F3xx_HAL_Driver/Src/stm32f3xx_ll_exti.o
 .text.LL_EXTI_EnableFallingTrig_0_31
                0x0000000008000390       0x24 Drivers/STM32F3xx_HAL_Driver/Src/stm32f3xx_ll_exti.o
 .text.LL_EXTI_EnableFallingTrig_32_63
                0x00000000080003b4       0x24 Drivers/STM32F3xx_HAL_Driver/Src/stm32f3xx_ll_exti.o
 .text.LL_EXTI_DisableFallingTrig_0_31
                0x00000000080003d8       0x28 Drivers/STM32F3xx_HAL_Driver/Src/stm32f3xx_ll_exti.o
 .text.LL_EXTI_DisableFallingTrig_32_63
                0x0000000008000400       0x28 Drivers/STM32F3xx_HAL_Driver/Src/stm32f3xx_ll_exti.o
 .text.LL_EXTI_Init
                0x0000000008000428      0x1d0 Drivers/STM32F3xx_HAL_Driver/Src/stm32f3xx_ll_exti.o
                0x0000000008000428                LL_EXTI_Init
 .text.LL_GPIO_SetPinMode
                0x00000000080005f8       0x5a Drivers/STM32F3xx_HAL_Driver/Src/stm32f3xx_ll_gpio.o
 .text.LL_GPIO_SetPinOutputType
                0x0000000008000652       0x30 Drivers/STM32F3xx_HAL_Driver/Src/stm32f3xx_ll_gpio.o
 .text.LL_GPIO_SetPinSpeed
                0x0000000008000682       0x5a Drivers/STM32F3xx_HAL_Driver/Src/stm32f3xx_ll_gpio.o
 .text.LL_GPIO_SetPinPull
                0x00000000080006dc       0x5a Drivers/STM32F3xx_HAL_Driver/Src/stm32f3xx_ll_gpio.o
 .text.LL_GPIO_SetAFPin_0_7
                0x0000000008000736       0x5a Drivers/STM32F3xx_HAL_Driver/Src/stm32f3xx_ll_gpio.o
 .text.LL_GPIO_SetAFPin_8_15
                0x0000000008000790       0x5e Drivers/STM32F3xx_HAL_Driver/Src/stm32f3xx_ll_gpio.o
 .text.LL_GPIO_Init
                0x00000000080007ee       0xf4 Drivers/STM32F3xx_HAL_Driver/Src/stm32f3xx_ll_gpio.o
                0x00000000080007ee                LL_GPIO_Init
 .text.LL_I2C_Enable
                0x00000000080008e2       0x20 Drivers/STM32F3xx_HAL_Driver/Src/stm32f3xx_ll_i2c.o
 .text.LL_I2C_Disable
                0x0000000008000902       0x20 Drivers/STM32F3xx_HAL_Driver/Src/stm32f3xx_ll_i2c.o
 .text.LL_I2C_ConfigFilters
                0x0000000008000922       0x2e Drivers/STM32F3xx_HAL_Driver/Src/stm32f3xx_ll_i2c.o
 .text.LL_I2C_SetOwnAddress1
                0x0000000008000950       0x30 Drivers/STM32F3xx_HAL_Driver/Src/stm32f3xx_ll_i2c.o
 .text.LL_I2C_EnableOwnAddress1
                0x0000000008000980       0x20 Drivers/STM32F3xx_HAL_Driver/Src/stm32f3xx_ll_i2c.o
 .text.LL_I2C_DisableOwnAddress1
                0x00000000080009a0       0x20 Drivers/STM32F3xx_HAL_Driver/Src/stm32f3xx_ll_i2c.o
 .text.LL_I2C_SetTiming
                0x00000000080009c0       0x1c Drivers/STM32F3xx_HAL_Driver/Src/stm32f3xx_ll_i2c.o
 .text.LL_I2C_SetMode
                0x00000000080009dc       0x26 Drivers/STM32F3xx_HAL_Driver/Src/stm32f3xx_ll_i2c.o
 .text.LL_I2C_AcknowledgeNextData
                0x0000000008000a02       0x26 Drivers/STM32F3xx_HAL_Driver/Src/stm32f3xx_ll_i2c.o
 .text.LL_I2C_Init
                0x0000000008000a28       0x78 Drivers/STM32F3xx_HAL_Driver/Src/stm32f3xx_ll_i2c.o
                0x0000000008000a28                LL_I2C_Init
 .text.LL_TIM_SetPrescaler
                0x0000000008000aa0       0x1c Drivers/STM32F3xx_HAL_Driver/Src/stm32f3xx_ll_tim.o
 .text.LL_TIM_SetAutoReload
                0x0000000008000abc       0x1c Drivers/STM32F3xx_HAL_Driver/Src/stm32f3xx_ll_tim.o
 .text.LL_TIM_SetRepetitionCounter
                0x0000000008000ad8       0x1c Drivers/STM32F3xx_HAL_Driver/Src/stm32f3xx_ll_tim.o
 .text.LL_TIM_OC_SetCompareCH1
                0x0000000008000af4       0x1c Drivers/STM32F3xx_HAL_Driver/Src/stm32f3xx_ll_tim.o
 .text.LL_TIM_OC_SetCompareCH2
                0x0000000008000b10       0x1c Drivers/STM32F3xx_HAL_Driver/Src/stm32f3xx_ll_tim.o
 .text.LL_TIM_OC_SetCompareCH3
                0x0000000008000b2c       0x1c Drivers/STM32F3xx_HAL_Driver/Src/stm32f3xx_ll_tim.o
 .text.LL_TIM_OC_SetCompareCH4
                0x0000000008000b48       0x1c Drivers/STM32F3xx_HAL_Driver/Src/stm32f3xx_ll_tim.o
 .text.LL_TIM_OC_SetCompareCH5
                0x0000000008000b64       0x1c Drivers/STM32F3xx_HAL_Driver/Src/stm32f3xx_ll_tim.o
 .text.LL_TIM_OC_SetCompareCH6
                0x0000000008000b80       0x1c Drivers/STM32F3xx_HAL_Driver/Src/stm32f3xx_ll_tim.o
 .text.LL_TIM_GenerateEvent_UPDATE
                0x0000000008000b9c       0x20 Drivers/STM32F3xx_HAL_Driver/Src/stm32f3xx_ll_tim.o
 .text.LL_TIM_Init
                0x0000000008000bbc       0xe8 Drivers/STM32F3xx_HAL_Driver/Src/stm32f3xx_ll_tim.o
                0x0000000008000bbc                LL_TIM_Init
 .text.LL_TIM_OC_Init
                0x0000000008000ca4       0x9a Drivers/STM32F3xx_HAL_Driver/Src/stm32f3xx_ll_tim.o
                0x0000000008000ca4                LL_TIM_OC_Init
 *fill*         0x0000000008000d3e        0x2 
 .text.OC1Config
                0x0000000008000d40      0x100 Drivers/STM32F3xx_HAL_Driver/Src/stm32f3xx_ll_tim.o
 .text.OC2Config
                0x0000000008000e40      0x108 Drivers/STM32F3xx_HAL_Driver/Src/stm32f3xx_ll_tim.o
 .text.OC3Config
                0x0000000008000f48      0x108 Drivers/STM32F3xx_HAL_Driver/Src/stm32f3xx_ll_tim.o
 .text.OC4Config
                0x0000000008001050       0xd8 Drivers/STM32F3xx_HAL_Driver/Src/stm32f3xx_ll_tim.o
 .text.OC5Config
                0x0000000008001128       0xc4 Drivers/STM32F3xx_HAL_Driver/Src/stm32f3xx_ll_tim.o
 .text.OC6Config
                0x00000000080011ec       0xc4 Drivers/STM32F3xx_HAL_Driver/Src/stm32f3xx_ll_tim.o
 .text.LL_InitTick
                0x00000000080012b0       0x34 Drivers/STM32F3xx_HAL_Driver/Src/stm32f3xx_ll_utils.o
 .text.LL_Init1msTick
                0x00000000080012e4       0x1a Drivers/STM32F3xx_HAL_Driver/Src/stm32f3xx_ll_utils.o
                0x00000000080012e4                LL_Init1msTick
 *fill*         0x00000000080012fe        0x2 
 .text.LL_mDelay
                0x0000000008001300       0x48 Drivers/STM32F3xx_HAL_Driver/Src/stm32f3xx_ll_utils.o
                0x0000000008001300                LL_mDelay
 .text.LL_SetSystemCoreClock
                0x0000000008001348       0x20 Drivers/STM32F3xx_HAL_Driver/Src/stm32f3xx_ll_utils.o
                0x0000000008001348                LL_SetSystemCoreClock
 .text.LL_TIM_ClearFlag_UPDATE
                0x0000000008001368       0x1c Src/display.o
 .text.LL_TIM_IsActiveFlag_UPDATE
                0x0000000008001384       0x26 Src/display.o
 .text.LL_GPIO_SetOutputPin
                0x00000000080013aa       0x1c Src/display.o
 .text.LL_GPIO_ResetOutputPin
                0x00000000080013c6       0x1c Src/display.o
 *fill*         0x00000000080013e2        0x2 
 .text.resetSegments
                0x00000000080013e4       0x5c Src/display.o
                0x00000000080013e4                resetSegments
 .text.resetDigits
                0x0000000008001440       0x3a Src/display.o
                0x0000000008001440                resetDigits
 *fill*         0x000000000800147a        0x2 
 .text.setDecimalPoint
                0x000000000800147c       0x14 Src/display.o
                0x000000000800147c                setDecimalPoint
 .text.setOne   0x0000000008001490       0x1e Src/display.o
                0x0000000008001490                setOne
 *fill*         0x00000000080014ae        0x2 
 .text.setTwo   0x00000000080014b0       0x3c Src/display.o
                0x00000000080014b0                setTwo
 .text.setThree
                0x00000000080014ec       0x3c Src/display.o
                0x00000000080014ec                setThree
 .text.setFour  0x0000000008001528       0x34 Src/display.o
                0x0000000008001528                setFour
 .text.setFive  0x000000000800155c       0x3c Src/display.o
                0x000000000800155c                setFive
 .text.setSix   0x0000000008001598       0x48 Src/display.o
                0x0000000008001598                setSix
 .text.setSeven
                0x00000000080015e0       0x28 Src/display.o
                0x00000000080015e0                setSeven
 .text.setEight
                0x0000000008001608       0x54 Src/display.o
                0x0000000008001608                setEight
 .text.setNine  0x000000000800165c       0x40 Src/display.o
                0x000000000800165c                setNine
 .text.setZero  0x000000000800169c       0x4c Src/display.o
                0x000000000800169c                setZero
 .text.setA     0x00000000080016e8       0x4c Src/display.o
                0x00000000080016e8                setA
 .text.seta     0x0000000008001734       0x48 Src/display.o
                0x0000000008001734                seta
 .text.setb     0x000000000800177c       0x40 Src/display.o
                0x000000000800177c                setb
 .text.setC     0x00000000080017bc       0x34 Src/display.o
                0x00000000080017bc                setC
 .text.setc     0x00000000080017f0       0x28 Src/display.o
                0x00000000080017f0                setc
 .text.setd     0x0000000008001818       0x40 Src/display.o
                0x0000000008001818                setd
 .text.setE     0x0000000008001858       0x3c Src/display.o
                0x0000000008001858                setE
 .text.setF     0x0000000008001894       0x34 Src/display.o
                0x0000000008001894                setF
 .text.setG     0x00000000080018c8       0x40 Src/display.o
                0x00000000080018c8                setG
 .text.setH     0x0000000008001908       0x40 Src/display.o
                0x0000000008001908                setH
 .text.seth     0x0000000008001948       0x38 Src/display.o
                0x0000000008001948                seth
 .text.setI     0x0000000008001980       0x1e Src/display.o
                0x0000000008001980                setI
 *fill*         0x000000000800199e        0x2 
 .text.setJ     0x00000000080019a0       0x38 Src/display.o
                0x00000000080019a0                setJ
 .text.setL     0x00000000080019d8       0x2c Src/display.o
                0x00000000080019d8                setL
 .text.setn     0x0000000008001a04       0x2c Src/display.o
                0x0000000008001a04                setn
 .text.setO     0x0000000008001a30       0x4c Src/display.o
                0x0000000008001a30                setO
 .text.seto     0x0000000008001a7c       0x34 Src/display.o
                0x0000000008001a7c                seto
 .text.setP     0x0000000008001ab0       0x40 Src/display.o
                0x0000000008001ab0                setP
 .text.setq     0x0000000008001af0       0x40 Src/display.o
                0x0000000008001af0                setq
 .text.setr     0x0000000008001b30       0x20 Src/display.o
                0x0000000008001b30                setr
 .text.setS     0x0000000008001b50       0x3c Src/display.o
                0x0000000008001b50                setS
 .text.sett     0x0000000008001b8c       0x34 Src/display.o
                0x0000000008001b8c                sett
 .text.setU     0x0000000008001bc0       0x40 Src/display.o
                0x0000000008001bc0                setU
 .text.setu     0x0000000008001c00       0x2c Src/display.o
                0x0000000008001c00                setu
 .text.sety     0x0000000008001c2c       0x3c Src/display.o
                0x0000000008001c2c                sety
 .text.setK     0x0000000008001c68       0x40 Src/display.o
                0x0000000008001c68                setK
 .text.setM     0x0000000008001ca8       0x34 Src/display.o
                0x0000000008001ca8                setM
 .text.setV     0x0000000008001cdc       0x28 Src/display.o
                0x0000000008001cdc                setV
 .text.setW     0x0000000008001d04       0x48 Src/display.o
                0x0000000008001d04                setW
 .text.setX     0x0000000008001d4c       0x28 Src/display.o
                0x0000000008001d4c                setX
 .text.setZ     0x0000000008001d74       0x3c Src/display.o
                0x0000000008001d74                setZ
 .text.setUnderscore
                0x0000000008001db0       0x14 Src/display.o
                0x0000000008001db0                setUnderscore
 .text.displayNumber
                0x0000000008001dc4       0x50 Src/display.o
                0x0000000008001dc4                displayNumber
 .text.setDigit
                0x0000000008001e14       0x64 Src/display.o
                0x0000000008001e14                setDigit
 .text.updateDisplay
                0x0000000008001e78      0x3f8 Src/display.o
                0x0000000008001e78                updateDisplay
 .text.TIM3_IRQHandler
                0x0000000008002270       0x24 Src/display.o
                0x0000000008002270                TIM3_IRQHandler
 .text.NVIC_GetPriorityGrouping
                0x0000000008002294       0x1c Src/gpio.o
 .text.NVIC_EnableIRQ
                0x00000000080022b0       0x34 Src/gpio.o
 .text.NVIC_SetPriority
                0x00000000080022e4       0x54 Src/gpio.o
 .text.NVIC_EncodePriority
                0x0000000008002338       0x66 Src/gpio.o
 *fill*         0x000000000800239e        0x2 
 .text.LL_AHB1_GRP1_EnableClock
                0x00000000080023a0       0x30 Src/gpio.o
 .text.LL_SYSCFG_SetEXTISource
                0x00000000080023d0       0x58 Src/gpio.o
 .text.LL_GPIO_SetPinMode
                0x0000000008002428       0x5a Src/gpio.o
 .text.LL_GPIO_SetPinPull
                0x0000000008002482       0x5a Src/gpio.o
 .text.LL_GPIO_ResetOutputPin
                0x00000000080024dc       0x1c Src/gpio.o
 .text.MX_GPIO_Init
                0x00000000080024f8       0xf4 Src/gpio.o
                0x00000000080024f8                MX_GPIO_Init
 .text.NVIC_GetPriorityGrouping
                0x00000000080025ec       0x1c Src/i2c.o
 .text.NVIC_EnableIRQ
                0x0000000008002608       0x34 Src/i2c.o
 .text.NVIC_SetPriority
                0x000000000800263c       0x54 Src/i2c.o
 .text.NVIC_EncodePriority
                0x0000000008002690       0x66 Src/i2c.o
 .text.LL_I2C_Enable
                0x00000000080026f6       0x20 Src/i2c.o
 .text.LL_I2C_EnableClockStretching
                0x0000000008002716       0x20 Src/i2c.o
 .text.LL_I2C_DisableGeneralCall
                0x0000000008002736       0x20 Src/i2c.o
 .text.LL_I2C_SetOwnAddress2
                0x0000000008002756       0x30 Src/i2c.o
 .text.LL_I2C_DisableOwnAddress2
                0x0000000008002786       0x20 Src/i2c.o
 .text.LL_I2C_EnableIT_RX
                0x00000000080027a6       0x20 Src/i2c.o
 .text.LL_I2C_DisableIT_RX
                0x00000000080027c6       0x20 Src/i2c.o
 .text.LL_I2C_IsActiveFlag_TXIS
                0x00000000080027e6       0x26 Src/i2c.o
 .text.LL_I2C_IsActiveFlag_RXNE
                0x000000000800280c       0x26 Src/i2c.o
 .text.LL_I2C_IsActiveFlag_STOP
                0x0000000008002832       0x26 Src/i2c.o
 .text.LL_I2C_ClearFlag_STOP
                0x0000000008002858       0x20 Src/i2c.o
 .text.LL_I2C_EnableAutoEndMode
                0x0000000008002878       0x20 Src/i2c.o
 .text.LL_I2C_HandleTransfer
                0x0000000008002898       0x4c Src/i2c.o
 .text.LL_I2C_ReceiveData8
                0x00000000080028e4       0x1a Src/i2c.o
 .text.LL_I2C_TransmitData8
                0x00000000080028fe       0x1e Src/i2c.o
 .text.LL_AHB1_GRP1_EnableClock
                0x000000000800291c       0x30 Src/i2c.o
 .text.LL_APB1_GRP1_EnableClock
                0x000000000800294c       0x30 Src/i2c.o
 .text.MX_I2C1_Init
                0x000000000800297c       0xe0 Src/i2c.o
                0x000000000800297c                MX_I2C1_Init
 .text.i2c_master_write
                0x0000000008002a5c       0x88 Src/i2c.o
                0x0000000008002a5c                i2c_master_write
 .text.i2c_master_read
                0x0000000008002ae4       0xf8 Src/i2c.o
                0x0000000008002ae4                i2c_master_read
 .text.I2C1_EV_IRQHandler
                0x0000000008002bdc       0x60 Src/i2c.o
                0x0000000008002bdc                I2C1_EV_IRQHandler
 .text.NVIC_SetPriorityGrouping
                0x0000000008002c3c       0x48 Src/main.o
 .text.LL_RCC_HSI_Enable
                0x0000000008002c84       0x20 Src/main.o
 .text.LL_RCC_HSI_IsReady
                0x0000000008002ca4       0x24 Src/main.o
 .text.LL_RCC_HSI_SetCalibTrimming
                0x0000000008002cc8       0x2c Src/main.o
 .text.LL_RCC_SetSysClkSource
                0x0000000008002cf4       0x28 Src/main.o
 .text.LL_RCC_GetSysClkSource
                0x0000000008002d1c       0x1c Src/main.o
 .text.LL_RCC_SetAHBPrescaler
                0x0000000008002d38       0x28 Src/main.o
 .text.LL_RCC_SetAPB1Prescaler
                0x0000000008002d60       0x28 Src/main.o
 .text.LL_RCC_SetAPB2Prescaler
                0x0000000008002d88       0x28 Src/main.o
 .text.LL_RCC_SetI2CClockSource
                0x0000000008002db0       0x30 Src/main.o
 .text.LL_APB1_GRP1_EnableClock
                0x0000000008002de0       0x30 Src/main.o
 .text.LL_APB2_GRP1_EnableClock
                0x0000000008002e10       0x30 Src/main.o
 .text.LL_FLASH_SetLatency
                0x0000000008002e40       0x28 Src/main.o
 .text.LL_FLASH_GetLatency
                0x0000000008002e68       0x1c Src/main.o
 .text.LL_SYSTICK_SetClkSource
                0x0000000008002e84       0x38 Src/main.o
 .text.main     0x0000000008002ebc      0x124 Src/main.o
                0x0000000008002ebc                main
 .text.SystemClock_Config
                0x0000000008002fe0       0x74 Src/main.o
                0x0000000008002fe0                SystemClock_Config
 .text.Error_Handler
                0x0000000008003054        0xe Src/main.o
                0x0000000008003054                Error_Handler
 *fill*         0x0000000008003062        0x2 
 .text.LL_EXTI_IsActiveFlag_0_31
                0x0000000008003064       0x2c Src/stm32f3xx_it.o
 .text.LL_EXTI_ClearFlag_0_31
                0x0000000008003090       0x20 Src/stm32f3xx_it.o
 .text.NMI_Handler
                0x00000000080030b0        0xe Src/stm32f3xx_it.o
                0x00000000080030b0                NMI_Handler
 .text.HardFault_Handler
                0x00000000080030be        0x6 Src/stm32f3xx_it.o
                0x00000000080030be                HardFault_Handler
 .text.MemManage_Handler
                0x00000000080030c4        0x6 Src/stm32f3xx_it.o
                0x00000000080030c4                MemManage_Handler
 .text.BusFault_Handler
                0x00000000080030ca        0x6 Src/stm32f3xx_it.o
                0x00000000080030ca                BusFault_Handler
 .text.UsageFault_Handler
                0x00000000080030d0        0x6 Src/stm32f3xx_it.o
                0x00000000080030d0                UsageFault_Handler
 .text.SVC_Handler
                0x00000000080030d6        0xe Src/stm32f3xx_it.o
                0x00000000080030d6                SVC_Handler
 .text.DebugMon_Handler
                0x00000000080030e4        0xe Src/stm32f3xx_it.o
                0x00000000080030e4                DebugMon_Handler
 .text.PendSV_Handler
                0x00000000080030f2        0xe Src/stm32f3xx_it.o
                0x00000000080030f2                PendSV_Handler
 .text.SysTick_Handler
                0x0000000008003100        0xe Src/stm32f3xx_it.o
                0x0000000008003100                SysTick_Handler
 *fill*         0x000000000800310e        0x2 
 .text.EXTI3_IRQHandler
                0x0000000008003110       0x58 Src/stm32f3xx_it.o
                0x0000000008003110                EXTI3_IRQHandler
 .text.checkButtonState
                0x0000000008003168       0x7a Src/stm32f3xx_it.o
                0x0000000008003168                checkButtonState
 *fill*         0x00000000080031e2        0x2 
 .text.SystemInit
                0x00000000080031e4       0x94 Src/system_stm32f3xx.o
                0x00000000080031e4                SystemInit
 .text.NVIC_GetPriorityGrouping
                0x0000000008003278       0x1c Src/tim.o
 .text.NVIC_EnableIRQ
                0x0000000008003294       0x34 Src/tim.o
 .text.NVIC_SetPriority
                0x00000000080032c8       0x54 Src/tim.o
 .text.NVIC_EncodePriority
                0x000000000800331c       0x66 Src/tim.o
 *fill*         0x0000000008003382        0x2 
 .text.LL_APB1_GRP1_EnableClock
                0x0000000008003384       0x30 Src/tim.o
 .text.LL_TIM_EnableCounter
                0x00000000080033b4       0x20 Src/tim.o
 .text.LL_TIM_EnableARRPreload
                0x00000000080033d4       0x20 Src/tim.o
 .text.LL_TIM_OC_DisableFast
                0x00000000080033f4       0x9c Src/tim.o
 .text.LL_TIM_SetClockSource
                0x0000000008003490       0x2a Src/tim.o
 .text.LL_TIM_SetTriggerOutput
                0x00000000080034ba       0x26 Src/tim.o
 .text.LL_TIM_DisableMasterSlaveMode
                0x00000000080034e0       0x20 Src/tim.o
 .text.LL_TIM_EnableIT_UPDATE
                0x0000000008003500       0x20 Src/tim.o
 .text.MX_TIM3_Init
                0x0000000008003520       0xc4 Src/tim.o
                0x0000000008003520                MX_TIM3_Init
 .text.Reset_Handler
                0x00000000080035e4       0x50 Startup/startup_stm32f303k8tx.o
                0x00000000080035e4                Reset_Handler
 .text.Default_Handler
                0x0000000008003634        0x2 Startup/startup_stm32f303k8tx.o
                0x0000000008003634                RTC_Alarm_IRQHandler
                0x0000000008003634                TIM1_CC_IRQHandler
                0x0000000008003634                PVD_IRQHandler
                0x0000000008003634                TAMP_STAMP_IRQHandler
                0x0000000008003634                EXTI0_IRQHandler
                0x0000000008003634                FPU_IRQHandler
                0x0000000008003634                CAN_TX_IRQHandler
                0x0000000008003634                TIM1_UP_TIM16_IRQHandler
                0x0000000008003634                ADC1_2_IRQHandler
                0x0000000008003634                SPI1_IRQHandler
                0x0000000008003634                CAN_SCE_IRQHandler
                0x0000000008003634                DMA1_Channel4_IRQHandler
                0x0000000008003634                USART3_IRQHandler
                0x0000000008003634                DMA1_Channel7_IRQHandler
                0x0000000008003634                TIM7_DAC2_IRQHandler
                0x0000000008003634                CAN_RX1_IRQHandler
                0x0000000008003634                DMA1_Channel6_IRQHandler
                0x0000000008003634                RCC_IRQHandler
                0x0000000008003634                DMA1_Channel1_IRQHandler
                0x0000000008003634                Default_Handler
                0x0000000008003634                EXTI15_10_IRQHandler
                0x0000000008003634                COMP2_IRQHandler
                0x0000000008003634                TIM6_DAC1_IRQHandler
                0x0000000008003634                EXTI9_5_IRQHandler
                0x0000000008003634                RTC_WKUP_IRQHandler
                0x0000000008003634                DMA1_Channel5_IRQHandler
                0x0000000008003634                EXTI4_IRQHandler
                0x0000000008003634                TIM1_TRG_COM_TIM17_IRQHandler
                0x0000000008003634                DMA1_Channel3_IRQHandler
                0x0000000008003634                WWDG_IRQHandler
                0x0000000008003634                TIM2_IRQHandler
                0x0000000008003634                EXTI1_IRQHandler
                0x0000000008003634                COMP4_6_IRQHandler
                0x0000000008003634                USART2_IRQHandler
                0x0000000008003634                DMA1_Channel2_IRQHandler
                0x0000000008003634                FLASH_IRQHandler
                0x0000000008003634                USART1_IRQHandler
                0x0000000008003634                CAN_RX0_IRQHandler
                0x0000000008003634                I2C1_ER_IRQHandler
                0x0000000008003634                EXTI2_TSC_IRQHandler
                0x0000000008003634                TIM1_BRK_TIM15_IRQHandler
 *fill*         0x0000000008003636        0x2 
 .text.lsm6ds0_read_byte
                0x0000000008003638       0x34 accelerometer/lsm6ds0.o
                0x0000000008003638                lsm6ds0_read_byte
 .text.lsm6ds0_write_byte
                0x000000000800366c       0x2c accelerometer/lsm6ds0.o
                0x000000000800366c                lsm6ds0_write_byte
 .text.lsm6ds0_readArray
                0x0000000008003698       0x30 accelerometer/lsm6ds0.o
                0x0000000008003698                lsm6ds0_readArray
 .text.lsm6ds0_get_acc
                0x00000000080036c8       0xc4 accelerometer/lsm6ds0.o
                0x00000000080036c8                lsm6ds0_get_acc
 .text.lsm6ds0_init
                0x000000000800378c       0x64 accelerometer/lsm6ds0.o
                0x000000000800378c                lsm6ds0_init
 .text.__libc_init_array
                0x00000000080037f0       0x48 f:/st/stm32cubeide_1.4.0/stm32cubeide/plugins/com.st.stm32cube.ide.mcu.externaltools.gnu-tools-for-stm32.7-2018-q2-update.win32_1.4.0.202007081208/tools/bin/../lib/gcc/arm-none-eabi/7.3.1/../../../../arm-none-eabi/lib/thumb/v7e-m/fpv4-sp/hard\libc_nano.a(lib_a-init.o)
                0x00000000080037f0                __libc_init_array
 .text.memset   0x0000000008003838       0x10 f:/st/stm32cubeide_1.4.0/stm32cubeide/plugins/com.st.stm32cube.ide.mcu.externaltools.gnu-tools-for-stm32.7-2018-q2-update.win32_1.4.0.202007081208/tools/bin/../lib/gcc/arm-none-eabi/7.3.1/../../../../arm-none-eabi/lib/thumb/v7e-m/fpv4-sp/hard\libc_nano.a(lib_a-memset.o)
                0x0000000008003838                memset
 *(.glue_7)
 .glue_7        0x0000000008003848        0x0 linker stubs
 *(.glue_7t)
 .glue_7t       0x0000000008003848        0x0 linker stubs
 *(.eh_frame)
 .eh_frame      0x0000000008003848        0x0 f:/st/stm32cubeide_1.4.0/stm32cubeide/plugins/com.st.stm32cube.ide.mcu.externaltools.gnu-tools-for-stm32.7-2018-q2-update.win32_1.4.0.202007081208/tools/bin/../lib/gcc/arm-none-eabi/7.3.1/thumb/v7e-m/fpv4-sp/hard/crtbegin.o
 *(.init)
 .init          0x0000000008003848        0x4 f:/st/stm32cubeide_1.4.0/stm32cubeide/plugins/com.st.stm32cube.ide.mcu.externaltools.gnu-tools-for-stm32.7-2018-q2-update.win32_1.4.0.202007081208/tools/bin/../lib/gcc/arm-none-eabi/7.3.1/thumb/v7e-m/fpv4-sp/hard/crti.o
                0x0000000008003848                _init
 .init          0x000000000800384c        0x8 f:/st/stm32cubeide_1.4.0/stm32cubeide/plugins/com.st.stm32cube.ide.mcu.externaltools.gnu-tools-for-stm32.7-2018-q2-update.win32_1.4.0.202007081208/tools/bin/../lib/gcc/arm-none-eabi/7.3.1/thumb/v7e-m/fpv4-sp/hard/crtn.o
 *(.fini)
 .fini          0x0000000008003854        0x4 f:/st/stm32cubeide_1.4.0/stm32cubeide/plugins/com.st.stm32cube.ide.mcu.externaltools.gnu-tools-for-stm32.7-2018-q2-update.win32_1.4.0.202007081208/tools/bin/../lib/gcc/arm-none-eabi/7.3.1/thumb/v7e-m/fpv4-sp/hard/crti.o
                0x0000000008003854                _fini
 .fini          0x0000000008003858        0x8 f:/st/stm32cubeide_1.4.0/stm32cubeide/plugins/com.st.stm32cube.ide.mcu.externaltools.gnu-tools-for-stm32.7-2018-q2-update.win32_1.4.0.202007081208/tools/bin/../lib/gcc/arm-none-eabi/7.3.1/thumb/v7e-m/fpv4-sp/hard/crtn.o
                0x0000000008003860                . = ALIGN (0x4)
                0x0000000008003860                _etext = .

.vfp11_veneer   0x0000000008003860        0x0
 .vfp11_veneer  0x0000000008003860        0x0 linker stubs

.v4_bx          0x0000000008003860        0x0
 .v4_bx         0x0000000008003860        0x0 linker stubs

.iplt           0x0000000008003860        0x0
 .iplt          0x0000000008003860        0x0 f:/st/stm32cubeide_1.4.0/stm32cubeide/plugins/com.st.stm32cube.ide.mcu.externaltools.gnu-tools-for-stm32.7-2018-q2-update.win32_1.4.0.202007081208/tools/bin/../lib/gcc/arm-none-eabi/7.3.1/thumb/v7e-m/fpv4-sp/hard/crtbegin.o

.rodata         0x0000000008003860       0x18
                0x0000000008003860                . = ALIGN (0x4)
 *(.rodata)
 *(.rodata*)
 .rodata.OFFSET_TAB_CCMRx
                0x0000000008003860        0x9 Src/tim.o
 *fill*         0x0000000008003869        0x3 
 .rodata.SHIFT_TAB_OCxx
                0x000000000800386c        0x9 Src/tim.o
                0x0000000008003878                . = ALIGN (0x4)
 *fill*         0x0000000008003875        0x3 

.rel.dyn        0x0000000008003878        0x0
 .rel.iplt      0x0000000008003878        0x0 f:/st/stm32cubeide_1.4.0/stm32cubeide/plugins/com.st.stm32cube.ide.mcu.externaltools.gnu-tools-for-stm32.7-2018-q2-update.win32_1.4.0.202007081208/tools/bin/../lib/gcc/arm-none-eabi/7.3.1/thumb/v7e-m/fpv4-sp/hard/crtbegin.o

.ARM.extab      0x0000000008003878        0x0
                0x0000000008003878                . = ALIGN (0x4)
 *(.ARM.extab* .gnu.linkonce.armextab.*)
                0x0000000008003878                . = ALIGN (0x4)

.ARM            0x0000000008003878        0x0
                0x0000000008003878                . = ALIGN (0x4)
                0x0000000008003878                __exidx_start = .
 *(.ARM.exidx*)
                0x0000000008003878                __exidx_end = .
                0x0000000008003878                . = ALIGN (0x4)

.preinit_array  0x0000000008003878        0x0
                0x0000000008003878                . = ALIGN (0x4)
                0x0000000008003878                PROVIDE (__preinit_array_start = .)
 *(.preinit_array*)
                0x0000000008003878                PROVIDE (__preinit_array_end = .)
                0x0000000008003878                . = ALIGN (0x4)

.init_array     0x0000000008003878        0x4
                0x0000000008003878                . = ALIGN (0x4)
                0x0000000008003878                PROVIDE (__init_array_start = .)
 *(SORT_BY_NAME(.init_array.*))
 *(.init_array*)
 .init_array    0x0000000008003878        0x4 f:/st/stm32cubeide_1.4.0/stm32cubeide/plugins/com.st.stm32cube.ide.mcu.externaltools.gnu-tools-for-stm32.7-2018-q2-update.win32_1.4.0.202007081208/tools/bin/../lib/gcc/arm-none-eabi/7.3.1/thumb/v7e-m/fpv4-sp/hard/crtbegin.o
                0x000000000800387c                PROVIDE (__init_array_end = .)
                0x000000000800387c                . = ALIGN (0x4)

.fini_array     0x000000000800387c        0x4
                0x000000000800387c                . = ALIGN (0x4)
                [!provide]                        PROVIDE (__fini_array_start = .)
 *(SORT_BY_NAME(.fini_array.*))
 *(.fini_array*)
 .fini_array    0x000000000800387c        0x4 f:/st/stm32cubeide_1.4.0/stm32cubeide/plugins/com.st.stm32cube.ide.mcu.externaltools.gnu-tools-for-stm32.7-2018-q2-update.win32_1.4.0.202007081208/tools/bin/../lib/gcc/arm-none-eabi/7.3.1/thumb/v7e-m/fpv4-sp/hard/crtbegin.o
                [!provide]                        PROVIDE (__fini_array_end = .)
                0x0000000008003880                . = ALIGN (0x4)
                0x0000000008003880                _sidata = LOADADDR (.data)

.data           0x0000000020000000       0x14 load address 0x0000000008003880
                0x0000000020000000                . = ALIGN (0x4)
                0x0000000020000000                _sdata = .
 *(.data)
 *(.data*)
 .data.switch_state
                0x0000000020000000        0x1 Src/main.o
                0x0000000020000000                switch_state
 *fill*         0x0000000020000001        0x3 
 .data.string   0x0000000020000004        0x6 Src/main.o
                0x0000000020000004                string
 *fill*         0x000000002000000a        0x2 
 .data.SystemCoreClock
                0x000000002000000c        0x4 Src/system_stm32f3xx.o
                0x000000002000000c                SystemCoreClock
 .data.addres   0x0000000020000010        0x1 accelerometer/lsm6ds0.o
                0x0000000020000010                addres
                0x0000000020000014                . = ALIGN (0x4)
 *fill*         0x0000000020000011        0x3 
                0x0000000020000014                _edata = .

.igot.plt       0x0000000020000014        0x0 load address 0x0000000008003894
 .igot.plt      0x0000000020000014        0x0 f:/st/stm32cubeide_1.4.0/stm32cubeide/plugins/com.st.stm32cube.ide.mcu.externaltools.gnu-tools-for-stm32.7-2018-q2-update.win32_1.4.0.202007081208/tools/bin/../lib/gcc/arm-none-eabi/7.3.1/thumb/v7e-m/fpv4-sp/hard/crtbegin.o
                0x0000000020000014                . = ALIGN (0x4)

.bss            0x0000000020000018       0x5c load address 0x0000000008003894
                0x0000000020000018                _sbss = .
                0x0000000020000018                __bss_start__ = _sbss
 *(.bss)
 .bss           0x0000000020000018       0x1c f:/st/stm32cubeide_1.4.0/stm32cubeide/plugins/com.st.stm32cube.ide.mcu.externaltools.gnu-tools-for-stm32.7-2018-q2-update.win32_1.4.0.202007081208/tools/bin/../lib/gcc/arm-none-eabi/7.3.1/thumb/v7e-m/fpv4-sp/hard/crtbegin.o
 *(.bss*)
 .bss.dDisplayData
                0x0000000020000034        0x7 Src/display.o
                0x0000000020000034                dDisplayData
 *fill*         0x000000002000003b        0x5 
 .bss.disp_time
                0x0000000020000040        0x8 Src/display.o
                0x0000000020000040                disp_time
 .bss.disp_time_saved
                0x0000000020000048        0x8 Src/display.o
                0x0000000020000048                disp_time_saved
 .bss.end_of_read_flag
                0x0000000020000050        0x1 Src/i2c.o
                0x0000000020000050                end_of_read_flag
 .bss.ubReceiveIndex
                0x0000000020000051        0x1 Src/i2c.o
                0x0000000020000051                ubReceiveIndex
 .bss.pos       0x0000000020000052        0x1 Src/main.o
                0x0000000020000052                pos
 .bss.backwards
                0x0000000020000053        0x1 Src/main.o
                0x0000000020000053                backwards
 *(COMMON)
 COMMON         0x0000000020000054        0x4 Src/i2c.o
                0x0000000020000054                aReceiveBuffer_read
 COMMON         0x0000000020000058       0x1c Src/main.o
                0x0000000020000058                acc
                0x0000000020000064                string_disp
                0x0000000020000068                mag
                0x0000000020000074                . = ALIGN (0x4)
                0x0000000020000074                _ebss = .
                0x0000000020000074                __bss_end__ = _ebss

._user_heap_stack
                0x0000000020000074      0x604 load address 0x0000000008003894
                0x0000000020000078                . = ALIGN (0x8)
 *fill*         0x0000000020000074        0x4 
                0x0000000020000078                PROVIDE (end = .)
                [!provide]                        PROVIDE (_end = .)
                0x0000000020000278                . = (. + _Min_Heap_Size)
 *fill*         0x0000000020000078      0x200 
                0x0000000020000678                . = (. + _Min_Stack_Size)
 *fill*         0x0000000020000278      0x400 
                0x0000000020000678                . = ALIGN (0x8)

/DISCARD/
 libc.a(*)
 libm.a(*)
 libgcc.a(*)

.ARM.attributes
                0x0000000000000000       0x30
 *(.ARM.attributes)
 .ARM.attributes
                0x0000000000000000       0x22 f:/st/stm32cubeide_1.4.0/stm32cubeide/plugins/com.st.stm32cube.ide.mcu.externaltools.gnu-tools-for-stm32.7-2018-q2-update.win32_1.4.0.202007081208/tools/bin/../lib/gcc/arm-none-eabi/7.3.1/thumb/v7e-m/fpv4-sp/hard/crti.o
 .ARM.attributes
                0x0000000000000022       0x34 f:/st/stm32cubeide_1.4.0/stm32cubeide/plugins/com.st.stm32cube.ide.mcu.externaltools.gnu-tools-for-stm32.7-2018-q2-update.win32_1.4.0.202007081208/tools/bin/../lib/gcc/arm-none-eabi/7.3.1/thumb/v7e-m/fpv4-sp/hard/crtbegin.o
 .ARM.attributes
                0x0000000000000056       0x39 Drivers/STM32F3xx_HAL_Driver/Src/stm32f3xx_ll_exti.o
 .ARM.attributes
                0x000000000000008f       0x39 Drivers/STM32F3xx_HAL_Driver/Src/stm32f3xx_ll_gpio.o
 .ARM.attributes
                0x00000000000000c8       0x39 Drivers/STM32F3xx_HAL_Driver/Src/stm32f3xx_ll_i2c.o
 .ARM.attributes
                0x0000000000000101       0x39 Drivers/STM32F3xx_HAL_Driver/Src/stm32f3xx_ll_tim.o
 .ARM.attributes
                0x000000000000013a       0x39 Drivers/STM32F3xx_HAL_Driver/Src/stm32f3xx_ll_utils.o
 .ARM.attributes
                0x0000000000000173       0x39 Src/display.o
 .ARM.attributes
                0x00000000000001ac       0x39 Src/gpio.o
 .ARM.attributes
                0x00000000000001e5       0x39 Src/i2c.o
 .ARM.attributes
                0x000000000000021e       0x39 Src/main.o
 .ARM.attributes
                0x0000000000000257       0x39 Src/stm32f3xx_it.o
 .ARM.attributes
                0x0000000000000290       0x39 Src/system_stm32f3xx.o
 .ARM.attributes
                0x00000000000002c9       0x39 Src/tim.o
 .ARM.attributes
                0x0000000000000302       0x21 Startup/startup_stm32f303k8tx.o
 .ARM.attributes
                0x0000000000000323       0x39 accelerometer/lsm6ds0.o
 .ARM.attributes
                0x000000000000035c       0x34 f:/st/stm32cubeide_1.4.0/stm32cubeide/plugins/com.st.stm32cube.ide.mcu.externaltools.gnu-tools-for-stm32.7-2018-q2-update.win32_1.4.0.202007081208/tools/bin/../lib/gcc/arm-none-eabi/7.3.1/../../../../arm-none-eabi/lib/thumb/v7e-m/fpv4-sp/hard\libc_nano.a(lib_a-init.o)
 .ARM.attributes
                0x0000000000000390       0x34 f:/st/stm32cubeide_1.4.0/stm32cubeide/plugins/com.st.stm32cube.ide.mcu.externaltools.gnu-tools-for-stm32.7-2018-q2-update.win32_1.4.0.202007081208/tools/bin/../lib/gcc/arm-none-eabi/7.3.1/../../../../arm-none-eabi/lib/thumb/v7e-m/fpv4-sp/hard\libc_nano.a(lib_a-memset.o)
 .ARM.attributes
                0x00000000000003c4       0x22 f:/st/stm32cubeide_1.4.0/stm32cubeide/plugins/com.st.stm32cube.ide.mcu.externaltools.gnu-tools-for-stm32.7-2018-q2-update.win32_1.4.0.202007081208/tools/bin/../lib/gcc/arm-none-eabi/7.3.1/thumb/v7e-m/fpv4-sp/hard/crtn.o
OUTPUT(i2c_comm.elf elf32-littlearm)

.debug_info     0x0000000000000000     0x7644
 .debug_info    0x0000000000000000      0x550 Drivers/STM32F3xx_HAL_Driver/Src/stm32f3xx_ll_exti.o
 .debug_info    0x0000000000000550      0x7e2 Drivers/STM32F3xx_HAL_Driver/Src/stm32f3xx_ll_gpio.o
 .debug_info    0x0000000000000d32      0x5ab Drivers/STM32F3xx_HAL_Driver/Src/stm32f3xx_ll_i2c.o
 .debug_info    0x00000000000012dd      0xf9f Drivers/STM32F3xx_HAL_Driver/Src/stm32f3xx_ll_tim.o
 .debug_info    0x000000000000227c      0x818 Drivers/STM32F3xx_HAL_Driver/Src/stm32f3xx_ll_utils.o
 .debug_info    0x0000000000002a94     0x10e7 Src/display.o
 .debug_info    0x0000000000003b7b      0xc5b Src/gpio.o
 .debug_info    0x00000000000047d6      0xdd6 Src/i2c.o
 .debug_info    0x00000000000055ac      0x8a8 Src/main.o
 .debug_info    0x0000000000005e54      0x4bc Src/stm32f3xx_it.o
 .debug_info    0x0000000000006310      0x400 Src/system_stm32f3xx.o
 .debug_info    0x0000000000006710      0xb5c Src/tim.o
 .debug_info    0x000000000000726c       0x22 Startup/startup_stm32f303k8tx.o
 .debug_info    0x000000000000728e      0x3b6 accelerometer/lsm6ds0.o

.debug_abbrev   0x0000000000000000     0x181f
 .debug_abbrev  0x0000000000000000      0x19e Drivers/STM32F3xx_HAL_Driver/Src/stm32f3xx_ll_exti.o
 .debug_abbrev  0x000000000000019e      0x212 Drivers/STM32F3xx_HAL_Driver/Src/stm32f3xx_ll_gpio.o
 .debug_abbrev  0x00000000000003b0      0x184 Drivers/STM32F3xx_HAL_Driver/Src/stm32f3xx_ll_i2c.o
 .debug_abbrev  0x0000000000000534      0x1ff Drivers/STM32F3xx_HAL_Driver/Src/stm32f3xx_ll_tim.o
 .debug_abbrev  0x0000000000000733      0x266 Drivers/STM32F3xx_HAL_Driver/Src/stm32f3xx_ll_utils.o
 .debug_abbrev  0x0000000000000999      0x272 Src/display.o
 .debug_abbrev  0x0000000000000c0b      0x245 Src/gpio.o
 .debug_abbrev  0x0000000000000e50      0x224 Src/i2c.o
 .debug_abbrev  0x0000000000001074      0x1e4 Src/main.o
 .debug_abbrev  0x0000000000001258      0x1a7 Src/stm32f3xx_it.o
 .debug_abbrev  0x00000000000013ff      0x111 Src/system_stm32f3xx.o
 .debug_abbrev  0x0000000000001510      0x1c1 Src/tim.o
 .debug_abbrev  0x00000000000016d1       0x12 Startup/startup_stm32f303k8tx.o
 .debug_abbrev  0x00000000000016e3      0x13c accelerometer/lsm6ds0.o

.debug_aranges  0x0000000000000000      0x938
 .debug_aranges
                0x0000000000000000       0xb0 Drivers/STM32F3xx_HAL_Driver/Src/stm32f3xx_ll_exti.o
 .debug_aranges
                0x00000000000000b0       0x70 Drivers/STM32F3xx_HAL_Driver/Src/stm32f3xx_ll_gpio.o
 .debug_aranges
                0x0000000000000120       0x88 Drivers/STM32F3xx_HAL_Driver/Src/stm32f3xx_ll_i2c.o
 .debug_aranges
                0x00000000000001a8      0x148 Drivers/STM32F3xx_HAL_Driver/Src/stm32f3xx_ll_tim.o
 .debug_aranges
                0x00000000000002f0       0xf0 Drivers/STM32F3xx_HAL_Driver/Src/stm32f3xx_ll_utils.o
 .debug_aranges
                0x00000000000003e0      0x1d0 Src/display.o
 .debug_aranges
                0x00000000000005b0       0x68 Src/gpio.o
 .debug_aranges
                0x0000000000000618       0xe0 Src/i2c.o
 .debug_aranges
                0x00000000000006f8       0xa8 Src/main.o
 .debug_aranges
                0x00000000000007a0       0x80 Src/stm32f3xx_it.o
 .debug_aranges
                0x0000000000000820       0x28 Src/system_stm32f3xx.o
 .debug_aranges
                0x0000000000000848       0x80 Src/tim.o
 .debug_aranges
                0x00000000000008c8       0x28 Startup/startup_stm32f303k8tx.o
 .debug_aranges
                0x00000000000008f0       0x48 accelerometer/lsm6ds0.o

.debug_ranges   0x0000000000000000      0x860
 .debug_ranges  0x0000000000000000       0xa0 Drivers/STM32F3xx_HAL_Driver/Src/stm32f3xx_ll_exti.o
 .debug_ranges  0x00000000000000a0       0x60 Drivers/STM32F3xx_HAL_Driver/Src/stm32f3xx_ll_gpio.o
 .debug_ranges  0x0000000000000100       0x78 Drivers/STM32F3xx_HAL_Driver/Src/stm32f3xx_ll_i2c.o
 .debug_ranges  0x0000000000000178      0x138 Drivers/STM32F3xx_HAL_Driver/Src/stm32f3xx_ll_tim.o
 .debug_ranges  0x00000000000002b0       0xe0 Drivers/STM32F3xx_HAL_Driver/Src/stm32f3xx_ll_utils.o
 .debug_ranges  0x0000000000000390      0x1c0 Src/display.o
 .debug_ranges  0x0000000000000550       0x58 Src/gpio.o
 .debug_ranges  0x00000000000005a8       0xd0 Src/i2c.o
 .debug_ranges  0x0000000000000678       0x98 Src/main.o
 .debug_ranges  0x0000000000000710       0x70 Src/stm32f3xx_it.o
 .debug_ranges  0x0000000000000780       0x18 Src/system_stm32f3xx.o
 .debug_ranges  0x0000000000000798       0x70 Src/tim.o
 .debug_ranges  0x0000000000000808       0x20 Startup/startup_stm32f303k8tx.o
 .debug_ranges  0x0000000000000828       0x38 accelerometer/lsm6ds0.o

.debug_macro    0x0000000000000000     0x4776
 .debug_macro   0x0000000000000000       0xf7 Drivers/STM32F3xx_HAL_Driver/Src/stm32f3xx_ll_exti.o
 .debug_macro   0x00000000000000f7       0xfc Drivers/STM32F3xx_HAL_Driver/Src/stm32f3xx_ll_exti.o
 .debug_macro   0x00000000000001f3      0x10c Drivers/STM32F3xx_HAL_Driver/Src/stm32f3xx_ll_gpio.o
 .debug_macro   0x00000000000002ff      0x149 Drivers/STM32F3xx_HAL_Driver/Src/stm32f3xx_ll_gpio.o
 .debug_macro   0x0000000000000448      0x10c Drivers/STM32F3xx_HAL_Driver/Src/stm32f3xx_ll_i2c.o
 .debug_macro   0x0000000000000554      0x249 Drivers/STM32F3xx_HAL_Driver/Src/stm32f3xx_ll_i2c.o
 .debug_macro   0x000000000000079d      0x179 Drivers/STM32F3xx_HAL_Driver/Src/stm32f3xx_ll_tim.o
 .debug_macro   0x0000000000000916      0x800 Drivers/STM32F3xx_HAL_Driver/Src/stm32f3xx_ll_tim.o
 .debug_macro   0x0000000000001116      0x14a Drivers/STM32F3xx_HAL_Driver/Src/stm32f3xx_ll_utils.o
 .debug_macro   0x0000000000001260       0x30 Drivers/STM32F3xx_HAL_Driver/Src/stm32f3xx_ll_utils.o
 .debug_macro   0x0000000000001290      0x2a5 Drivers/STM32F3xx_HAL_Driver/Src/stm32f3xx_ll_utils.o
 .debug_macro   0x0000000000001535       0xaf Drivers/STM32F3xx_HAL_Driver/Src/stm32f3xx_ll_utils.o
 .debug_macro   0x00000000000015e4      0x2d0 Src/display.o
 .debug_macro   0x00000000000018b4      0x24f Src/display.o
 .debug_macro   0x0000000000001b03      0x4bb Src/display.o
 .debug_macro   0x0000000000001fbe      0x102 Src/display.o
 .debug_macro   0x00000000000020c0       0x28 Src/display.o
 .debug_macro   0x00000000000020e8      0x287 Src/display.o
 .debug_macro   0x000000000000236f      0x806 Src/display.o
 .debug_macro   0x0000000000002b75      0x14f Src/display.o
 .debug_macro   0x0000000000002cc4       0xd0 Src/display.o
 .debug_macro   0x0000000000002d94       0x46 Src/display.o
 .debug_macro   0x0000000000002dda       0x18 Src/display.o
 .debug_macro   0x0000000000002df2       0x3c Src/display.o
 .debug_macro   0x0000000000002e2e       0x34 Src/display.o
 .debug_macro   0x0000000000002e62       0x16 Src/display.o
 .debug_macro   0x0000000000002e78       0x97 Src/display.o
 .debug_macro   0x0000000000002f0f      0x330 Src/display.o
 .debug_macro   0x000000000000323f       0xfd Src/display.o
 .debug_macro   0x000000000000333c       0x10 Src/display.o
 .debug_macro   0x000000000000334c       0x52 Src/display.o
 .debug_macro   0x000000000000339e       0x1f Src/display.o
 .debug_macro   0x00000000000033bd       0x43 Src/display.o
 .debug_macro   0x0000000000003400       0x20 Src/display.o
 .debug_macro   0x0000000000003420      0x1a3 Src/display.o
 .debug_macro   0x00000000000035c3       0x10 Src/display.o
 .debug_macro   0x00000000000035d3       0x1c Src/display.o
 .debug_macro   0x00000000000035ef       0x52 Src/display.o
 .debug_macro   0x0000000000003641       0x40 Src/display.o
 .debug_macro   0x0000000000003681       0x10 Src/display.o
 .debug_macro   0x0000000000003691       0x40 Src/display.o
 .debug_macro   0x00000000000036d1       0xd7 Src/display.o
 .debug_macro   0x00000000000037a8       0x1c Src/display.o
 .debug_macro   0x00000000000037c4       0x3d Src/display.o
 .debug_macro   0x0000000000003801       0x16 Src/display.o
 .debug_macro   0x0000000000003817      0x145 Src/display.o
 .debug_macro   0x000000000000395c       0x16 Src/display.o
 .debug_macro   0x0000000000003972       0x35 Src/display.o
 .debug_macro   0x00000000000039a7       0x20 Src/display.o
 .debug_macro   0x00000000000039c7       0x82 Src/display.o
 .debug_macro   0x0000000000003a49      0x146 Src/gpio.o
 .debug_macro   0x0000000000003b8f      0x146 Src/i2c.o
 .debug_macro   0x0000000000003cd5      0x182 Src/main.o
 .debug_macro   0x0000000000003e57      0x3ad Src/main.o
 .debug_macro   0x0000000000004204       0x3a Src/main.o
 .debug_macro   0x000000000000423e       0x2e Src/main.o
 .debug_macro   0x000000000000426c       0x28 Src/main.o
 .debug_macro   0x0000000000004294      0x145 Src/stm32f3xx_it.o
 .debug_macro   0x00000000000043d9       0x34 Src/stm32f3xx_it.o
 .debug_macro   0x000000000000440d       0xd0 Src/system_stm32f3xx.o
 .debug_macro   0x00000000000044dd      0x146 Src/tim.o
 .debug_macro   0x0000000000004623      0x153 accelerometer/lsm6ds0.o

.debug_line     0x0000000000000000     0x5fea
 .debug_line    0x0000000000000000      0x64f Drivers/STM32F3xx_HAL_Driver/Src/stm32f3xx_ll_exti.o
 .debug_line    0x000000000000064f      0x670 Drivers/STM32F3xx_HAL_Driver/Src/stm32f3xx_ll_gpio.o
 .debug_line    0x0000000000000cbf      0x5d2 Drivers/STM32F3xx_HAL_Driver/Src/stm32f3xx_ll_i2c.o
 .debug_line    0x0000000000001291      0x97d Drivers/STM32F3xx_HAL_Driver/Src/stm32f3xx_ll_tim.o
 .debug_line    0x0000000000001c0e      0x764 Drivers/STM32F3xx_HAL_Driver/Src/stm32f3xx_ll_utils.o
 .debug_line    0x0000000000002372      0xd3c Src/display.o
 .debug_line    0x00000000000030ae      0x6c2 Src/gpio.o
 .debug_line    0x0000000000003770      0x7dd Src/i2c.o
 .debug_line    0x0000000000003f4d      0x7cd Src/main.o
 .debug_line    0x000000000000471a      0x6a5 Src/stm32f3xx_it.o
 .debug_line    0x0000000000004dbf      0x48a Src/system_stm32f3xx.o
 .debug_line    0x0000000000005249      0x714 Src/tim.o
 .debug_line    0x000000000000595d       0x81 Startup/startup_stm32f303k8tx.o
 .debug_line    0x00000000000059de      0x60c accelerometer/lsm6ds0.o

.debug_str      0x0000000000000000    0x78ff5
 .debug_str     0x0000000000000000    0x63c62 Drivers/STM32F3xx_HAL_Driver/Src/stm32f3xx_ll_exti.o
                                      0x63df7 (size before relaxing)
 .debug_str     0x0000000000063c62     0x1412 Drivers/STM32F3xx_HAL_Driver/Src/stm32f3xx_ll_gpio.o
                                      0x6482c (size before relaxing)
 .debug_str     0x0000000000065074     0x147b Drivers/STM32F3xx_HAL_Driver/Src/stm32f3xx_ll_i2c.o
                                      0x64eb4 (size before relaxing)
 .debug_str     0x00000000000664ef     0x5cac Drivers/STM32F3xx_HAL_Driver/Src/stm32f3xx_ll_tim.o
                                      0x69748 (size before relaxing)
 .debug_str     0x000000000006c19b     0x503a Drivers/STM32F3xx_HAL_Driver/Src/stm32f3xx_ll_utils.o
                                      0x684c6 (size before relaxing)
 .debug_str     0x00000000000711d5     0x5eeb Src/display.o
                                      0x73875 (size before relaxing)
 .debug_str     0x00000000000770c0      0x470 Src/gpio.o
                                      0x6f550 (size before relaxing)
 .debug_str     0x0000000000077530      0x24b Src/i2c.o
                                      0x6f6fb (size before relaxing)
 .debug_str     0x000000000007777b     0x1466 Src/main.o
                                      0x7051a (size before relaxing)
 .debug_str     0x0000000000078be1      0x1e9 Src/stm32f3xx_it.o
                                      0x6f0f3 (size before relaxing)
 .debug_str     0x0000000000078dca       0x6e Src/system_stm32f3xx.o
                                      0x634d2 (size before relaxing)
 .debug_str     0x0000000000078e38       0xe3 Src/tim.o
                                      0x6f597 (size before relaxing)
 .debug_str     0x0000000000078f1b       0x31 Startup/startup_stm32f303k8tx.o
                                         0x73 (size before relaxing)
 .debug_str     0x0000000000078f4c       0xa9 accelerometer/lsm6ds0.o
                                      0x6f062 (size before relaxing)

.comment        0x0000000000000000       0x7b
 .comment       0x0000000000000000       0x7b Drivers/STM32F3xx_HAL_Driver/Src/stm32f3xx_ll_exti.o
                                         0x7c (size before relaxing)
 .comment       0x000000000000007b       0x7c Drivers/STM32F3xx_HAL_Driver/Src/stm32f3xx_ll_gpio.o
 .comment       0x000000000000007b       0x7c Drivers/STM32F3xx_HAL_Driver/Src/stm32f3xx_ll_i2c.o
 .comment       0x000000000000007b       0x7c Drivers/STM32F3xx_HAL_Driver/Src/stm32f3xx_ll_tim.o
 .comment       0x000000000000007b       0x7c Drivers/STM32F3xx_HAL_Driver/Src/stm32f3xx_ll_utils.o
 .comment       0x000000000000007b       0x7c Src/display.o
 .comment       0x000000000000007b       0x7c Src/gpio.o
 .comment       0x000000000000007b       0x7c Src/i2c.o
 .comment       0x000000000000007b       0x7c Src/main.o
 .comment       0x000000000000007b       0x7c Src/stm32f3xx_it.o
 .comment       0x000000000000007b       0x7c Src/system_stm32f3xx.o
 .comment       0x000000000000007b       0x7c Src/tim.o
 .comment       0x000000000000007b       0x7c accelerometer/lsm6ds0.o

.debug_frame    0x0000000000000000     0x2464
 .debug_frame   0x0000000000000000      0x2fc Drivers/STM32F3xx_HAL_Driver/Src/stm32f3xx_ll_exti.o
 .debug_frame   0x00000000000002fc      0x1c0 Drivers/STM32F3xx_HAL_Driver/Src/stm32f3xx_ll_gpio.o
 .debug_frame   0x00000000000004bc      0x238 Drivers/STM32F3xx_HAL_Driver/Src/stm32f3xx_ll_i2c.o
 .debug_frame   0x00000000000006f4      0x5d0 Drivers/STM32F3xx_HAL_Driver/Src/stm32f3xx_ll_tim.o
 .debug_frame   0x0000000000000cc4      0x3dc Drivers/STM32F3xx_HAL_Driver/Src/stm32f3xx_ll_utils.o
 .debug_frame   0x00000000000010a0      0x664 Src/display.o
 .debug_frame   0x0000000000001704      0x194 Src/gpio.o
 .debug_frame   0x0000000000001898      0x3e4 Src/i2c.o
 .debug_frame   0x0000000000001c7c      0x2a4 Src/main.o
 .debug_frame   0x0000000000001f20      0x1a8 Src/stm32f3xx_it.o
 .debug_frame   0x00000000000020c8       0x58 Src/system_stm32f3xx.o
 .debug_frame   0x0000000000002120      0x210 Src/tim.o
 .debug_frame   0x0000000000002330       0xe8 accelerometer/lsm6ds0.o
 .debug_frame   0x0000000000002418       0x2c f:/st/stm32cubeide_1.4.0/stm32cubeide/plugins/com.st.stm32cube.ide.mcu.externaltools.gnu-tools-for-stm32.7-2018-q2-update.win32_1.4.0.202007081208/tools/bin/../lib/gcc/arm-none-eabi/7.3.1/../../../../arm-none-eabi/lib/thumb/v7e-m/fpv4-sp/hard\libc_nano.a(lib_a-init.o)
 .debug_frame   0x0000000000002444       0x20 f:/st/stm32cubeide_1.4.0/stm32cubeide/plugins/com.st.stm32cube.ide.mcu.externaltools.gnu-tools-for-stm32.7-2018-q2-update.win32_1.4.0.202007081208/tools/bin/../lib/gcc/arm-none-eabi/7.3.1/../../../../arm-none-eabi/lib/thumb/v7e-m/fpv4-sp/hard\libc_nano.a(lib_a-memset.o)
