stm32f3xx_ll_tim.h:3971:22:LL_TIM_ClearFlag_UPDATE	16	static
stm32f3xx_ll_tim.h:3982:26:LL_TIM_IsActiveFlag_UPDATE	16	static
stm32f3xx_ll_gpio.h:895:22:LL_GPIO_SetOutputPin	16	static
stm32f3xx_ll_gpio.h:924:22:LL_GPIO_ResetOutputPin	16	static
display.c:17:6:resetSegments	8	static
display.c:30:6:setSegments	8	static
display.c:43:6:resetDigits	8	static
display.c:53:6:setDigits	8	static
display.c:62:6:setDecimalPoint	8	static
display.c:68:6:setOne	8	static
display.c:75:6:setTwo	8	static
display.c:85:6:setThree	8	static
display.c:95:6:setFour	8	static
display.c:104:6:setFive	8	static
display.c:114:6:setSix	8	static
display.c:125:6:setSeven	8	static
display.c:133:6:setEight	8	static
display.c:145:6:setNine	8	static
display.c:155:6:setZero	8	static
display.c:166:6:setA	8	static
display.c:177:6:seta	8	static
display.c:188:6:setb	8	static
display.c:198:6:setC	8	static
display.c:207:6:setc	8	static
display.c:215:6:setd	8	static
display.c:225:6:setE	8	static
display.c:235:6:setF	8	static
display.c:244:6:setG	8	static
display.c:254:6:setH	8	static
display.c:264:6:seth	8	static
display.c:273:6:setI	8	static
display.c:280:6:setJ	8	static
display.c:289:6:setL	8	static
display.c:297:6:setn	8	static
display.c:305:6:setO	8	static
display.c:316:6:seto	8	static
display.c:325:6:setP	8	static
display.c:335:6:setq	8	static
display.c:345:6:setr	8	static
display.c:352:6:setS	8	static
display.c:362:6:sett	8	static
display.c:371:6:setU	8	static
display.c:381:6:setu	8	static
display.c:389:6:sety	8	static
display.c:399:6:setK	8	static
display.c:409:6:setM	8	static
display.c:418:6:setV	8	static
display.c:426:6:setW	8	static
display.c:437:6:setX	8	static
display.c:445:6:setZ	8	static
display.c:455:6:setUnderscore	8	static
display.c:466:6:displayNumber	24	static
display.c:482:6:setDigit	16	static
display.c:505:6:updateDisplay	24	static
display.c:698:6:TIM2_IRQHandler	8	static
