stm32f3xx_ll_exti.h:1219:26:LL_EXTI_IsActiveFlag_0_31	16	static
stm32f3xx_ll_exti.h:1336:22:LL_EXTI_ClearFlag_0_31	16	static
stm32f3xx_it.c:38:6:NMI_Handler	4	static
stm32f3xx_it.c:51:6:HardFault_Handler	4	static
stm32f3xx_it.c:66:6:MemManage_Handler	4	static
stm32f3xx_it.c:81:6:BusFault_Handler	4	static
stm32f3xx_it.c:96:6:UsageFault_Handler	4	static
stm32f3xx_it.c:111:6:SVC_Handler	4	static
stm32f3xx_it.c:124:6:DebugMon_Handler	4	static
stm32f3xx_it.c:137:6:PendSV_Handler	4	static
stm32f3xx_it.c:150:6:SysTick_Handler	8	static
stm32f3xx_it.c:161:6:EXTI3_IRQHandler	24	static
stm32f3xx_it.c:182:9:checkButtonState	24	static
